.next/dev/types/validator.ts(432,31): error TS2344: Type 'typeof import("C:/Users/m/Documents/GitHub/sermulher_gestao/src/app/api/files/[id]/route")' does not satisfy the constraint 'RouteHandlerConfig<"/api/files/[id]">'.
  Types of property 'GET' are incompatible.
    Type '(request: NextRequest, { params }: { params: { id: string; }; }) => Promise<NextResponse<unknown>>' is not assignable to type '(request: NextRequest, context: { params: Promise<{ id: string; }>; }) => void | Response | Promise<void | Response>'.
      Types of parameters '__1' and 'context' are incompatible.
        Type '{ params: Promise<{ id: string; }>; }' is not assignable to type '{ params: { id: string; }; }'.
          Types of property 'params' are incompatible.
            Property 'id' is missing in type 'Promise<{ id: string; }>' but required in type '{ id: string; }'.
.next/types/validator.ts(432,31): error TS2344: Type 'typeof import("C:/Users/m/Documents/GitHub/sermulher_gestao/src/app/api/files/[id]/route")' does not satisfy the constraint 'RouteHandlerConfig<"/api/files/[id]">'.
  Types of property 'GET' are incompatible.
    Type '(request: NextRequest, { params }: { params: { id: string; }; }) => Promise<NextResponse<unknown>>' is not assignable to type '(request: NextRequest, context: { params: Promise<{ id: string; }>; }) => void | Response | Promise<void | Response>'.
      Types of parameters '__1' and 'context' are incompatible.
        Type '{ params: Promise<{ id: string; }>; }' is not assignable to type '{ params: { id: string; }; }'.
          Types of property 'params' are incompatible.
            Property 'id' is missing in type 'Promise<{ id: string; }>' but required in type '{ id: string; }'.
src/app/(admin)/app-amar/campanhas/campanha-form.tsx(139,32): error TS2322: Type '{ className: string; }' is not assignable to type 'Omit<LucideProps, "ref">'.
  Types of property 'in' are incompatible.
    Type '(index?: number | undefined) => { readonly _to: { node: string; input: number; }; }' is not assignable to type 'string'.
src/app/(admin)/app-amar/campanhas/campanha-form.tsx(150,12): error TS2578: Unused '@ts-expect-error' directive.
src/app/(admin)/app-amar/campanhas/campanha-form.tsx(155,13): error TS2322: Type '{ src: string; className: string; scrolling: string; allowtransparency: string; allow: string; }' is not assignable to type 'DetailedHTMLProps<IframeHTMLAttributes<HTMLIFrameElement>, HTMLIFrameElement>'.
  Property 'allowtransparency' does not exist on type 'DetailedHTMLProps<IframeHTMLAttributes<HTMLIFrameElement>, HTMLIFrameElement>'. Did you mean 'allowTransparency'?
src/app/(admin)/app-amar/campanhas/campanhas-client.tsx(120,12): error TS2322: Type '{ className: string; }' is not assignable to type 'Omit<LucideProps, "ref">'.
  Types of property 'in' are incompatible.
    Type '(index?: number | undefined) => { readonly _to: { node: string; input: number; }; }' is not assignable to type 'string'.
src/app/(admin)/app-amar/campanhas/campanhas-client.tsx(154,26): error TS2322: Type '{ className: string; }' is not assignable to type 'Omit<LucideProps, "ref">'.
  Types of property 'in' are incompatible.
    Type '(index?: number | undefined) => { readonly _to: { node: string; input: number; }; }' is not assignable to type 'string'.
src/app/(admin)/app-amar/campanhas/campanhas-client.tsx(156,26): error TS2322: Type '{ className: string; }' is not assignable to type 'Omit<LucideProps, "ref">'.
  Types of property 'in' are incompatible.
    Type '(index?: number | undefined) => { readonly _to: { node: string; input: number; }; }' is not assignable to type 'string'.
src/app/(admin)/app-amar/campanhas/campanhas-client.tsx(168,28): error TS2322: Type '{ className: string; }' is not assignable to type 'Omit<LucideProps, "ref">'.
  Types of property 'in' are incompatible.
    Type '(index?: number | undefined) => { readonly _to: { node: string; input: number; }; }' is not assignable to type 'string'.
src/app/(admin)/app-amar/campanhas/campanhas-client.tsx(173,28): error TS2322: Type '{ className: string; }' is not assignable to type 'Omit<LucideProps, "ref">'.
  Types of property 'in' are incompatible.
    Type '(index?: number | undefined) => { readonly _to: { node: string; input: number; }; }' is not assignable to type 'string'.
src/app/(admin)/app-amar/campanhas/campanhas-client.tsx(179,32): error TS2322: Type '{ className: string; }' is not assignable to type 'Omit<LucideProps, "ref">'.
  Types of property 'in' are incompatible.
    Type '(index?: number | undefined) => { readonly _to: { node: string; input: number; }; }' is not assignable to type 'string'.
src/app/(admin)/app-amar/campanhas/campanhas-client.tsx(187,32): error TS2322: Type '{ className: string; }' is not assignable to type 'Omit<LucideProps, "ref">'.
  Types of property 'in' are incompatible.
    Type '(index?: number | undefined) => { readonly _to: { node: string; input: number; }; }' is not assignable to type 'string'.
src/app/(admin)/app-amar/campanhas/campanhas-client.tsx(192,32): error TS2322: Type '{ className: string; }' is not assignable to type 'Omit<LucideProps, "ref">'.
  Types of property 'in' are incompatible.
    Type '(index?: number | undefined) => { readonly _to: { node: string; input: number; }; }' is not assignable to type 'string'.
src/app/(admin)/app-amar/campanhas/campanhas-client.tsx(202,28): error TS2322: Type '{ className: string; }' is not assignable to type 'Omit<LucideProps, "ref">'.
  Types of property 'in' are incompatible.
    Type '(index?: number | undefined) => { readonly _to: { node: string; input: number; }; }' is not assignable to type 'string'.
src/app/(admin)/app-amar/categorias/categoria-form.tsx(26,5): error TS2322: Type 'Resolver<{ nome: string; slug: string; status: "draft" | "published"; icone?: string | undefined; cor_hex?: string | undefined; ordem?: unknown; }, any, { nome: string; slug: string; status: "draft" | "published"; icone?: string | undefined; cor_hex?: string | undefined; ordem?: number | undefined; }>' is not assignable to type 'Resolver<{ nome: string; slug: string; status: "draft" | "published"; icone?: string | undefined; cor_hex?: string | undefined; ordem?: number | undefined; }, any, { nome: string; slug: string; status: "draft" | "published"; icone?: string | undefined; cor_hex?: string | undefined; ordem?: number | undefined; }>'.
  Types of parameters 'options' and 'options' are incompatible.
    Type 'ResolverOptions<{ nome: string; slug: string; status: "draft" | "published"; icone?: string | undefined; cor_hex?: string | undefined; ordem?: number | undefined; }>' is not assignable to type 'ResolverOptions<{ nome: string; slug: string; status: "draft" | "published"; icone?: string | undefined; cor_hex?: string | undefined; ordem?: unknown; }>'.
      Type 'unknown' is not assignable to type 'number | undefined'.
src/app/(admin)/app-amar/categorias/categoria-form.tsx(81,41): error TS2345: Argument of type '(values: CategoriaFormValues) => void' is not assignable to parameter of type 'SubmitHandler<TFieldValues>'.
  Types of parameters 'values' and 'data' are incompatible.
    Type 'TFieldValues' is not assignable to type '{ nome: string; slug: string; status: "draft" | "published"; icone?: string | undefined; cor_hex?: string | undefined; ordem?: number | undefined; }'.
      Type 'FieldValues' is missing the following properties from type '{ nome: string; slug: string; status: "draft" | "published"; icone?: string | undefined; cor_hex?: string | undefined; ordem?: number | undefined; }': nome, slug, status
src/app/(admin)/app-amar/categorias/categoria-form.tsx(83,11): error TS2322: Type 'Control<{ nome: string; slug: string; status: "draft" | "published"; icone?: string | undefined; cor_hex?: string | undefined; ordem?: number | undefined; }, any, TFieldValues>' is not assignable to type 'Control<{ nome: string; slug: string; status: "draft" | "published"; icone?: string | undefined; cor_hex?: string | undefined; ordem?: number | undefined; }, any, { nome: string; slug: string; status: "draft" | "published"; icone?: string | undefined; cor_hex?: string | undefined; ordem?: number | undefined; }>'.
  The types of '_options.resolver' are incompatible between these types.
    Type 'Resolver<{ nome: string; slug: string; status: "draft" | "published"; icone?: string | undefined; cor_hex?: string | undefined; ordem?: number | undefined; }, any, TFieldValues> | undefined' is not assignable to type 'Resolver<{ nome: string; slug: string; status: "draft" | "published"; icone?: string | undefined; cor_hex?: string | undefined; ordem?: number | undefined; }, any, { nome: string; slug: string; status: "draft" | "published"; icone?: string | undefined; cor_hex?: string | undefined; ordem?: number | undefined; }> | u...'.
      Type 'Resolver<{ nome: string; slug: string; status: "draft" | "published"; icone?: string | undefined; cor_hex?: string | undefined; ordem?: number | undefined; }, any, TFieldValues>' is not assignable to type 'Resolver<{ nome: string; slug: string; status: "draft" | "published"; icone?: string | undefined; cor_hex?: string | undefined; ordem?: number | undefined; }, any, { nome: string; slug: string; status: "draft" | "published"; icone?: string | undefined; cor_hex?: string | undefined; ordem?: number | undefined; }>'.
        Type 'ResolverResult<{ nome: string; slug: string; status: "draft" | "published"; icone?: string | undefined; cor_hex?: string | undefined; ordem?: number | undefined; }, TFieldValues> | Promise<...>' is not assignable to type 'ResolverResult<{ nome: string; slug: string; status: "draft" | "published"; icone?: string | undefined; cor_hex?: string | undefined; ordem?: number | undefined; }, { nome: string; slug: string; status: "draft" | "published"; icone?: string | undefined; cor_hex?: string | undefined; ordem?: number | undefined; }> | ...'.
          Type 'ResolverSuccess<TFieldValues>' is not assignable to type 'ResolverResult<{ nome: string; slug: string; status: "draft" | "published"; icone?: string | undefined; cor_hex?: string | undefined; ordem?: number | undefined; }, { nome: string; slug: string; status: "draft" | "published"; icone?: string | undefined; cor_hex?: string | undefined; ordem?: number | undefined; }> | ...'.
            Type 'ResolverSuccess<TFieldValues>' is not assignable to type 'ResolverSuccess<{ nome: string; slug: string; status: "draft" | "published"; icone?: string | undefined; cor_hex?: string | undefined; ordem?: number | undefined; }>'.
              Type 'TFieldValues' is not assignable to type '{ nome: string; slug: string; status: "draft" | "published"; icone?: string | undefined; cor_hex?: string | undefined; ordem?: number | undefined; }'.
                Type 'FieldValues' is missing the following properties from type '{ nome: string; slug: string; status: "draft" | "published"; icone?: string | undefined; cor_hex?: string | undefined; ordem?: number | undefined; }': nome, slug, status
src/app/(admin)/app-amar/categorias/categoria-form.tsx(97,11): error TS2322: Type 'Control<{ nome: string; slug: string; status: "draft" | "published"; icone?: string | undefined; cor_hex?: string | undefined; ordem?: number | undefined; }, any, TFieldValues>' is not assignable to type 'Control<{ nome: string; slug: string; status: "draft" | "published"; icone?: string | undefined; cor_hex?: string | undefined; ordem?: number | undefined; }, any, { nome: string; slug: string; status: "draft" | "published"; icone?: string | undefined; cor_hex?: string | undefined; ordem?: number | undefined; }>'.
  The types of '_options.resolver' are incompatible between these types.
    Type 'Resolver<{ nome: string; slug: string; status: "draft" | "published"; icone?: string | undefined; cor_hex?: string | undefined; ordem?: number | undefined; }, any, TFieldValues> | undefined' is not assignable to type 'Resolver<{ nome: string; slug: string; status: "draft" | "published"; icone?: string | undefined; cor_hex?: string | undefined; ordem?: number | undefined; }, any, { nome: string; slug: string; status: "draft" | "published"; icone?: string | undefined; cor_hex?: string | undefined; ordem?: number | undefined; }> | u...'.
      Type 'Resolver<{ nome: string; slug: string; status: "draft" | "published"; icone?: string | undefined; cor_hex?: string | undefined; ordem?: number | undefined; }, any, TFieldValues>' is not assignable to type 'Resolver<{ nome: string; slug: string; status: "draft" | "published"; icone?: string | undefined; cor_hex?: string | undefined; ordem?: number | undefined; }, any, { nome: string; slug: string; status: "draft" | "published"; icone?: string | undefined; cor_hex?: string | undefined; ordem?: number | undefined; }>'.
        Type 'ResolverResult<{ nome: string; slug: string; status: "draft" | "published"; icone?: string | undefined; cor_hex?: string | undefined; ordem?: number | undefined; }, TFieldValues> | Promise<...>' is not assignable to type 'ResolverResult<{ nome: string; slug: string; status: "draft" | "published"; icone?: string | undefined; cor_hex?: string | undefined; ordem?: number | undefined; }, { nome: string; slug: string; status: "draft" | "published"; icone?: string | undefined; cor_hex?: string | undefined; ordem?: number | undefined; }> | ...'.
          Type 'ResolverSuccess<TFieldValues>' is not assignable to type 'ResolverResult<{ nome: string; slug: string; status: "draft" | "published"; icone?: string | undefined; cor_hex?: string | undefined; ordem?: number | undefined; }, { nome: string; slug: string; status: "draft" | "published"; icone?: string | undefined; cor_hex?: string | undefined; ordem?: number | undefined; }> | ...'.
            Type 'ResolverSuccess<TFieldValues>' is not assignable to type 'ResolverSuccess<{ nome: string; slug: string; status: "draft" | "published"; icone?: string | undefined; cor_hex?: string | undefined; ordem?: number | undefined; }>'.
              Type 'TFieldValues' is not assignable to type '{ nome: string; slug: string; status: "draft" | "published"; icone?: string | undefined; cor_hex?: string | undefined; ordem?: number | undefined; }'.
                Type 'FieldValues' is missing the following properties from type '{ nome: string; slug: string; status: "draft" | "published"; icone?: string | undefined; cor_hex?: string | undefined; ordem?: number | undefined; }': nome, slug, status
src/app/(admin)/app-amar/categorias/categoria-form.tsx(112,13): error TS2322: Type 'Control<{ nome: string; slug: string; status: "draft" | "published"; icone?: string | undefined; cor_hex?: string | undefined; ordem?: number | undefined; }, any, TFieldValues>' is not assignable to type 'Control<{ nome: string; slug: string; status: "draft" | "published"; icone?: string | undefined; cor_hex?: string | undefined; ordem?: number | undefined; }, any, { nome: string; slug: string; status: "draft" | "published"; icone?: string | undefined; cor_hex?: string | undefined; ordem?: number | undefined; }>'.
  The types of '_options.resolver' are incompatible between these types.
    Type 'Resolver<{ nome: string; slug: string; status: "draft" | "published"; icone?: string | undefined; cor_hex?: string | undefined; ordem?: number | undefined; }, any, TFieldValues> | undefined' is not assignable to type 'Resolver<{ nome: string; slug: string; status: "draft" | "published"; icone?: string | undefined; cor_hex?: string | undefined; ordem?: number | undefined; }, any, { nome: string; slug: string; status: "draft" | "published"; icone?: string | undefined; cor_hex?: string | undefined; ordem?: number | undefined; }> | u...'.
      Type 'Resolver<{ nome: string; slug: string; status: "draft" | "published"; icone?: string | undefined; cor_hex?: string | undefined; ordem?: number | undefined; }, any, TFieldValues>' is not assignable to type 'Resolver<{ nome: string; slug: string; status: "draft" | "published"; icone?: string | undefined; cor_hex?: string | undefined; ordem?: number | undefined; }, any, { nome: string; slug: string; status: "draft" | "published"; icone?: string | undefined; cor_hex?: string | undefined; ordem?: number | undefined; }>'.
        Type 'ResolverResult<{ nome: string; slug: string; status: "draft" | "published"; icone?: string | undefined; cor_hex?: string | undefined; ordem?: number | undefined; }, TFieldValues> | Promise<...>' is not assignable to type 'ResolverResult<{ nome: string; slug: string; status: "draft" | "published"; icone?: string | undefined; cor_hex?: string | undefined; ordem?: number | undefined; }, { nome: string; slug: string; status: "draft" | "published"; icone?: string | undefined; cor_hex?: string | undefined; ordem?: number | undefined; }> | ...'.
          Type 'ResolverSuccess<TFieldValues>' is not assignable to type 'ResolverResult<{ nome: string; slug: string; status: "draft" | "published"; icone?: string | undefined; cor_hex?: string | undefined; ordem?: number | undefined; }, { nome: string; slug: string; status: "draft" | "published"; icone?: string | undefined; cor_hex?: string | undefined; ordem?: number | undefined; }> | ...'.
            Type 'ResolverSuccess<TFieldValues>' is not assignable to type 'ResolverSuccess<{ nome: string; slug: string; status: "draft" | "published"; icone?: string | undefined; cor_hex?: string | undefined; ordem?: number | undefined; }>'.
              Type 'TFieldValues' is not assignable to type '{ nome: string; slug: string; status: "draft" | "published"; icone?: string | undefined; cor_hex?: string | undefined; ordem?: number | undefined; }'.
                Type 'FieldValues' is missing the following properties from type '{ nome: string; slug: string; status: "draft" | "published"; icone?: string | undefined; cor_hex?: string | undefined; ordem?: number | undefined; }': nome, slug, status
src/app/(admin)/app-amar/categorias/categoria-form.tsx(126,13): error TS2322: Type 'Control<{ nome: string; slug: string; status: "draft" | "published"; icone?: string | undefined; cor_hex?: string | undefined; ordem?: number | undefined; }, any, TFieldValues>' is not assignable to type 'Control<{ nome: string; slug: string; status: "draft" | "published"; icone?: string | undefined; cor_hex?: string | undefined; ordem?: number | undefined; }, any, { nome: string; slug: string; status: "draft" | "published"; icone?: string | undefined; cor_hex?: string | undefined; ordem?: number | undefined; }>'.
  The types of '_options.resolver' are incompatible between these types.
    Type 'Resolver<{ nome: string; slug: string; status: "draft" | "published"; icone?: string | undefined; cor_hex?: string | undefined; ordem?: number | undefined; }, any, TFieldValues> | undefined' is not assignable to type 'Resolver<{ nome: string; slug: string; status: "draft" | "published"; icone?: string | undefined; cor_hex?: string | undefined; ordem?: number | undefined; }, any, { nome: string; slug: string; status: "draft" | "published"; icone?: string | undefined; cor_hex?: string | undefined; ordem?: number | undefined; }> | u...'.
      Type 'Resolver<{ nome: string; slug: string; status: "draft" | "published"; icone?: string | undefined; cor_hex?: string | undefined; ordem?: number | undefined; }, any, TFieldValues>' is not assignable to type 'Resolver<{ nome: string; slug: string; status: "draft" | "published"; icone?: string | undefined; cor_hex?: string | undefined; ordem?: number | undefined; }, any, { nome: string; slug: string; status: "draft" | "published"; icone?: string | undefined; cor_hex?: string | undefined; ordem?: number | undefined; }>'.
        Type 'ResolverResult<{ nome: string; slug: string; status: "draft" | "published"; icone?: string | undefined; cor_hex?: string | undefined; ordem?: number | undefined; }, TFieldValues> | Promise<...>' is not assignable to type 'ResolverResult<{ nome: string; slug: string; status: "draft" | "published"; icone?: string | undefined; cor_hex?: string | undefined; ordem?: number | undefined; }, { nome: string; slug: string; status: "draft" | "published"; icone?: string | undefined; cor_hex?: string | undefined; ordem?: number | undefined; }> | ...'.
          Type 'ResolverSuccess<TFieldValues>' is not assignable to type 'ResolverResult<{ nome: string; slug: string; status: "draft" | "published"; icone?: string | undefined; cor_hex?: string | undefined; ordem?: number | undefined; }, { nome: string; slug: string; status: "draft" | "published"; icone?: string | undefined; cor_hex?: string | undefined; ordem?: number | undefined; }> | ...'.
            Type 'ResolverSuccess<TFieldValues>' is not assignable to type 'ResolverSuccess<{ nome: string; slug: string; status: "draft" | "published"; icone?: string | undefined; cor_hex?: string | undefined; ordem?: number | undefined; }>'.
              Type 'TFieldValues' is not assignable to type '{ nome: string; slug: string; status: "draft" | "published"; icone?: string | undefined; cor_hex?: string | undefined; ordem?: number | undefined; }'.
                Type 'FieldValues' is missing the following properties from type '{ nome: string; slug: string; status: "draft" | "published"; icone?: string | undefined; cor_hex?: string | undefined; ordem?: number | undefined; }': nome, slug, status
src/app/(admin)/app-amar/categorias/categoria-form.tsx(145,13): error TS2322: Type 'Control<{ nome: string; slug: string; status: "draft" | "published"; icone?: string | undefined; cor_hex?: string | undefined; ordem?: number | undefined; }, any, TFieldValues>' is not assignable to type 'Control<{ nome: string; slug: string; status: "draft" | "published"; icone?: string | undefined; cor_hex?: string | undefined; ordem?: number | undefined; }, any, { nome: string; slug: string; status: "draft" | "published"; icone?: string | undefined; cor_hex?: string | undefined; ordem?: number | undefined; }>'.
  The types of '_options.resolver' are incompatible between these types.
    Type 'Resolver<{ nome: string; slug: string; status: "draft" | "published"; icone?: string | undefined; cor_hex?: string | undefined; ordem?: number | undefined; }, any, TFieldValues> | undefined' is not assignable to type 'Resolver<{ nome: string; slug: string; status: "draft" | "published"; icone?: string | undefined; cor_hex?: string | undefined; ordem?: number | undefined; }, any, { nome: string; slug: string; status: "draft" | "published"; icone?: string | undefined; cor_hex?: string | undefined; ordem?: number | undefined; }> | u...'.
      Type 'Resolver<{ nome: string; slug: string; status: "draft" | "published"; icone?: string | undefined; cor_hex?: string | undefined; ordem?: number | undefined; }, any, TFieldValues>' is not assignable to type 'Resolver<{ nome: string; slug: string; status: "draft" | "published"; icone?: string | undefined; cor_hex?: string | undefined; ordem?: number | undefined; }, any, { nome: string; slug: string; status: "draft" | "published"; icone?: string | undefined; cor_hex?: string | undefined; ordem?: number | undefined; }>'.
        Type 'ResolverResult<{ nome: string; slug: string; status: "draft" | "published"; icone?: string | undefined; cor_hex?: string | undefined; ordem?: number | undefined; }, TFieldValues> | Promise<...>' is not assignable to type 'ResolverResult<{ nome: string; slug: string; status: "draft" | "published"; icone?: string | undefined; cor_hex?: string | undefined; ordem?: number | undefined; }, { nome: string; slug: string; status: "draft" | "published"; icone?: string | undefined; cor_hex?: string | undefined; ordem?: number | undefined; }> | ...'.
          Type 'ResolverSuccess<TFieldValues>' is not assignable to type 'ResolverResult<{ nome: string; slug: string; status: "draft" | "published"; icone?: string | undefined; cor_hex?: string | undefined; ordem?: number | undefined; }, { nome: string; slug: string; status: "draft" | "published"; icone?: string | undefined; cor_hex?: string | undefined; ordem?: number | undefined; }> | ...'.
            Type 'ResolverSuccess<TFieldValues>' is not assignable to type 'ResolverSuccess<{ nome: string; slug: string; status: "draft" | "published"; icone?: string | undefined; cor_hex?: string | undefined; ordem?: number | undefined; }>'.
              Type 'TFieldValues' is not assignable to type '{ nome: string; slug: string; status: "draft" | "published"; icone?: string | undefined; cor_hex?: string | undefined; ordem?: number | undefined; }'.
                Type 'FieldValues' is missing the following properties from type '{ nome: string; slug: string; status: "draft" | "published"; icone?: string | undefined; cor_hex?: string | undefined; ordem?: number | undefined; }': nome, slug, status
src/app/(admin)/app-amar/categorias/categoria-form.tsx(159,13): error TS2322: Type 'Control<{ nome: string; slug: string; status: "draft" | "published"; icone?: string | undefined; cor_hex?: string | undefined; ordem?: number | undefined; }, any, TFieldValues>' is not assignable to type 'Control<{ nome: string; slug: string; status: "draft" | "published"; icone?: string | undefined; cor_hex?: string | undefined; ordem?: number | undefined; }, any, { nome: string; slug: string; status: "draft" | "published"; icone?: string | undefined; cor_hex?: string | undefined; ordem?: number | undefined; }>'.
  The types of '_options.resolver' are incompatible between these types.
    Type 'Resolver<{ nome: string; slug: string; status: "draft" | "published"; icone?: string | undefined; cor_hex?: string | undefined; ordem?: number | undefined; }, any, TFieldValues> | undefined' is not assignable to type 'Resolver<{ nome: string; slug: string; status: "draft" | "published"; icone?: string | undefined; cor_hex?: string | undefined; ordem?: number | undefined; }, any, { nome: string; slug: string; status: "draft" | "published"; icone?: string | undefined; cor_hex?: string | undefined; ordem?: number | undefined; }> | u...'.
      Type 'Resolver<{ nome: string; slug: string; status: "draft" | "published"; icone?: string | undefined; cor_hex?: string | undefined; ordem?: number | undefined; }, any, TFieldValues>' is not assignable to type 'Resolver<{ nome: string; slug: string; status: "draft" | "published"; icone?: string | undefined; cor_hex?: string | undefined; ordem?: number | undefined; }, any, { nome: string; slug: string; status: "draft" | "published"; icone?: string | undefined; cor_hex?: string | undefined; ordem?: number | undefined; }>'.
        Type 'ResolverResult<{ nome: string; slug: string; status: "draft" | "published"; icone?: string | undefined; cor_hex?: string | undefined; ordem?: number | undefined; }, TFieldValues> | Promise<...>' is not assignable to type 'ResolverResult<{ nome: string; slug: string; status: "draft" | "published"; icone?: string | undefined; cor_hex?: string | undefined; ordem?: number | undefined; }, { nome: string; slug: string; status: "draft" | "published"; icone?: string | undefined; cor_hex?: string | undefined; ordem?: number | undefined; }> | ...'.
          Type 'ResolverSuccess<TFieldValues>' is not assignable to type 'ResolverResult<{ nome: string; slug: string; status: "draft" | "published"; icone?: string | undefined; cor_hex?: string | undefined; ordem?: number | undefined; }, { nome: string; slug: string; status: "draft" | "published"; icone?: string | undefined; cor_hex?: string | undefined; ordem?: number | undefined; }> | ...'.
            Type 'ResolverSuccess<TFieldValues>' is not assignable to type 'ResolverSuccess<{ nome: string; slug: string; status: "draft" | "published"; icone?: string | undefined; cor_hex?: string | undefined; ordem?: number | undefined; }>'.
              Type 'TFieldValues' is not assignable to type '{ nome: string; slug: string; status: "draft" | "published"; icone?: string | undefined; cor_hex?: string | undefined; ordem?: number | undefined; }'.
                Type 'FieldValues' is missing the following properties from type '{ nome: string; slug: string; status: "draft" | "published"; icone?: string | undefined; cor_hex?: string | undefined; ordem?: number | undefined; }': nome, slug, status
src/app/(admin)/app-amar/categorias/categoria-form.tsx(188,28): error TS2322: Type '{ className: string; }' is not assignable to type 'Omit<LucideProps, "ref">'.
  Types of property 'in' are incompatible.
    Type '(index?: number | undefined) => { readonly _to: { node: string; input: number; }; }' is not assignable to type 'string'.
src/app/(admin)/app-amar/categorias/categorias-client.tsx(123,12): error TS2322: Type '{ className: string; }' is not assignable to type 'Omit<LucideProps, "ref">'.
  Types of property 'in' are incompatible.
    Type '(index?: number | undefined) => { readonly _to: { node: string; input: number; }; }' is not assignable to type 'string'.
src/app/(admin)/app-amar/categorias/categorias-client.tsx(172,28): error TS2322: Type '{ className: string; }' is not assignable to type 'Omit<LucideProps, "ref">'.
  Types of property 'in' are incompatible.
    Type '(index?: number | undefined) => { readonly _to: { node: string; input: number; }; }' is not assignable to type 'string'.
src/app/(admin)/app-amar/categorias/categorias-client.tsx(177,28): error TS2322: Type '{ className: string; }' is not assignable to type 'Omit<LucideProps, "ref">'.
  Types of property 'in' are incompatible.
    Type '(index?: number | undefined) => { readonly _to: { node: string; input: number; }; }' is not assignable to type 'string'.
src/app/(admin)/app-amar/categorias/categorias-client.tsx(183,32): error TS2322: Type '{ className: string; }' is not assignable to type 'Omit<LucideProps, "ref">'.
  Types of property 'in' are incompatible.
    Type '(index?: number | undefined) => { readonly _to: { node: string; input: number; }; }' is not assignable to type 'string'.
src/app/(admin)/app-amar/categorias/categorias-client.tsx(188,32): error TS2322: Type '{ className: string; }' is not assignable to type 'Omit<LucideProps, "ref">'.
  Types of property 'in' are incompatible.
    Type '(index?: number | undefined) => { readonly _to: { node: string; input: number; }; }' is not assignable to type 'string'.
src/app/(admin)/app-amar/categorias/categorias-client.tsx(198,28): error TS2322: Type '{ className: string; }' is not assignable to type 'Omit<LucideProps, "ref">'.
  Types of property 'in' are incompatible.
    Type '(index?: number | undefined) => { readonly _to: { node: string; input: number; }; }' is not assignable to type 'string'.
src/app/(admin)/app-amar/contatos/contatos-client.tsx(98,24): error TS2322: Type '{ className: string; }' is not assignable to type 'Omit<LucideProps, "ref">'.
  Types of property 'in' are incompatible.
    Type '(index?: number | undefined) => { readonly _to: { node: string; input: number; }; }' is not assignable to type 'string'.
src/app/(admin)/app-amar/contatos/page.tsx(22,14): error TS2322: Type '{ className: string; }' is not assignable to type 'Omit<LucideProps, "ref">'.
  Types of property 'in' are incompatible.
    Type '(index?: number | undefined) => { readonly _to: { node: string; input: number; }; }' is not assignable to type 'string'.
src/app/(admin)/app-amar/cursos/curso-form.tsx(44,5): error TS2322: Type 'Resolver<{ titulo?: string | undefined; descricao?: string | undefined; data?: string | undefined; horario?: string | undefined; local?: string | undefined; vagas?: unknown; status_curso?: string | undefined; requisitos?: string | undefined; }, any, { ...; }>' is not assignable to type 'Resolver<{ titulo?: string | undefined; descricao?: string | undefined; data?: string | undefined; horario?: string | undefined; local?: string | undefined; vagas?: number | undefined; status_curso?: string | undefined; requisitos?: string | undefined; }, any, { ...; }>'.
  Types of parameters 'options' and 'options' are incompatible.
    Type 'ResolverOptions<{ titulo?: string | undefined; descricao?: string | undefined; data?: string | undefined; horario?: string | undefined; local?: string | undefined; vagas?: number | undefined; status_curso?: string | undefined; requisitos?: string | undefined; }>' is not assignable to type 'ResolverOptions<{ titulo?: string | undefined; descricao?: string | undefined; data?: string | undefined; horario?: string | undefined; local?: string | undefined; vagas?: unknown; status_curso?: string | undefined; requisitos?: string | undefined; }>'.
      Type 'unknown' is not assignable to type 'number | undefined'.
src/app/(admin)/app-amar/cursos/curso-form.tsx(260,28): error TS2322: Type '{ className: string; }' is not assignable to type 'Omit<LucideProps, "ref">'.
  Types of property 'in' are incompatible.
    Type '(index?: number | undefined) => { readonly _to: { node: string; input: number; }; }' is not assignable to type 'string'.
src/app/(admin)/app-amar/cursos/cursos-client.tsx(119,12): error TS2322: Type '{ className: string; }' is not assignable to type 'Omit<LucideProps, "ref">'.
  Types of property 'in' are incompatible.
    Type '(index?: number | undefined) => { readonly _to: { node: string; input: number; }; }' is not assignable to type 'string'.
src/app/(admin)/app-amar/cursos/cursos-client.tsx(166,28): error TS2322: Type '{ className: string; }' is not assignable to type 'Omit<LucideProps, "ref">'.
  Types of property 'in' are incompatible.
    Type '(index?: number | undefined) => { readonly _to: { node: string; input: number; }; }' is not assignable to type 'string'.
src/app/(admin)/app-amar/cursos/cursos-client.tsx(171,28): error TS2322: Type '{ className: string; }' is not assignable to type 'Omit<LucideProps, "ref">'.
  Types of property 'in' are incompatible.
    Type '(index?: number | undefined) => { readonly _to: { node: string; input: number; }; }' is not assignable to type 'string'.
src/app/(admin)/app-amar/cursos/cursos-client.tsx(180,28): error TS2322: Type '{ className: string; }' is not assignable to type 'Omit<LucideProps, "ref">'.
  Types of property 'in' are incompatible.
    Type '(index?: number | undefined) => { readonly _to: { node: string; input: number; }; }' is not assignable to type 'string'.
src/app/(admin)/app-amar/cursos/page.tsx(22,14): error TS2322: Type '{ className: string; }' is not assignable to type 'Omit<LucideProps, "ref">'.
  Types of property 'in' are incompatible.
    Type '(index?: number | undefined) => { readonly _to: { node: string; input: number; }; }' is not assignable to type 'string'.
src/app/(admin)/app-amar/page.tsx(135,20): error TS2322: Type '{ className: string; }' is not assignable to type 'Omit<LucideProps, "ref">'.
  Types of property 'in' are incompatible.
    Type '(index?: number | undefined) => { readonly _to: { node: string; input: number; }; }' is not assignable to type 'string'.
src/app/(admin)/app-amar/page.tsx(146,22): error TS2322: Type '{ className: string; }' is not assignable to type 'Omit<LucideProps, "ref">'.
  Types of property 'in' are incompatible.
    Type '(index?: number | undefined) => { readonly _to: { node: string; input: number; }; }' is not assignable to type 'string'.
src/app/(admin)/app-amar/projetos/page.tsx(22,14): error TS2322: Type '{ className: string; }' is not assignable to type 'Omit<LucideProps, "ref">'.
  Types of property 'in' are incompatible.
    Type '(index?: number | undefined) => { readonly _to: { node: string; input: number; }; }' is not assignable to type 'string'.
src/app/(admin)/app-amar/projetos/projeto-form.tsx(44,5): error TS2322: Type 'Resolver<{ status: "draft" | "published"; titulo: string; ordem?: unknown; descricao?: string | undefined; imagem_capa?: string | undefined; link_destino?: string | undefined; tipo_link?: string | undefined; link_imagem?: string | undefined; }, any, { ...; }>' is not assignable to type 'Resolver<{ status: "draft" | "published"; titulo: string; ordem?: number | undefined; descricao?: string | undefined; imagem_capa?: string | undefined; link_destino?: string | undefined; tipo_link?: string | undefined; link_imagem?: string | undefined; }, any, { ...; }>'.
  Types of parameters 'options' and 'options' are incompatible.
    Type 'ResolverOptions<{ status: "draft" | "published"; titulo: string; ordem?: number | undefined; descricao?: string | undefined; imagem_capa?: string | undefined; link_destino?: string | undefined; tipo_link?: string | undefined; link_imagem?: string | undefined; }>' is not assignable to type 'ResolverOptions<{ status: "draft" | "published"; titulo: string; ordem?: unknown; descricao?: string | undefined; imagem_capa?: string | undefined; link_destino?: string | undefined; tipo_link?: string | undefined; link_imagem?: string | undefined; }>'.
      Type 'unknown' is not assignable to type 'number | undefined'.
src/app/(admin)/app-amar/projetos/projeto-form.tsx(83,41): error TS2345: Argument of type '(values: ProjetoFormValues) => void' is not assignable to parameter of type 'SubmitHandler<TFieldValues>'.
  Types of parameters 'values' and 'data' are incompatible.
    Type 'TFieldValues' is not assignable to type '{ status: "draft" | "published"; titulo: string; ordem?: number | undefined; descricao?: string | undefined; imagem_capa?: string | undefined; link_destino?: string | undefined; tipo_link?: string | undefined; link_imagem?: string | undefined; }'.
      Type 'FieldValues' is missing the following properties from type '{ status: "draft" | "published"; titulo: string; ordem?: number | undefined; descricao?: string | undefined; imagem_capa?: string | undefined; link_destino?: string | undefined; tipo_link?: string | undefined; link_imagem?: string | undefined; }': status, titulo
src/app/(admin)/app-amar/projetos/projeto-form.tsx(86,13): error TS2322: Type 'Control<{ status: "draft" | "published"; titulo: string; ordem?: number | undefined; descricao?: string | undefined; imagem_capa?: string | undefined; link_destino?: string | undefined; tipo_link?: string | undefined; link_imagem?: string | undefined; }, any, TFieldValues>' is not assignable to type 'Control<{ status: "draft" | "published"; titulo: string; ordem?: number | undefined; descricao?: string | undefined; imagem_capa?: string | undefined; link_destino?: string | undefined; tipo_link?: string | undefined; link_imagem?: string | undefined; }, any, { ...; }>'.
  The types of '_options.resolver' are incompatible between these types.
    Type 'Resolver<{ status: "draft" | "published"; titulo: string; ordem?: number | undefined; descricao?: string | undefined; imagem_capa?: string | undefined; link_destino?: string | undefined; tipo_link?: string | undefined; link_imagem?: string | undefined; }, any, TFieldValues> | undefined' is not assignable to type 'Resolver<{ status: "draft" | "published"; titulo: string; ordem?: number | undefined; descricao?: string | undefined; imagem_capa?: string | undefined; link_destino?: string | undefined; tipo_link?: string | undefined; link_imagem?: string | undefined; }, any, { ...; }> | undefined'.
      Type 'Resolver<{ status: "draft" | "published"; titulo: string; ordem?: number | undefined; descricao?: string | undefined; imagem_capa?: string | undefined; link_destino?: string | undefined; tipo_link?: string | undefined; link_imagem?: string | undefined; }, any, TFieldValues>' is not assignable to type 'Resolver<{ status: "draft" | "published"; titulo: string; ordem?: number | undefined; descricao?: string | undefined; imagem_capa?: string | undefined; link_destino?: string | undefined; tipo_link?: string | undefined; link_imagem?: string | undefined; }, any, { ...; }>'.
        Type 'ResolverResult<{ status: "draft" | "published"; titulo: string; ordem?: number | undefined; descricao?: string | undefined; imagem_capa?: string | undefined; link_destino?: string | undefined; tipo_link?: string | undefined; link_imagem?: string | undefined; }, TFieldValues> | Promise<...>' is not assignable to type 'ResolverResult<{ status: "draft" | "published"; titulo: string; ordem?: number | undefined; descricao?: string | undefined; imagem_capa?: string | undefined; link_destino?: string | undefined; tipo_link?: string | undefined; link_imagem?: string | undefined; }, { ...; }> | Promise<...>'.
          Type 'ResolverSuccess<TFieldValues>' is not assignable to type 'ResolverResult<{ status: "draft" | "published"; titulo: string; ordem?: number | undefined; descricao?: string | undefined; imagem_capa?: string | undefined; link_destino?: string | undefined; tipo_link?: string | undefined; link_imagem?: string | undefined; }, { ...; }> | Promise<...>'.
            Type 'ResolverSuccess<TFieldValues>' is not assignable to type 'ResolverSuccess<{ status: "draft" | "published"; titulo: string; ordem?: number | undefined; descricao?: string | undefined; imagem_capa?: string | undefined; link_destino?: string | undefined; tipo_link?: string | undefined; link_imagem?: string | undefined; }>'.
              Type 'TFieldValues' is not assignable to type '{ status: "draft" | "published"; titulo: string; ordem?: number | undefined; descricao?: string | undefined; imagem_capa?: string | undefined; link_destino?: string | undefined; tipo_link?: string | undefined; link_imagem?: string | undefined; }'.
                Type 'FieldValues' is missing the following properties from type '{ status: "draft" | "published"; titulo: string; ordem?: number | undefined; descricao?: string | undefined; imagem_capa?: string | undefined; link_destino?: string | undefined; tipo_link?: string | undefined; link_imagem?: string | undefined; }': status, titulo
src/app/(admin)/app-amar/projetos/projeto-form.tsx(100,13): error TS2322: Type 'Control<{ status: "draft" | "published"; titulo: string; ordem?: number | undefined; descricao?: string | undefined; imagem_capa?: string | undefined; link_destino?: string | undefined; tipo_link?: string | undefined; link_imagem?: string | undefined; }, any, TFieldValues>' is not assignable to type 'Control<{ status: "draft" | "published"; titulo: string; ordem?: number | undefined; descricao?: string | undefined; imagem_capa?: string | undefined; link_destino?: string | undefined; tipo_link?: string | undefined; link_imagem?: string | undefined; }, any, { ...; }>'.
  The types of '_options.resolver' are incompatible between these types.
    Type 'Resolver<{ status: "draft" | "published"; titulo: string; ordem?: number | undefined; descricao?: string | undefined; imagem_capa?: string | undefined; link_destino?: string | undefined; tipo_link?: string | undefined; link_imagem?: string | undefined; }, any, TFieldValues> | undefined' is not assignable to type 'Resolver<{ status: "draft" | "published"; titulo: string; ordem?: number | undefined; descricao?: string | undefined; imagem_capa?: string | undefined; link_destino?: string | undefined; tipo_link?: string | undefined; link_imagem?: string | undefined; }, any, { ...; }> | undefined'.
      Type 'Resolver<{ status: "draft" | "published"; titulo: string; ordem?: number | undefined; descricao?: string | undefined; imagem_capa?: string | undefined; link_destino?: string | undefined; tipo_link?: string | undefined; link_imagem?: string | undefined; }, any, TFieldValues>' is not assignable to type 'Resolver<{ status: "draft" | "published"; titulo: string; ordem?: number | undefined; descricao?: string | undefined; imagem_capa?: string | undefined; link_destino?: string | undefined; tipo_link?: string | undefined; link_imagem?: string | undefined; }, any, { ...; }>'.
        Type 'ResolverResult<{ status: "draft" | "published"; titulo: string; ordem?: number | undefined; descricao?: string | undefined; imagem_capa?: string | undefined; link_destino?: string | undefined; tipo_link?: string | undefined; link_imagem?: string | undefined; }, TFieldValues> | Promise<...>' is not assignable to type 'ResolverResult<{ status: "draft" | "published"; titulo: string; ordem?: number | undefined; descricao?: string | undefined; imagem_capa?: string | undefined; link_destino?: string | undefined; tipo_link?: string | undefined; link_imagem?: string | undefined; }, { ...; }> | Promise<...>'.
          Type 'ResolverSuccess<TFieldValues>' is not assignable to type 'ResolverResult<{ status: "draft" | "published"; titulo: string; ordem?: number | undefined; descricao?: string | undefined; imagem_capa?: string | undefined; link_destino?: string | undefined; tipo_link?: string | undefined; link_imagem?: string | undefined; }, { ...; }> | Promise<...>'.
            Type 'ResolverSuccess<TFieldValues>' is not assignable to type 'ResolverSuccess<{ status: "draft" | "published"; titulo: string; ordem?: number | undefined; descricao?: string | undefined; imagem_capa?: string | undefined; link_destino?: string | undefined; tipo_link?: string | undefined; link_imagem?: string | undefined; }>'.
              Type 'TFieldValues' is not assignable to type '{ status: "draft" | "published"; titulo: string; ordem?: number | undefined; descricao?: string | undefined; imagem_capa?: string | undefined; link_destino?: string | undefined; tipo_link?: string | undefined; link_imagem?: string | undefined; }'.
                Type 'FieldValues' is missing the following properties from type '{ status: "draft" | "published"; titulo: string; ordem?: number | undefined; descricao?: string | undefined; imagem_capa?: string | undefined; link_destino?: string | undefined; tipo_link?: string | undefined; link_imagem?: string | undefined; }': status, titulo
src/app/(admin)/app-amar/projetos/projeto-form.tsx(129,11): error TS2322: Type 'Control<{ status: "draft" | "published"; titulo: string; ordem?: number | undefined; descricao?: string | undefined; imagem_capa?: string | undefined; link_destino?: string | undefined; tipo_link?: string | undefined; link_imagem?: string | undefined; }, any, TFieldValues>' is not assignable to type 'Control<{ status: "draft" | "published"; titulo: string; ordem?: number | undefined; descricao?: string | undefined; imagem_capa?: string | undefined; link_destino?: string | undefined; tipo_link?: string | undefined; link_imagem?: string | undefined; }, any, { ...; }>'.
  The types of '_options.resolver' are incompatible between these types.
    Type 'Resolver<{ status: "draft" | "published"; titulo: string; ordem?: number | undefined; descricao?: string | undefined; imagem_capa?: string | undefined; link_destino?: string | undefined; tipo_link?: string | undefined; link_imagem?: string | undefined; }, any, TFieldValues> | undefined' is not assignable to type 'Resolver<{ status: "draft" | "published"; titulo: string; ordem?: number | undefined; descricao?: string | undefined; imagem_capa?: string | undefined; link_destino?: string | undefined; tipo_link?: string | undefined; link_imagem?: string | undefined; }, any, { ...; }> | undefined'.
      Type 'Resolver<{ status: "draft" | "published"; titulo: string; ordem?: number | undefined; descricao?: string | undefined; imagem_capa?: string | undefined; link_destino?: string | undefined; tipo_link?: string | undefined; link_imagem?: string | undefined; }, any, TFieldValues>' is not assignable to type 'Resolver<{ status: "draft" | "published"; titulo: string; ordem?: number | undefined; descricao?: string | undefined; imagem_capa?: string | undefined; link_destino?: string | undefined; tipo_link?: string | undefined; link_imagem?: string | undefined; }, any, { ...; }>'.
        Type 'ResolverResult<{ status: "draft" | "published"; titulo: string; ordem?: number | undefined; descricao?: string | undefined; imagem_capa?: string | undefined; link_destino?: string | undefined; tipo_link?: string | undefined; link_imagem?: string | undefined; }, TFieldValues> | Promise<...>' is not assignable to type 'ResolverResult<{ status: "draft" | "published"; titulo: string; ordem?: number | undefined; descricao?: string | undefined; imagem_capa?: string | undefined; link_destino?: string | undefined; tipo_link?: string | undefined; link_imagem?: string | undefined; }, { ...; }> | Promise<...>'.
          Type 'ResolverSuccess<TFieldValues>' is not assignable to type 'ResolverResult<{ status: "draft" | "published"; titulo: string; ordem?: number | undefined; descricao?: string | undefined; imagem_capa?: string | undefined; link_destino?: string | undefined; tipo_link?: string | undefined; link_imagem?: string | undefined; }, { ...; }> | Promise<...>'.
            Type 'ResolverSuccess<TFieldValues>' is not assignable to type 'ResolverSuccess<{ status: "draft" | "published"; titulo: string; ordem?: number | undefined; descricao?: string | undefined; imagem_capa?: string | undefined; link_destino?: string | undefined; tipo_link?: string | undefined; link_imagem?: string | undefined; }>'.
              Type 'TFieldValues' is not assignable to type '{ status: "draft" | "published"; titulo: string; ordem?: number | undefined; descricao?: string | undefined; imagem_capa?: string | undefined; link_destino?: string | undefined; tipo_link?: string | undefined; link_imagem?: string | undefined; }'.
                Type 'FieldValues' is missing the following properties from type '{ status: "draft" | "published"; titulo: string; ordem?: number | undefined; descricao?: string | undefined; imagem_capa?: string | undefined; link_destino?: string | undefined; tipo_link?: string | undefined; link_imagem?: string | undefined; }': status, titulo
src/app/(admin)/app-amar/projetos/projeto-form.tsx(151,11): error TS2322: Type 'Control<{ status: "draft" | "published"; titulo: string; ordem?: number | undefined; descricao?: string | undefined; imagem_capa?: string | undefined; link_destino?: string | undefined; tipo_link?: string | undefined; link_imagem?: string | undefined; }, any, TFieldValues>' is not assignable to type 'Control<{ status: "draft" | "published"; titulo: string; ordem?: number | undefined; descricao?: string | undefined; imagem_capa?: string | undefined; link_destino?: string | undefined; tipo_link?: string | undefined; link_imagem?: string | undefined; }, any, { ...; }>'.
  The types of '_options.resolver' are incompatible between these types.
    Type 'Resolver<{ status: "draft" | "published"; titulo: string; ordem?: number | undefined; descricao?: string | undefined; imagem_capa?: string | undefined; link_destino?: string | undefined; tipo_link?: string | undefined; link_imagem?: string | undefined; }, any, TFieldValues> | undefined' is not assignable to type 'Resolver<{ status: "draft" | "published"; titulo: string; ordem?: number | undefined; descricao?: string | undefined; imagem_capa?: string | undefined; link_destino?: string | undefined; tipo_link?: string | undefined; link_imagem?: string | undefined; }, any, { ...; }> | undefined'.
      Type 'Resolver<{ status: "draft" | "published"; titulo: string; ordem?: number | undefined; descricao?: string | undefined; imagem_capa?: string | undefined; link_destino?: string | undefined; tipo_link?: string | undefined; link_imagem?: string | undefined; }, any, TFieldValues>' is not assignable to type 'Resolver<{ status: "draft" | "published"; titulo: string; ordem?: number | undefined; descricao?: string | undefined; imagem_capa?: string | undefined; link_destino?: string | undefined; tipo_link?: string | undefined; link_imagem?: string | undefined; }, any, { ...; }>'.
        Type 'ResolverResult<{ status: "draft" | "published"; titulo: string; ordem?: number | undefined; descricao?: string | undefined; imagem_capa?: string | undefined; link_destino?: string | undefined; tipo_link?: string | undefined; link_imagem?: string | undefined; }, TFieldValues> | Promise<...>' is not assignable to type 'ResolverResult<{ status: "draft" | "published"; titulo: string; ordem?: number | undefined; descricao?: string | undefined; imagem_capa?: string | undefined; link_destino?: string | undefined; tipo_link?: string | undefined; link_imagem?: string | undefined; }, { ...; }> | Promise<...>'.
          Type 'ResolverSuccess<TFieldValues>' is not assignable to type 'ResolverResult<{ status: "draft" | "published"; titulo: string; ordem?: number | undefined; descricao?: string | undefined; imagem_capa?: string | undefined; link_destino?: string | undefined; tipo_link?: string | undefined; link_imagem?: string | undefined; }, { ...; }> | Promise<...>'.
            Type 'ResolverSuccess<TFieldValues>' is not assignable to type 'ResolverSuccess<{ status: "draft" | "published"; titulo: string; ordem?: number | undefined; descricao?: string | undefined; imagem_capa?: string | undefined; link_destino?: string | undefined; tipo_link?: string | undefined; link_imagem?: string | undefined; }>'.
              Type 'TFieldValues' is not assignable to type '{ status: "draft" | "published"; titulo: string; ordem?: number | undefined; descricao?: string | undefined; imagem_capa?: string | undefined; link_destino?: string | undefined; tipo_link?: string | undefined; link_imagem?: string | undefined; }'.
                Type 'FieldValues' is missing the following properties from type '{ status: "draft" | "published"; titulo: string; ordem?: number | undefined; descricao?: string | undefined; imagem_capa?: string | undefined; link_destino?: string | undefined; tipo_link?: string | undefined; link_imagem?: string | undefined; }': status, titulo
src/app/(admin)/app-amar/projetos/projeto-form.tsx(170,11): error TS2322: Type 'Control<{ status: "draft" | "published"; titulo: string; ordem?: number | undefined; descricao?: string | undefined; imagem_capa?: string | undefined; link_destino?: string | undefined; tipo_link?: string | undefined; link_imagem?: string | undefined; }, any, TFieldValues>' is not assignable to type 'Control<{ status: "draft" | "published"; titulo: string; ordem?: number | undefined; descricao?: string | undefined; imagem_capa?: string | undefined; link_destino?: string | undefined; tipo_link?: string | undefined; link_imagem?: string | undefined; }, any, { ...; }>'.
  The types of '_options.resolver' are incompatible between these types.
    Type 'Resolver<{ status: "draft" | "published"; titulo: string; ordem?: number | undefined; descricao?: string | undefined; imagem_capa?: string | undefined; link_destino?: string | undefined; tipo_link?: string | undefined; link_imagem?: string | undefined; }, any, TFieldValues> | undefined' is not assignable to type 'Resolver<{ status: "draft" | "published"; titulo: string; ordem?: number | undefined; descricao?: string | undefined; imagem_capa?: string | undefined; link_destino?: string | undefined; tipo_link?: string | undefined; link_imagem?: string | undefined; }, any, { ...; }> | undefined'.
      Type 'Resolver<{ status: "draft" | "published"; titulo: string; ordem?: number | undefined; descricao?: string | undefined; imagem_capa?: string | undefined; link_destino?: string | undefined; tipo_link?: string | undefined; link_imagem?: string | undefined; }, any, TFieldValues>' is not assignable to type 'Resolver<{ status: "draft" | "published"; titulo: string; ordem?: number | undefined; descricao?: string | undefined; imagem_capa?: string | undefined; link_destino?: string | undefined; tipo_link?: string | undefined; link_imagem?: string | undefined; }, any, { ...; }>'.
        Type 'ResolverResult<{ status: "draft" | "published"; titulo: string; ordem?: number | undefined; descricao?: string | undefined; imagem_capa?: string | undefined; link_destino?: string | undefined; tipo_link?: string | undefined; link_imagem?: string | undefined; }, TFieldValues> | Promise<...>' is not assignable to type 'ResolverResult<{ status: "draft" | "published"; titulo: string; ordem?: number | undefined; descricao?: string | undefined; imagem_capa?: string | undefined; link_destino?: string | undefined; tipo_link?: string | undefined; link_imagem?: string | undefined; }, { ...; }> | Promise<...>'.
          Type 'ResolverSuccess<TFieldValues>' is not assignable to type 'ResolverResult<{ status: "draft" | "published"; titulo: string; ordem?: number | undefined; descricao?: string | undefined; imagem_capa?: string | undefined; link_destino?: string | undefined; tipo_link?: string | undefined; link_imagem?: string | undefined; }, { ...; }> | Promise<...>'.
            Type 'ResolverSuccess<TFieldValues>' is not assignable to type 'ResolverSuccess<{ status: "draft" | "published"; titulo: string; ordem?: number | undefined; descricao?: string | undefined; imagem_capa?: string | undefined; link_destino?: string | undefined; tipo_link?: string | undefined; link_imagem?: string | undefined; }>'.
              Type 'TFieldValues' is not assignable to type '{ status: "draft" | "published"; titulo: string; ordem?: number | undefined; descricao?: string | undefined; imagem_capa?: string | undefined; link_destino?: string | undefined; tipo_link?: string | undefined; link_imagem?: string | undefined; }'.
                Type 'FieldValues' is missing the following properties from type '{ status: "draft" | "published"; titulo: string; ordem?: number | undefined; descricao?: string | undefined; imagem_capa?: string | undefined; link_destino?: string | undefined; tipo_link?: string | undefined; link_imagem?: string | undefined; }': status, titulo
src/app/(admin)/app-amar/projetos/projeto-form.tsx(189,13): error TS2322: Type 'Control<{ status: "draft" | "published"; titulo: string; ordem?: number | undefined; descricao?: string | undefined; imagem_capa?: string | undefined; link_destino?: string | undefined; tipo_link?: string | undefined; link_imagem?: string | undefined; }, any, TFieldValues>' is not assignable to type 'Control<{ status: "draft" | "published"; titulo: string; ordem?: number | undefined; descricao?: string | undefined; imagem_capa?: string | undefined; link_destino?: string | undefined; tipo_link?: string | undefined; link_imagem?: string | undefined; }, any, { ...; }>'.
  The types of '_options.resolver' are incompatible between these types.
    Type 'Resolver<{ status: "draft" | "published"; titulo: string; ordem?: number | undefined; descricao?: string | undefined; imagem_capa?: string | undefined; link_destino?: string | undefined; tipo_link?: string | undefined; link_imagem?: string | undefined; }, any, TFieldValues> | undefined' is not assignable to type 'Resolver<{ status: "draft" | "published"; titulo: string; ordem?: number | undefined; descricao?: string | undefined; imagem_capa?: string | undefined; link_destino?: string | undefined; tipo_link?: string | undefined; link_imagem?: string | undefined; }, any, { ...; }> | undefined'.
      Type 'Resolver<{ status: "draft" | "published"; titulo: string; ordem?: number | undefined; descricao?: string | undefined; imagem_capa?: string | undefined; link_destino?: string | undefined; tipo_link?: string | undefined; link_imagem?: string | undefined; }, any, TFieldValues>' is not assignable to type 'Resolver<{ status: "draft" | "published"; titulo: string; ordem?: number | undefined; descricao?: string | undefined; imagem_capa?: string | undefined; link_destino?: string | undefined; tipo_link?: string | undefined; link_imagem?: string | undefined; }, any, { ...; }>'.
        Type 'ResolverResult<{ status: "draft" | "published"; titulo: string; ordem?: number | undefined; descricao?: string | undefined; imagem_capa?: string | undefined; link_destino?: string | undefined; tipo_link?: string | undefined; link_imagem?: string | undefined; }, TFieldValues> | Promise<...>' is not assignable to type 'ResolverResult<{ status: "draft" | "published"; titulo: string; ordem?: number | undefined; descricao?: string | undefined; imagem_capa?: string | undefined; link_destino?: string | undefined; tipo_link?: string | undefined; link_imagem?: string | undefined; }, { ...; }> | Promise<...>'.
          Type 'ResolverSuccess<TFieldValues>' is not assignable to type 'ResolverResult<{ status: "draft" | "published"; titulo: string; ordem?: number | undefined; descricao?: string | undefined; imagem_capa?: string | undefined; link_destino?: string | undefined; tipo_link?: string | undefined; link_imagem?: string | undefined; }, { ...; }> | Promise<...>'.
            Type 'ResolverSuccess<TFieldValues>' is not assignable to type 'ResolverSuccess<{ status: "draft" | "published"; titulo: string; ordem?: number | undefined; descricao?: string | undefined; imagem_capa?: string | undefined; link_destino?: string | undefined; tipo_link?: string | undefined; link_imagem?: string | undefined; }>'.
              Type 'TFieldValues' is not assignable to type '{ status: "draft" | "published"; titulo: string; ordem?: number | undefined; descricao?: string | undefined; imagem_capa?: string | undefined; link_destino?: string | undefined; tipo_link?: string | undefined; link_imagem?: string | undefined; }'.
                Type 'FieldValues' is missing the following properties from type '{ status: "draft" | "published"; titulo: string; ordem?: number | undefined; descricao?: string | undefined; imagem_capa?: string | undefined; link_destino?: string | undefined; tipo_link?: string | undefined; link_imagem?: string | undefined; }': status, titulo
src/app/(admin)/app-amar/projetos/projeto-form.tsx(207,13): error TS2322: Type 'Control<{ status: "draft" | "published"; titulo: string; ordem?: number | undefined; descricao?: string | undefined; imagem_capa?: string | undefined; link_destino?: string | undefined; tipo_link?: string | undefined; link_imagem?: string | undefined; }, any, TFieldValues>' is not assignable to type 'Control<{ status: "draft" | "published"; titulo: string; ordem?: number | undefined; descricao?: string | undefined; imagem_capa?: string | undefined; link_destino?: string | undefined; tipo_link?: string | undefined; link_imagem?: string | undefined; }, any, { ...; }>'.
  The types of '_options.resolver' are incompatible between these types.
    Type 'Resolver<{ status: "draft" | "published"; titulo: string; ordem?: number | undefined; descricao?: string | undefined; imagem_capa?: string | undefined; link_destino?: string | undefined; tipo_link?: string | undefined; link_imagem?: string | undefined; }, any, TFieldValues> | undefined' is not assignable to type 'Resolver<{ status: "draft" | "published"; titulo: string; ordem?: number | undefined; descricao?: string | undefined; imagem_capa?: string | undefined; link_destino?: string | undefined; tipo_link?: string | undefined; link_imagem?: string | undefined; }, any, { ...; }> | undefined'.
      Type 'Resolver<{ status: "draft" | "published"; titulo: string; ordem?: number | undefined; descricao?: string | undefined; imagem_capa?: string | undefined; link_destino?: string | undefined; tipo_link?: string | undefined; link_imagem?: string | undefined; }, any, TFieldValues>' is not assignable to type 'Resolver<{ status: "draft" | "published"; titulo: string; ordem?: number | undefined; descricao?: string | undefined; imagem_capa?: string | undefined; link_destino?: string | undefined; tipo_link?: string | undefined; link_imagem?: string | undefined; }, any, { ...; }>'.
        Type 'ResolverResult<{ status: "draft" | "published"; titulo: string; ordem?: number | undefined; descricao?: string | undefined; imagem_capa?: string | undefined; link_destino?: string | undefined; tipo_link?: string | undefined; link_imagem?: string | undefined; }, TFieldValues> | Promise<...>' is not assignable to type 'ResolverResult<{ status: "draft" | "published"; titulo: string; ordem?: number | undefined; descricao?: string | undefined; imagem_capa?: string | undefined; link_destino?: string | undefined; tipo_link?: string | undefined; link_imagem?: string | undefined; }, { ...; }> | Promise<...>'.
          Type 'ResolverSuccess<TFieldValues>' is not assignable to type 'ResolverResult<{ status: "draft" | "published"; titulo: string; ordem?: number | undefined; descricao?: string | undefined; imagem_capa?: string | undefined; link_destino?: string | undefined; tipo_link?: string | undefined; link_imagem?: string | undefined; }, { ...; }> | Promise<...>'.
            Type 'ResolverSuccess<TFieldValues>' is not assignable to type 'ResolverSuccess<{ status: "draft" | "published"; titulo: string; ordem?: number | undefined; descricao?: string | undefined; imagem_capa?: string | undefined; link_destino?: string | undefined; tipo_link?: string | undefined; link_imagem?: string | undefined; }>'.
              Type 'TFieldValues' is not assignable to type '{ status: "draft" | "published"; titulo: string; ordem?: number | undefined; descricao?: string | undefined; imagem_capa?: string | undefined; link_destino?: string | undefined; tipo_link?: string | undefined; link_imagem?: string | undefined; }'.
                Type 'FieldValues' is missing the following properties from type '{ status: "draft" | "published"; titulo: string; ordem?: number | undefined; descricao?: string | undefined; imagem_capa?: string | undefined; link_destino?: string | undefined; tipo_link?: string | undefined; link_imagem?: string | undefined; }': status, titulo
src/app/(admin)/app-amar/projetos/projeto-form.tsx(226,11): error TS2322: Type 'Control<{ status: "draft" | "published"; titulo: string; ordem?: number | undefined; descricao?: string | undefined; imagem_capa?: string | undefined; link_destino?: string | undefined; tipo_link?: string | undefined; link_imagem?: string | undefined; }, any, TFieldValues>' is not assignable to type 'Control<{ status: "draft" | "published"; titulo: string; ordem?: number | undefined; descricao?: string | undefined; imagem_capa?: string | undefined; link_destino?: string | undefined; tipo_link?: string | undefined; link_imagem?: string | undefined; }, any, { ...; }>'.
  The types of '_options.resolver' are incompatible between these types.
    Type 'Resolver<{ status: "draft" | "published"; titulo: string; ordem?: number | undefined; descricao?: string | undefined; imagem_capa?: string | undefined; link_destino?: string | undefined; tipo_link?: string | undefined; link_imagem?: string | undefined; }, any, TFieldValues> | undefined' is not assignable to type 'Resolver<{ status: "draft" | "published"; titulo: string; ordem?: number | undefined; descricao?: string | undefined; imagem_capa?: string | undefined; link_destino?: string | undefined; tipo_link?: string | undefined; link_imagem?: string | undefined; }, any, { ...; }> | undefined'.
      Type 'Resolver<{ status: "draft" | "published"; titulo: string; ordem?: number | undefined; descricao?: string | undefined; imagem_capa?: string | undefined; link_destino?: string | undefined; tipo_link?: string | undefined; link_imagem?: string | undefined; }, any, TFieldValues>' is not assignable to type 'Resolver<{ status: "draft" | "published"; titulo: string; ordem?: number | undefined; descricao?: string | undefined; imagem_capa?: string | undefined; link_destino?: string | undefined; tipo_link?: string | undefined; link_imagem?: string | undefined; }, any, { ...; }>'.
        Type 'ResolverResult<{ status: "draft" | "published"; titulo: string; ordem?: number | undefined; descricao?: string | undefined; imagem_capa?: string | undefined; link_destino?: string | undefined; tipo_link?: string | undefined; link_imagem?: string | undefined; }, TFieldValues> | Promise<...>' is not assignable to type 'ResolverResult<{ status: "draft" | "published"; titulo: string; ordem?: number | undefined; descricao?: string | undefined; imagem_capa?: string | undefined; link_destino?: string | undefined; tipo_link?: string | undefined; link_imagem?: string | undefined; }, { ...; }> | Promise<...>'.
          Type 'ResolverSuccess<TFieldValues>' is not assignable to type 'ResolverResult<{ status: "draft" | "published"; titulo: string; ordem?: number | undefined; descricao?: string | undefined; imagem_capa?: string | undefined; link_destino?: string | undefined; tipo_link?: string | undefined; link_imagem?: string | undefined; }, { ...; }> | Promise<...>'.
            Type 'ResolverSuccess<TFieldValues>' is not assignable to type 'ResolverSuccess<{ status: "draft" | "published"; titulo: string; ordem?: number | undefined; descricao?: string | undefined; imagem_capa?: string | undefined; link_destino?: string | undefined; tipo_link?: string | undefined; link_imagem?: string | undefined; }>'.
              Type 'TFieldValues' is not assignable to type '{ status: "draft" | "published"; titulo: string; ordem?: number | undefined; descricao?: string | undefined; imagem_capa?: string | undefined; link_destino?: string | undefined; tipo_link?: string | undefined; link_imagem?: string | undefined; }'.
                Type 'FieldValues' is missing the following properties from type '{ status: "draft" | "published"; titulo: string; ordem?: number | undefined; descricao?: string | undefined; imagem_capa?: string | undefined; link_destino?: string | undefined; tipo_link?: string | undefined; link_imagem?: string | undefined; }': status, titulo
src/app/(admin)/app-amar/projetos/projeto-form.tsx(255,28): error TS2322: Type '{ className: string; }' is not assignable to type 'Omit<LucideProps, "ref">'.
  Types of property 'in' are incompatible.
    Type '(index?: number | undefined) => { readonly _to: { node: string; input: number; }; }' is not assignable to type 'string'.
src/app/(admin)/app-amar/projetos/projetos-client.tsx(119,12): error TS2322: Type '{ className: string; }' is not assignable to type 'Omit<LucideProps, "ref">'.
  Types of property 'in' are incompatible.
    Type '(index?: number | undefined) => { readonly _to: { node: string; input: number; }; }' is not assignable to type 'string'.
src/app/(admin)/app-amar/projetos/projetos-client.tsx(162,28): error TS2322: Type '{ className: string; }' is not assignable to type 'Omit<LucideProps, "ref">'.
  Types of property 'in' are incompatible.
    Type '(index?: number | undefined) => { readonly _to: { node: string; input: number; }; }' is not assignable to type 'string'.
src/app/(admin)/app-amar/projetos/projetos-client.tsx(167,28): error TS2322: Type '{ className: string; }' is not assignable to type 'Omit<LucideProps, "ref">'.
  Types of property 'in' are incompatible.
    Type '(index?: number | undefined) => { readonly _to: { node: string; input: number; }; }' is not assignable to type 'string'.
src/app/(admin)/app-amar/projetos/projetos-client.tsx(175,28): error TS2322: Type '{ className: string; }' is not assignable to type 'Omit<LucideProps, "ref">'.
  Types of property 'in' are incompatible.
    Type '(index?: number | undefined) => { readonly _to: { node: string; input: number; }; }' is not assignable to type 'string'.
src/app/(admin)/app-amar/servicos/servico-form.tsx(332,28): error TS2322: Type '{ className: string; }' is not assignable to type 'Omit<LucideProps, "ref">'.
  Types of property 'in' are incompatible.
    Type '(index?: number | undefined) => { readonly _to: { node: string; input: number; }; }' is not assignable to type 'string'.
src/app/(admin)/app-amar/servicos/servicos-client.tsx(161,12): error TS2322: Type '{ className: string; }' is not assignable to type 'Omit<LucideProps, "ref">'.
  Types of property 'in' are incompatible.
    Type '(index?: number | undefined) => { readonly _to: { node: string; input: number; }; }' is not assignable to type 'string'.
src/app/(admin)/app-amar/servicos/servicos-client.tsx(200,28): error TS2322: Type '{ className: string; }' is not assignable to type 'Omit<LucideProps, "ref">'.
  Types of property 'in' are incompatible.
    Type '(index?: number | undefined) => { readonly _to: { node: string; input: number; }; }' is not assignable to type 'string'.
src/app/(admin)/app-amar/servicos/servicos-client.tsx(205,28): error TS2322: Type '{ className: string; }' is not assignable to type 'Omit<LucideProps, "ref">'.
  Types of property 'in' are incompatible.
    Type '(index?: number | undefined) => { readonly _to: { node: string; input: number; }; }' is not assignable to type 'string'.
src/app/(admin)/app-amar/servicos/servicos-client.tsx(211,32): error TS2322: Type '{ className: string; }' is not assignable to type 'Omit<LucideProps, "ref">'.
  Types of property 'in' are incompatible.
    Type '(index?: number | undefined) => { readonly _to: { node: string; input: number; }; }' is not assignable to type 'string'.
src/app/(admin)/app-amar/servicos/servicos-client.tsx(216,32): error TS2322: Type '{ className: string; }' is not assignable to type 'Omit<LucideProps, "ref">'.
  Types of property 'in' are incompatible.
    Type '(index?: number | undefined) => { readonly _to: { node: string; input: number; }; }' is not assignable to type 'string'.
src/app/(admin)/app-amar/servicos/servicos-client.tsx(226,28): error TS2322: Type '{ className: string; }' is not assignable to type 'Omit<LucideProps, "ref">'.
  Types of property 'in' are incompatible.
    Type '(index?: number | undefined) => { readonly _to: { node: string; input: number; }; }' is not assignable to type 'string'.
src/app/(admin)/app-amar/sonhos/page.tsx(22,14): error TS2322: Type '{ className: string; }' is not assignable to type 'Omit<LucideProps, "ref">'.
  Types of property 'in' are incompatible.
    Type '(index?: number | undefined) => { readonly _to: { node: string; input: number; }; }' is not assignable to type 'string'.
src/app/(admin)/app-amar/sonhos/sonho-form.tsx(141,28): error TS2322: Type '{ className: string; }' is not assignable to type 'Omit<LucideProps, "ref">'.
  Types of property 'in' are incompatible.
    Type '(index?: number | undefined) => { readonly _to: { node: string; input: number; }; }' is not assignable to type 'string'.
src/app/(admin)/app-amar/sonhos/sonhos-client.tsx(114,24): error TS2339: Property 'type' does not exist on type 'HTMLAudioElement'.
src/app/(admin)/app-amar/sonhos/sonhos-client.tsx(162,12): error TS2322: Type '{ className: string; }' is not assignable to type 'Omit<LucideProps, "ref">'.
  Types of property 'in' are incompatible.
    Type '(index?: number | undefined) => { readonly _to: { node: string; input: number; }; }' is not assignable to type 'string'.
src/app/(admin)/app-amar/sonhos/sonhos-client.tsx(206,30): error TS2322: Type '{ className: string; }' is not assignable to type 'Omit<LucideProps, "ref">'.
  Types of property 'in' are incompatible.
    Type '(index?: number | undefined) => { readonly _to: { node: string; input: number; }; }' is not assignable to type 'string'.
src/app/(admin)/app-amar/sonhos/sonhos-client.tsx(208,30): error TS2322: Type '{ className: string; }' is not assignable to type 'Omit<LucideProps, "ref">'.
  Types of property 'in' are incompatible.
    Type '(index?: number | undefined) => { readonly _to: { node: string; input: number; }; }' is not assignable to type 'string'.
src/app/(admin)/app-amar/sonhos/sonhos-client.tsx(218,28): error TS2322: Type '{ className: string; }' is not assignable to type 'Omit<LucideProps, "ref">'.
  Types of property 'in' are incompatible.
    Type '(index?: number | undefined) => { readonly _to: { node: string; input: number; }; }' is not assignable to type 'string'.
src/app/(admin)/app-amar/sonhos/sonhos-client.tsx(230,28): error TS2322: Type '{ className: string; }' is not assignable to type 'Omit<LucideProps, "ref">'.
  Types of property 'in' are incompatible.
    Type '(index?: number | undefined) => { readonly _to: { node: string; input: number; }; }' is not assignable to type 'string'.
src/app/(admin)/app-amar/sonhos/sonhos-client.tsx(235,28): error TS2322: Type '{ className: string; }' is not assignable to type 'Omit<LucideProps, "ref">'.
  Types of property 'in' are incompatible.
    Type '(index?: number | undefined) => { readonly _to: { node: string; input: number; }; }' is not assignable to type 'string'.
src/app/(admin)/app-amar/sonhos/sonhos-client.tsx(241,54): error TS2345: Argument of type 'number' is not assignable to parameter of type 'SetStateAction<string | null>'.
src/app/(admin)/app-amar/sonhos/sonhos-client.tsx(243,28): error TS2322: Type '{ className: string; }' is not assignable to type 'Omit<LucideProps, "ref">'.
  Types of property 'in' are incompatible.
    Type '(index?: number | undefined) => { readonly _to: { node: string; input: number; }; }' is not assignable to type 'string'.
src/app/(admin)/configuracoes/configuracoes-client.tsx(153,34): error TS2322: Type '{ className: string; }' is not assignable to type 'Omit<LucideProps, "ref">'.
  Types of property 'in' are incompatible.
    Type '(index?: number | undefined) => { readonly _to: { node: string; input: number; }; }' is not assignable to type 'string'.
src/app/(admin)/configuracoes/permissoes-actions.ts(47,5): error TS2322: Type '{ success: true; }' is not assignable to type 'SavePermissoesResult'.
  Types of property 'error' are incompatible.
    Type '() => { readonly _from: { node: string; output: number; isError?: boolean | undefined; }; to(input: { readonly _to: { node: string; input: number; }; }): void; }' is not assignable to type 'string'.
src/app/(admin)/configuracoes/tabs/tab-permissoes.tsx(134,12): error TS2322: Type '{ className: string; }' is not assignable to type 'Omit<LucideProps, "ref">'.
  Types of property 'in' are incompatible.
    Type '(index?: number | undefined) => { readonly _to: { node: string; input: number; }; }' is not assignable to type 'string'.
src/app/(admin)/configuracoes/tabs/tab-permissoes.tsx(181,16): error TS2322: Type '{ className: string; }' is not assignable to type 'Omit<LucideProps, "ref">'.
  Types of property 'in' are incompatible.
    Type '(index?: number | undefined) => { readonly _to: { node: string; input: number; }; }' is not assignable to type 'string'.
src/app/(admin)/configuracoes/tabs/tab-permissoes.tsx(258,22): error TS2322: Type '{ className: string; }' is not assignable to type 'Omit<LucideProps, "ref">'.
  Types of property 'in' are incompatible.
    Type '(index?: number | undefined) => { readonly _to: { node: string; input: number; }; }' is not assignable to type 'string'.
src/app/(admin)/configuracoes/tabs/tab-permissoes.tsx(260,22): error TS2322: Type '{ className: string; }' is not assignable to type 'Omit<LucideProps, "ref">'.
  Types of property 'in' are incompatible.
    Type '(index?: number | undefined) => { readonly _to: { node: string; input: number; }; }' is not assignable to type 'string'.
src/app/(admin)/dashboard/actions.ts(287,5): error TS2322: Type '{ success: true; data: DashboardStats; }' is not assignable to type '{ success: boolean; data?: DashboardStats | undefined; error?: string | undefined; }'.
  Types of property 'error' are incompatible.
    Type '() => { readonly _from: { node: string; output: number; isError?: boolean | undefined; }; to(input: { readonly _to: { node: string; input: number; }; }): void; }' is not assignable to type 'string'.
src/app/(admin)/dashboard/overview-client.tsx(109,10): error TS2322: Type '{ className: string; }' is not assignable to type 'Omit<LucideProps, "ref">'.
  Types of property 'in' are incompatible.
    Type '(index?: number | undefined) => { readonly _to: { node: string; input: number; }; }' is not assignable to type 'string'.
src/app/(admin)/dashboard/overview-client.tsx(349,18): error TS2322: Type '{ className: string; }' is not assignable to type 'Omit<LucideProps, "ref">'.
  Types of property 'in' are incompatible.
    Type '(index?: number | undefined) => { readonly _to: { node: string; input: number; }; }' is not assignable to type 'string'.
src/app/(admin)/dashboard/overview-client.tsx(364,24): error TS2322: Type '{ strokeDasharray: string; vertical: false; stroke: string; }' is not assignable to type 'AcceptedSvgProps'.
  Types of property 'in' are incompatible.
    Type '(index?: number | undefined) => { readonly _to: { node: string; input: number; }; }' is not assignable to type 'string'.
src/app/(admin)/dashboard/overview-client.tsx(369,24): error TS2769: No overload matches this call.
  Overload 1 of 2, '(props: Props, context?: any): string | number | bigint | boolean | ReactElement<unknown, string | JSXElementConstructor<any>> | Iterable<...> | Promise<...> | Component<...> | null | undefined', gave the following error.
    Type '{ dataKey: string; stroke: string; fontSize: number; tickFormatter: (value: any) => string; axisLine: false; tickLine: false; dy: number; }' is not assignable to type 'Omit<PresentationAttributesAdaptChildEvent<any, SVGElement>, "ref" | "scale">'.
      Types of property 'in' are incompatible.
        Type '(index?: number | undefined) => { readonly _to: { node: string; input: number; }; }' is not assignable to type 'string'.
  Overload 2 of 2, '(props: Props): string | number | bigint | boolean | ReactElement<unknown, string | JSXElementConstructor<any>> | Iterable<ReactNode> | Promise<...> | Component<...> | null | undefined', gave the following error.
    Type '{ dataKey: string; stroke: string; fontSize: number; tickFormatter: (value: any) => string; axisLine: false; tickLine: false; dy: number; }' is not assignable to type 'Omit<PresentationAttributesAdaptChildEvent<any, SVGElement>, "ref" | "scale">'.
      Types of property 'in' are incompatible.
        Type '(index?: number | undefined) => { readonly _to: { node: string; input: number; }; }' is not assignable to type 'string'.
src/app/(admin)/dashboard/overview-client.tsx(378,24): error TS2769: No overload matches this call.
  Overload 1 of 2, '(props: Props, context?: any): string | number | bigint | boolean | ReactElement<unknown, string | JSXElementConstructor<any>> | Iterable<...> | Promise<...> | Component<...> | null | undefined', gave the following error.
    Type '{ stroke: string; fontSize: number; axisLine: false; tickLine: false; }' is not assignable to type 'Omit<PresentationAttributesAdaptChildEvent<any, SVGElement>, "ref" | "scale">'.
      Types of property 'in' are incompatible.
        Type '(index?: number | undefined) => { readonly _to: { node: string; input: number; }; }' is not assignable to type 'string'.
  Overload 2 of 2, '(props: Props): string | number | bigint | boolean | ReactElement<unknown, string | JSXElementConstructor<any>> | Iterable<ReactNode> | Promise<...> | Component<...> | null | undefined', gave the following error.
    Type '{ stroke: string; fontSize: number; axisLine: false; tickLine: false; }' is not assignable to type 'Omit<PresentationAttributesAdaptChildEvent<any, SVGElement>, "ref" | "scale">'.
      Types of property 'in' are incompatible.
        Type '(index?: number | undefined) => { readonly _to: { node: string; input: number; }; }' is not assignable to type 'string'.
src/app/(admin)/dashboard/overview-client.tsx(385,25): error TS2322: Type '{ fill: string; }' is not assignable to type 'CursorDefinition | undefined'.
  Type '{ fill: string; }' is not assignable to type 'SVGProps<SVGElement>'.
    Types of property 'in' are incompatible.
      Type '(index?: number | undefined) => { readonly _to: { node: string; input: number; }; }' is not assignable to type 'string'.
src/app/(admin)/dashboard/overview-client.tsx(393,24): error TS2769: No overload matches this call.
  Overload 1 of 2, '(props: Props, context?: any): string | number | bigint | boolean | ReactElement<unknown, string | JSXElementConstructor<any>> | Iterable<...> | Promise<...> | Component<...> | null | undefined', gave the following error.
    Type '{ dataKey: string; fill: string; radius: [number, number, number, number]; barSize: number; }' is not assignable to type 'Omit<BarSvgProps, keyof BarEvents>'.
      Types of property 'in' are incompatible.
        Type '(index?: number | undefined) => { readonly _to: { node: string; input: number; }; }' is not assignable to type 'string'.
  Overload 2 of 2, '(props: Props): string | number | bigint | boolean | ReactElement<unknown, string | JSXElementConstructor<any>> | Iterable<ReactNode> | Promise<...> | Component<...> | null | undefined', gave the following error.
    Type '{ dataKey: string; fill: string; radius: [number, number, number, number]; barSize: number; }' is not assignable to type 'Omit<BarSvgProps, keyof BarEvents>'.
      Types of property 'in' are incompatible.
        Type '(index?: number | undefined) => { readonly _to: { node: string; input: number; }; }' is not assignable to type 'string'.
src/app/(admin)/dashboard/overview-client.tsx(416,18): error TS2322: Type '{ className: string; }' is not assignable to type 'Omit<LucideProps, "ref">'.
  Types of property 'in' are incompatible.
    Type '(index?: number | undefined) => { readonly _to: { node: string; input: number; }; }' is not assignable to type 'string'.
src/app/(admin)/dashboard/overview-client.tsx(452,20): error TS2322: Type '{ className: string; }' is not assignable to type 'Omit<LucideProps, "ref">'.
  Types of property 'in' are incompatible.
    Type '(index?: number | undefined) => { readonly _to: { node: string; input: number; }; }' is not assignable to type 'string'.
src/app/(admin)/dashboard/overview-client.tsx(464,40): error TS2322: Type '{ className: string; }' is not assignable to type 'Omit<LucideProps, "ref">'.
  Types of property 'in' are incompatible.
    Type '(index?: number | undefined) => { readonly _to: { node: string; input: number; }; }' is not assignable to type 'string'.
src/app/(admin)/dashboard/overview-client.tsx(474,18): error TS2322: Type '{ className: string; }' is not assignable to type 'Omit<LucideProps, "ref">'.
  Types of property 'in' are incompatible.
    Type '(index?: number | undefined) => { readonly _to: { node: string; input: number; }; }' is not assignable to type 'string'.
src/app/(admin)/dashboard/overview-client.tsx(483,18): error TS2322: Type '{ className: string; }' is not assignable to type 'Omit<LucideProps, "ref">'.
  Types of property 'in' are incompatible.
    Type '(index?: number | undefined) => { readonly _to: { node: string; input: number; }; }' is not assignable to type 'string'.
src/app/(admin)/dashboard/page.tsx(30,12): error TS2322: Type '{ className: string; }' is not assignable to type 'Omit<LucideProps, "ref">'.
  Types of property 'in' are incompatible.
    Type '(index?: number | undefined) => { readonly _to: { node: string; input: number; }; }' is not assignable to type 'string'.
src/app/(admin)/escola/certificado/[id]/certificado-client.tsx(88,12): error TS2322: Type '{ className: string; }' is not assignable to type 'Omit<LucideProps, "ref">'.
  Types of property 'in' are incompatible.
    Type '(index?: number | undefined) => { readonly _to: { node: string; input: number; }; }' is not assignable to type 'string'.
src/app/(admin)/escola/certificado/[id]/page.tsx(49,14): error TS2322: Type '{ className: string; }' is not assignable to type 'Omit<LucideProps, "ref">'.
  Types of property 'in' are incompatible.
    Type '(index?: number | undefined) => { readonly _to: { node: string; input: number; }; }' is not assignable to type 'string'.
src/app/(admin)/escola/certificado/[id]/page.tsx(82,16): error TS2322: Type '{ className: string; }' is not assignable to type 'Omit<LucideProps, "ref">'.
  Types of property 'in' are incompatible.
    Type '(index?: number | undefined) => { readonly _to: { node: string; input: number; }; }' is not assignable to type 'string'.
src/app/(admin)/escola/certificado/[id]/page.tsx(104,16): error TS2322: Type '{ className: string; }' is not assignable to type 'Omit<LucideProps, "ref">'.
  Types of property 'in' are incompatible.
    Type '(index?: number | undefined) => { readonly _to: { node: string; input: number; }; }' is not assignable to type 'string'.
src/app/(admin)/escola/certificado/[id]/page.tsx(136,12): error TS2322: Type '{ className: string; }' is not assignable to type 'Omit<LucideProps, "ref">'.
  Types of property 'in' are incompatible.
    Type '(index?: number | undefined) => { readonly _to: { node: string; input: number; }; }' is not assignable to type 'string'.
src/app/(admin)/escola/certificado/[id]/print-button.tsx(12,14): error TS2322: Type '{ className: string; }' is not assignable to type 'Omit<LucideProps, "ref">'.
  Types of property 'in' are incompatible.
    Type '(index?: number | undefined) => { readonly _to: { node: string; input: number; }; }' is not assignable to type 'string'.
src/app/(admin)/escola/matriculas/page.tsx(28,14): error TS2322: Type '{ className: string; }' is not assignable to type 'Omit<LucideProps, "ref">'.
  Types of property 'in' are incompatible.
    Type '(index?: number | undefined) => { readonly _to: { node: string; input: number; }; }' is not assignable to type 'string'.
src/app/(admin)/escola/matriculas/page.tsx(40,14): error TS2322: Type '{ className: string; }' is not assignable to type 'Omit<LucideProps, "ref">'.
  Types of property 'in' are incompatible.
    Type '(index?: number | undefined) => { readonly _to: { node: string; input: number; }; }' is not assignable to type 'string'.
src/app/(admin)/escola/page.tsx(39,16): error TS2322: Type '{ className: string; }' is not assignable to type 'Omit<LucideProps, "ref">'.
  Types of property 'in' are incompatible.
    Type '(index?: number | undefined) => { readonly _to: { node: string; input: number; }; }' is not assignable to type 'string'.
src/app/(admin)/escola/page.tsx(45,16): error TS2322: Type '{ className: string; }' is not assignable to type 'Omit<LucideProps, "ref">'.
  Types of property 'in' are incompatible.
    Type '(index?: number | undefined) => { readonly _to: { node: string; input: number; }; }' is not assignable to type 'string'.
src/app/(admin)/escola/page.tsx(59,14): error TS2322: Type '{ className: string; }' is not assignable to type 'Omit<LucideProps, "ref">'.
  Types of property 'in' are incompatible.
    Type '(index?: number | undefined) => { readonly _to: { node: string; input: number; }; }' is not assignable to type 'string'.
src/app/(admin)/escola/page.tsx(76,14): error TS2322: Type '{ className: string; }' is not assignable to type 'Omit<LucideProps, "ref">'.
  Types of property 'in' are incompatible.
    Type '(index?: number | undefined) => { readonly _to: { node: string; input: number; }; }' is not assignable to type 'string'.
src/app/(admin)/escola/page.tsx(93,14): error TS2322: Type '{ className: string; }' is not assignable to type 'Omit<LucideProps, "ref">'.
  Types of property 'in' are incompatible.
    Type '(index?: number | undefined) => { readonly _to: { node: string; input: number; }; }' is not assignable to type 'string'.
src/app/(admin)/escola/page.tsx(121,20): error TS2322: Type '{ className: string; }' is not assignable to type 'Omit<LucideProps, "ref">'.
  Types of property 'in' are incompatible.
    Type '(index?: number | undefined) => { readonly _to: { node: string; input: number; }; }' is not assignable to type 'string'.
src/app/(admin)/escola/page.tsx(127,18): error TS2322: Type '{ className: string; }' is not assignable to type 'Omit<LucideProps, "ref">'.
  Types of property 'in' are incompatible.
    Type '(index?: number | undefined) => { readonly _to: { node: string; input: number; }; }' is not assignable to type 'string'.
src/app/(admin)/escola/page.tsx(133,20): error TS2322: Type '{ className: string; }' is not assignable to type 'Omit<LucideProps, "ref">'.
  Types of property 'in' are incompatible.
    Type '(index?: number | undefined) => { readonly _to: { node: string; input: number; }; }' is not assignable to type 'string'.
src/app/(admin)/escola/page.tsx(139,18): error TS2322: Type '{ className: string; }' is not assignable to type 'Omit<LucideProps, "ref">'.
  Types of property 'in' are incompatible.
    Type '(index?: number | undefined) => { readonly _to: { node: string; input: number; }; }' is not assignable to type 'string'.
src/app/(admin)/escola/page.tsx(145,20): error TS2322: Type '{ className: string; }' is not assignable to type 'Omit<LucideProps, "ref">'.
  Types of property 'in' are incompatible.
    Type '(index?: number | undefined) => { readonly _to: { node: string; input: number; }; }' is not assignable to type 'string'.
src/app/(admin)/escola/page.tsx(151,18): error TS2322: Type '{ className: string; }' is not assignable to type 'Omit<LucideProps, "ref">'.
  Types of property 'in' are incompatible.
    Type '(index?: number | undefined) => { readonly _to: { node: string; input: number; }; }' is not assignable to type 'string'.
src/app/(admin)/escola/turmas/[id]/frequencia-client.tsx(132,14): error TS2322: Type '{ className: string; }' is not assignable to type 'Omit<LucideProps, "ref">'.
  Types of property 'in' are incompatible.
    Type '(index?: number | undefined) => { readonly _to: { node: string; input: number; }; }' is not assignable to type 'string'.
src/app/(admin)/escola/turmas/[id]/frequencia-client.tsx(159,18): error TS2322: Type '{ className: string; }' is not assignable to type 'Omit<LucideProps, "ref">'.
  Types of property 'in' are incompatible.
    Type '(index?: number | undefined) => { readonly _to: { node: string; input: number; }; }' is not assignable to type 'string'.
src/app/(admin)/escola/turmas/[id]/frequencia-client.tsx(164,18): error TS2322: Type '{ className: string; }' is not assignable to type 'Omit<LucideProps, "ref">'.
  Types of property 'in' are incompatible.
    Type '(index?: number | undefined) => { readonly _to: { node: string; input: number; }; }' is not assignable to type 'string'.
src/app/(admin)/escola/turmas/[id]/frequencia-client.tsx(175,12): error TS2322: Type '{ className: string; }' is not assignable to type 'Omit<LucideProps, "ref">'.
  Types of property 'in' are incompatible.
    Type '(index?: number | undefined) => { readonly _to: { node: string; input: number; }; }' is not assignable to type 'string'.
src/app/(admin)/escola/turmas/[id]/resultados-client.tsx(108,24): error TS2322: Type '{ className: string; }' is not assignable to type 'Omit<LucideProps, "ref">'.
  Types of property 'in' are incompatible.
    Type '(index?: number | undefined) => { readonly _to: { node: string; input: number; }; }' is not assignable to type 'string'.
src/app/(admin)/escola/turmas/[id]/resultados-client.tsx(113,24): error TS2322: Type '{ className: string; }' is not assignable to type 'Omit<LucideProps, "ref">'.
  Types of property 'in' are incompatible.
    Type '(index?: number | undefined) => { readonly _to: { node: string; input: number; }; }' is not assignable to type 'string'.
src/app/(admin)/escola/turmas/[id]/resultados-client.tsx(133,22): error TS2322: Type '{ className: string; }' is not assignable to type 'Omit<LucideProps, "ref">'.
  Types of property 'in' are incompatible.
    Type '(index?: number | undefined) => { readonly _to: { node: string; input: number; }; }' is not assignable to type 'string'.
src/app/(admin)/escola/turmas/[id]/turma-detalhes-client.tsx(278,16): error TS2322: Type '{ className: string; }' is not assignable to type 'Omit<LucideProps, "ref">'.
  Types of property 'in' are incompatible.
    Type '(index?: number | undefined) => { readonly _to: { node: string; input: number; }; }' is not assignable to type 'string'.
src/app/(admin)/escola/turmas/[id]/turma-detalhes-client.tsx(310,14): error TS2322: Type '{ className: string; }' is not assignable to type 'Omit<LucideProps, "ref">'.
  Types of property 'in' are incompatible.
    Type '(index?: number | undefined) => { readonly _to: { node: string; input: number; }; }' is not assignable to type 'string'.
src/app/(admin)/escola/turmas/[id]/turma-detalhes-client.tsx(314,14): error TS2322: Type '{ className: string; }' is not assignable to type 'Omit<LucideProps, "ref">'.
  Types of property 'in' are incompatible.
    Type '(index?: number | undefined) => { readonly _to: { node: string; input: number; }; }' is not assignable to type 'string'.
src/app/(admin)/escola/turmas/[id]/turma-detalhes-client.tsx(322,14): error TS2322: Type '{ className: string; }' is not assignable to type 'Omit<LucideProps, "ref">'.
  Types of property 'in' are incompatible.
    Type '(index?: number | undefined) => { readonly _to: { node: string; input: number; }; }' is not assignable to type 'string'.
src/app/(admin)/escola/turmas/[id]/turma-detalhes-client.tsx(332,16): error TS2322: Type '{ className: string; }' is not assignable to type 'Omit<LucideProps, "ref">'.
  Types of property 'in' are incompatible.
    Type '(index?: number | undefined) => { readonly _to: { node: string; input: number; }; }' is not assignable to type 'string'.
src/app/(admin)/escola/turmas/[id]/turma-detalhes-client.tsx(420,34): error TS2322: Type '{ className: string; }' is not assignable to type 'Omit<LucideProps, "ref">'.
  Types of property 'in' are incompatible.
    Type '(index?: number | undefined) => { readonly _to: { node: string; input: number; }; }' is not assignable to type 'string'.
src/app/(admin)/escola/turmas/[id]/turma-detalhes-client.tsx(422,34): error TS2322: Type '{ className: string; }' is not assignable to type 'Omit<LucideProps, "ref">'.
  Types of property 'in' are incompatible.
    Type '(index?: number | undefined) => { readonly _to: { node: string; input: number; }; }' is not assignable to type 'string'.
src/app/(admin)/escola/turmas/[id]/turma-detalhes-client.tsx(438,32): error TS2322: Type '{ className: string; }' is not assignable to type 'Omit<LucideProps, "ref">'.
  Types of property 'in' are incompatible.
    Type '(index?: number | undefined) => { readonly _to: { node: string; input: number; }; }' is not assignable to type 'string'.
src/app/(admin)/escola/turmas/[id]/turma-detalhes-client.tsx(451,32): error TS2322: Type '{ className: string; }' is not assignable to type 'Omit<LucideProps, "ref">'.
  Types of property 'in' are incompatible.
    Type '(index?: number | undefined) => { readonly _to: { node: string; input: number; }; }' is not assignable to type 'string'.
src/app/(admin)/escola/turmas/[id]/turma-detalhes-client.tsx(464,32): error TS2322: Type '{ className: string; }' is not assignable to type 'Omit<LucideProps, "ref">'.
  Types of property 'in' are incompatible.
    Type '(index?: number | undefined) => { readonly _to: { node: string; input: number; }; }' is not assignable to type 'string'.
src/app/(admin)/escola/turmas/[id]/turma-detalhes-client.tsx(477,32): error TS2322: Type '{ className: string; }' is not assignable to type 'Omit<LucideProps, "ref">'.
  Types of property 'in' are incompatible.
    Type '(index?: number | undefined) => { readonly _to: { node: string; input: number; }; }' is not assignable to type 'string'.
src/app/(admin)/escola/turmas/[id]/turma-detalhes-client.tsx(500,16): error TS2322: Type '{ className: string; }' is not assignable to type 'Omit<LucideProps, "ref">'.
  Types of property 'in' are incompatible.
    Type '(index?: number | undefined) => { readonly _to: { node: string; input: number; }; }' is not assignable to type 'string'.
src/app/(admin)/escola/turmas/[id]/turma-detalhes-client.tsx(549,32): error TS2322: Type '{ className: string; }' is not assignable to type 'Omit<LucideProps, "ref">'.
  Types of property 'in' are incompatible.
    Type '(index?: number | undefined) => { readonly _to: { node: string; input: number; }; }' is not assignable to type 'string'.
src/app/(admin)/escola/turmas/[id]/turma-detalhes-client.tsx(578,20): error TS2322: Type '{ className: string; }' is not assignable to type 'Omit<LucideProps, "ref">'.
  Types of property 'in' are incompatible.
    Type '(index?: number | undefined) => { readonly _to: { node: string; input: number; }; }' is not assignable to type 'string'.
src/app/(admin)/escola/turmas/turmas-client.tsx(180,16): error TS2322: Type '{ className: string; }' is not assignable to type 'Omit<LucideProps, "ref">'.
  Types of property 'in' are incompatible.
    Type '(index?: number | undefined) => { readonly _to: { node: string; input: number; }; }' is not assignable to type 'string'.
src/app/(admin)/eventos/actions.ts(43,5): error TS2322: Type '{ success: true; data: never[]; }' is not assignable to type '{ success: boolean; data?: TipoEventoOption[] | undefined; error?: string | undefined; }'.
  Types of property 'error' are incompatible.
    Type '() => { readonly _from: { node: string; output: number; isError?: boolean | undefined; }; to(input: { readonly _to: { node: string; input: number; }; }): void; }' is not assignable to type 'string'.
src/app/(admin)/eventos/actions.ts(227,5): error TS2322: Type '{ success: true; data: CalendarEvent[]; }' is not assignable to type '{ success: boolean; data?: CalendarEvent[] | undefined; error?: string | undefined; }'.
  Types of property 'error' are incompatible.
    Type '() => { readonly _from: { node: string; output: number; isError?: boolean | undefined; }; to(input: { readonly _to: { node: string; input: number; }; }): void; }' is not assignable to type 'string'.
src/app/(admin)/eventos/agenda-client.tsx(178,22): error TS2322: Type '{ className: string; }' is not assignable to type 'Omit<LucideProps, "ref">'.
  Types of property 'in' are incompatible.
    Type '(index?: number | undefined) => { readonly _to: { node: string; input: number; }; }' is not assignable to type 'string'.
src/app/(admin)/eventos/agenda-client.tsx(181,22): error TS2322: Type '{ className: string; }' is not assignable to type 'Omit<LucideProps, "ref">'.
  Types of property 'in' are incompatible.
    Type '(index?: number | undefined) => { readonly _to: { node: string; input: number; }; }' is not assignable to type 'string'.
src/app/(admin)/eventos/agenda-client.tsx(300,22): error TS2322: Type '{ className: string; }' is not assignable to type 'Omit<LucideProps, "ref">'.
  Types of property 'in' are incompatible.
    Type '(index?: number | undefined) => { readonly _to: { node: string; input: number; }; }' is not assignable to type 'string'.
src/app/(admin)/eventos/evento-form.tsx(270,20): error TS2322: Type '{ className: string; }' is not assignable to type 'Omit<LucideProps, "ref">'.
  Types of property 'in' are incompatible.
    Type '(index?: number | undefined) => { readonly _to: { node: string; input: number; }; }' is not assignable to type 'string'.
src/app/(admin)/eventos/eventos-calendario-client.tsx(76,14): error TS2322: Type '{ className: string; }' is not assignable to type 'Omit<LucideProps, "ref">'.
  Types of property 'in' are incompatible.
    Type '(index?: number | undefined) => { readonly _to: { node: string; input: number; }; }' is not assignable to type 'string'.
src/app/(admin)/eventos/eventos-calendario-client.tsx(77,47): error TS2345: Argument of type '{ locale: Locale; }' is not assignable to parameter of type 'FormatOptions'.
  Types of property 'in' are incompatible.
    Type '(index?: number | undefined) => { readonly _to: { node: string; input: number; }; }' is not assignable to type 'ContextFn<Date>'.
      Types of parameters 'index' and 'value' are incompatible.
        Type 'string | number | Date' is not assignable to type 'number | undefined'.
          Type 'string' is not assignable to type 'number'.
src/app/(admin)/eventos/eventos-calendario-client.tsx(81,16): error TS2322: Type '{ className: string; }' is not assignable to type 'Omit<LucideProps, "ref">'.
  Types of property 'in' are incompatible.
    Type '(index?: number | undefined) => { readonly _to: { node: string; input: number; }; }' is not assignable to type 'string'.
src/app/(admin)/eventos/eventos-calendario-client.tsx(84,16): error TS2322: Type '{ className: string; }' is not assignable to type 'Omit<LucideProps, "ref">'.
  Types of property 'in' are incompatible.
    Type '(index?: number | undefined) => { readonly _to: { node: string; input: number; }; }' is not assignable to type 'string'.
src/app/(admin)/eventos/eventos-calendario-client.tsx(114,14): error TS2322: Type '{ className: string; }' is not assignable to type 'Omit<LucideProps, "ref">'.
  Types of property 'in' are incompatible.
    Type '(index?: number | undefined) => { readonly _to: { node: string; input: number; }; }' is not assignable to type 'string'.
src/app/(admin)/eventos/eventos-client.tsx(195,12): error TS2322: Type '{ className: string; }' is not assignable to type 'Omit<LucideProps, "ref">'.
  Types of property 'in' are incompatible.
    Type '(index?: number | undefined) => { readonly _to: { node: string; input: number; }; }' is not assignable to type 'string'.
src/app/(admin)/eventos/eventos-client.tsx(300,30): error TS2322: Type '{ className: string; }' is not assignable to type 'Omit<LucideProps, "ref">'.
  Types of property 'in' are incompatible.
    Type '(index?: number | undefined) => { readonly _to: { node: string; input: number; }; }' is not assignable to type 'string'.
src/app/(admin)/eventos/eventos-client.tsx(307,26): error TS2322: Type '{ className: string; }' is not assignable to type 'Omit<LucideProps, "ref">'.
  Types of property 'in' are incompatible.
    Type '(index?: number | undefined) => { readonly _to: { node: string; input: number; }; }' is not assignable to type 'string'.
src/app/(admin)/eventos/eventos-client.tsx(333,28): error TS2322: Type '{ className: string; }' is not assignable to type 'Omit<LucideProps, "ref">'.
  Types of property 'in' are incompatible.
    Type '(index?: number | undefined) => { readonly _to: { node: string; input: number; }; }' is not assignable to type 'string'.
src/app/(admin)/eventos/eventos-client.tsx(340,28): error TS2322: Type '{ className: string; }' is not assignable to type 'Omit<LucideProps, "ref">'.
  Types of property 'in' are incompatible.
    Type '(index?: number | undefined) => { readonly _to: { node: string; input: number; }; }' is not assignable to type 'string'.
src/app/(admin)/eventos/page.tsx(38,12): error TS2322: Type '{ className: string; }' is not assignable to type 'Omit<LucideProps, "ref">'.
  Types of property 'in' are incompatible.
    Type '(index?: number | undefined) => { readonly _to: { node: string; input: number; }; }' is not assignable to type 'string'.
src/app/(admin)/eventos/page.tsx(77,18): error TS2322: Type '{ className: string; }' is not assignable to type 'Omit<LucideProps, "ref">'.
  Types of property 'in' are incompatible.
    Type '(index?: number | undefined) => { readonly _to: { node: string; input: number; }; }' is not assignable to type 'string'.
src/app/(admin)/eventos/page.tsx(84,18): error TS2322: Type '{ className: string; }' is not assignable to type 'Omit<LucideProps, "ref">'.
  Types of property 'in' are incompatible.
    Type '(index?: number | undefined) => { readonly _to: { node: string; input: number; }; }' is not assignable to type 'string'.
src/app/(admin)/eventos/schemas.ts(8,41): error TS2345: Argument of type '{ message: string; }' is not assignable to parameter of type 'string | { abort?: boolean | undefined; error?: string | $ZodErrorMap<$ZodIssueTooSmall<Numeric>> | undefined; message?: string | undefined; } | undefined'.
  Type '{ message: string; }' is not assignable to type '{ abort?: boolean | undefined; error?: string | $ZodErrorMap<$ZodIssueTooSmall<Numeric>> | undefined; message?: string | undefined; }'.
    Types of property 'error' are incompatible.
      Type '() => { readonly _from: { node: string; output: number; isError?: boolean | undefined; }; to(input: { readonly _to: { node: string; input: number; }; }): void; }' is not assignable to type 'string | $ZodErrorMap<$ZodIssueTooSmall<Numeric>> | undefined'.
        Type '() => { readonly _from: { node: string; output: number; isError?: boolean | undefined; }; to(input: { readonly _to: { node: string; input: number; }; }): void; }' is not assignable to type '$ZodErrorMap<$ZodIssueTooSmall<Numeric>>'.
          Type '{ readonly _from: { node: string; output: number; isError?: boolean | undefined; }; to(input: { readonly _to: { node: string; input: number; }; }): void; }' is not assignable to type 'string | { message: string; } | null | undefined'.
src/app/(admin)/eventos/schemas.ts(17,9): error TS2345: Argument of type '{ message: string; }' is not assignable to parameter of type 'string | { path?: PropertyKey[] | undefined; abort?: boolean | undefined; when?: ((payload: ParsePayload<unknown>) => boolean) | undefined; params?: Record<string, any> | undefined; error?: string | ... 1 more ... | undefined; message?: string | undefined; } | undefined'.
  Type '{ message: string; }' is not assignable to type '{ path?: PropertyKey[] | undefined; abort?: boolean | undefined; when?: ((payload: ParsePayload<unknown>) => boolean) | undefined; params?: Record<string, any> | undefined; error?: string | ... 1 more ... | undefined; message?: string | undefined; }'.
    Types of property 'error' are incompatible.
      Type '() => { readonly _from: { node: string; output: number; isError?: boolean | undefined; }; to(input: { readonly _to: { node: string; input: number; }; }): void; }' is not assignable to type 'string | $ZodErrorMap<NonNullable<$ZodIssue>> | undefined'.
        Type '() => { readonly _from: { node: string; output: number; isError?: boolean | undefined; }; to(input: { readonly _to: { node: string; input: number; }; }): void; }' is not assignable to type '$ZodErrorMap<NonNullable<$ZodIssue>>'.
          Type '{ readonly _from: { node: string; output: number; isError?: boolean | undefined; }; to(input: { readonly _to: { node: string; input: number; }; }): void; }' is not assignable to type 'string | { message: string; } | null | undefined'.
src/app/(admin)/eventos/schemas.ts(27,9): error TS2345: Argument of type '{ message: string; }' is not assignable to parameter of type 'string | { path?: PropertyKey[] | undefined; abort?: boolean | undefined; when?: ((payload: ParsePayload<unknown>) => boolean) | undefined; params?: Record<string, any> | undefined; error?: string | ... 1 more ... | undefined; message?: string | undefined; } | undefined'.
  Type '{ message: string; }' is not assignable to type '{ path?: PropertyKey[] | undefined; abort?: boolean | undefined; when?: ((payload: ParsePayload<unknown>) => boolean) | undefined; params?: Record<string, any> | undefined; error?: string | ... 1 more ... | undefined; message?: string | undefined; }'.
    Types of property 'error' are incompatible.
      Type '() => { readonly _from: { node: string; output: number; isError?: boolean | undefined; }; to(input: { readonly _to: { node: string; input: number; }; }): void; }' is not assignable to type 'string | $ZodErrorMap<NonNullable<$ZodIssue>> | undefined'.
        Type '() => { readonly _from: { node: string; output: number; isError?: boolean | undefined; }; to(input: { readonly _to: { node: string; input: number; }; }): void; }' is not assignable to type '$ZodErrorMap<NonNullable<$ZodIssue>>'.
          Type '{ readonly _from: { node: string; output: number; isError?: boolean | undefined; }; to(input: { readonly _to: { node: string; input: number; }; }): void; }' is not assignable to type 'string | { message: string; } | null | undefined'.
src/app/(admin)/eventos/schemas.ts(42,5): error TS2345: Argument of type '{ message: string; path: string[]; }' is not assignable to parameter of type 'string | { path?: PropertyKey[] | undefined; abort?: boolean | undefined; when?: ((payload: ParsePayload<unknown>) => boolean) | undefined; params?: Record<string, any> | undefined; error?: string | ... 1 more ... | undefined; message?: string | undefined; } | undefined'.
  Type '{ message: string; path: string[]; }' is not assignable to type '{ path?: PropertyKey[] | undefined; abort?: boolean | undefined; when?: ((payload: ParsePayload<unknown>) => boolean) | undefined; params?: Record<string, any> | undefined; error?: string | ... 1 more ... | undefined; message?: string | undefined; }'.
    Types of property 'error' are incompatible.
      Type '() => { readonly _from: { node: string; output: number; isError?: boolean | undefined; }; to(input: { readonly _to: { node: string; input: number; }; }): void; }' is not assignable to type 'string | $ZodErrorMap<NonNullable<$ZodIssue>> | undefined'.
        Type '() => { readonly _from: { node: string; output: number; isError?: boolean | undefined; }; to(input: { readonly _to: { node: string; input: number; }; }): void; }' is not assignable to type '$ZodErrorMap<NonNullable<$ZodIssue>>'.
          Type '{ readonly _from: { node: string; output: number; isError?: boolean | undefined; }; to(input: { readonly _to: { node: string; input: number; }; }): void; }' is not assignable to type 'string | { message: string; } | null | undefined'.
src/app/(admin)/manual/page.tsx(73,8): error TS2322: Type '{ className: string; }' is not assignable to type 'Omit<LucideProps, "ref">'.
  Types of property 'in' are incompatible.
    Type '(index?: number | undefined) => { readonly _to: { node: string; input: number; }; }' is not assignable to type 'string'.
src/app/(admin)/manual/page.tsx(127,8): error TS2322: Type '{ className: string; }' is not assignable to type 'Omit<LucideProps, "ref">'.
  Types of property 'in' are incompatible.
    Type '(index?: number | undefined) => { readonly _to: { node: string; input: number; }; }' is not assignable to type 'string'.
src/app/(admin)/manual/page.tsx(205,16): error TS2322: Type '{ className: string; }' is not assignable to type 'Omit<LucideProps, "ref">'.
  Types of property 'in' are incompatible.
    Type '(index?: number | undefined) => { readonly _to: { node: string; input: number; }; }' is not assignable to type 'string'.
src/app/(admin)/manual/page.tsx(261,14): error TS2322: Type '{ className: string; }' is not assignable to type 'Omit<LucideProps, "ref">'.
  Types of property 'in' are incompatible.
    Type '(index?: number | undefined) => { readonly _to: { node: string; input: number; }; }' is not assignable to type 'string'.
src/app/(admin)/manual/page.tsx(311,16): error TS2322: Type '{ className: string; }' is not assignable to type 'Omit<LucideProps, "ref">'.
  Types of property 'in' are incompatible.
    Type '(index?: number | undefined) => { readonly _to: { node: string; input: number; }; }' is not assignable to type 'string'.
src/app/(admin)/manual/page.tsx(339,14): error TS2322: Type '{ className: string; }' is not assignable to type 'Omit<LucideProps, "ref">'.
  Types of property 'in' are incompatible.
    Type '(index?: number | undefined) => { readonly _to: { node: string; input: number; }; }' is not assignable to type 'string'.
src/app/(admin)/manual/page.tsx(356,20): error TS2322: Type '{ className: string; }' is not assignable to type 'Omit<LucideProps, "ref">'.
  Types of property 'in' are incompatible.
    Type '(index?: number | undefined) => { readonly _to: { node: string; input: number; }; }' is not assignable to type 'string'.
src/app/(admin)/manual/page.tsx(477,14): error TS2322: Type '{ className: string; }' is not assignable to type 'Omit<LucideProps, "ref">'.
  Types of property 'in' are incompatible.
    Type '(index?: number | undefined) => { readonly _to: { node: string; input: number; }; }' is not assignable to type 'string'.
src/app/(admin)/manual/page.tsx(482,14): error TS2322: Type '{ className: string; }' is not assignable to type 'Omit<LucideProps, "ref">'.
  Types of property 'in' are incompatible.
    Type '(index?: number | undefined) => { readonly _to: { node: string; input: number; }; }' is not assignable to type 'string'.
src/app/(admin)/manual/page.tsx(487,14): error TS2322: Type '{ className: string; }' is not assignable to type 'Omit<LucideProps, "ref">'.
  Types of property 'in' are incompatible.
    Type '(index?: number | undefined) => { readonly _to: { node: string; input: number; }; }' is not assignable to type 'string'.
src/app/(admin)/manual/page.tsx(520,18): error TS2322: Type '{ className: string; }' is not assignable to type 'Omit<LucideProps, "ref">'.
  Types of property 'in' are incompatible.
    Type '(index?: number | undefined) => { readonly _to: { node: string; input: number; }; }' is not assignable to type 'string'.
src/app/(admin)/manual/page.tsx(525,18): error TS2322: Type '{ className: string; }' is not assignable to type 'Omit<LucideProps, "ref">'.
  Types of property 'in' are incompatible.
    Type '(index?: number | undefined) => { readonly _to: { node: string; input: number; }; }' is not assignable to type 'string'.
src/app/(admin)/manual/page.tsx(594,16): error TS2322: Type '{ className: string; }' is not assignable to type 'Omit<LucideProps, "ref">'.
  Types of property 'in' are incompatible.
    Type '(index?: number | undefined) => { readonly _to: { node: string; input: number; }; }' is not assignable to type 'string'.
src/app/(admin)/manual/page.tsx(602,16): error TS2322: Type '{ className: string; }' is not assignable to type 'Omit<LucideProps, "ref">'.
  Types of property 'in' are incompatible.
    Type '(index?: number | undefined) => { readonly _to: { node: string; input: number; }; }' is not assignable to type 'string'.
src/app/(admin)/manual/page.tsx(687,16): error TS2322: Type '{ className: string; }' is not assignable to type 'Omit<LucideProps, "ref">'.
  Types of property 'in' are incompatible.
    Type '(index?: number | undefined) => { readonly _to: { node: string; input: number; }; }' is not assignable to type 'string'.
src/app/(admin)/manual/page.tsx(696,16): error TS2322: Type '{ className: string; }' is not assignable to type 'Omit<LucideProps, "ref">'.
  Types of property 'in' are incompatible.
    Type '(index?: number | undefined) => { readonly _to: { node: string; input: number; }; }' is not assignable to type 'string'.
src/app/(admin)/manual/page.tsx(829,16): error TS2322: Type '{ className: string; }' is not assignable to type 'Omit<LucideProps, "ref">'.
  Types of property 'in' are incompatible.
    Type '(index?: number | undefined) => { readonly _to: { node: string; input: number; }; }' is not assignable to type 'string'.
src/app/(admin)/manual/page.tsx(850,12): error TS2322: Type '{ className: string; }' is not assignable to type 'Omit<LucideProps, "ref">'.
  Types of property 'in' are incompatible.
    Type '(index?: number | undefined) => { readonly _to: { node: string; input: number; }; }' is not assignable to type 'string'.
src/app/(admin)/manual/page.tsx(902,12): error TS2322: Type '{ className: string; }' is not assignable to type 'Omit<LucideProps, "ref">'.
  Types of property 'in' are incompatible.
    Type '(index?: number | undefined) => { readonly _to: { node: string; input: number; }; }' is not assignable to type 'string'.
src/app/(admin)/marketing/marketing-client.tsx(175,17): error TS2322: Type '{ className: string; }' is not assignable to type 'Omit<LucideProps, "ref">'.
  Types of property 'in' are incompatible.
    Type '(index?: number | undefined) => { readonly _to: { node: string; input: number; }; }' is not assignable to type 'string'.
src/app/(admin)/marketing/marketing-client.tsx(177,17): error TS2322: Type '{ className: string; }' is not assignable to type 'Omit<LucideProps, "ref">'.
  Types of property 'in' are incompatible.
    Type '(index?: number | undefined) => { readonly _to: { node: string; input: number; }; }' is not assignable to type 'string'.
src/app/(admin)/marketing/marketing-client.tsx(180,17): error TS2322: Type '{ className: string; }' is not assignable to type 'Omit<LucideProps, "ref">'.
  Types of property 'in' are incompatible.
    Type '(index?: number | undefined) => { readonly _to: { node: string; input: number; }; }' is not assignable to type 'string'.
src/app/(admin)/marketing/marketing-client.tsx(182,17): error TS2322: Type '{ className: string; }' is not assignable to type 'Omit<LucideProps, "ref">'.
  Types of property 'in' are incompatible.
    Type '(index?: number | undefined) => { readonly _to: { node: string; input: number; }; }' is not assignable to type 'string'.
src/app/(admin)/marketing/marketing-client.tsx(184,17): error TS2322: Type '{ className: string; }' is not assignable to type 'Omit<LucideProps, "ref">'.
  Types of property 'in' are incompatible.
    Type '(index?: number | undefined) => { readonly _to: { node: string; input: number; }; }' is not assignable to type 'string'.
src/app/(admin)/marketing/marketing-client.tsx(186,17): error TS2322: Type '{ className: string; }' is not assignable to type 'Omit<LucideProps, "ref">'.
  Types of property 'in' are incompatible.
    Type '(index?: number | undefined) => { readonly _to: { node: string; input: number; }; }' is not assignable to type 'string'.
src/app/(admin)/marketing/marketing-client.tsx(188,17): error TS2322: Type '{ className: string; }' is not assignable to type 'Omit<LucideProps, "ref">'.
  Types of property 'in' are incompatible.
    Type '(index?: number | undefined) => { readonly _to: { node: string; input: number; }; }' is not assignable to type 'string'.
src/app/(admin)/marketing/marketing-client.tsx(201,14): error TS2322: Type '{ className: string; }' is not assignable to type 'Omit<LucideProps, "ref">'.
  Types of property 'in' are incompatible.
    Type '(index?: number | undefined) => { readonly _to: { node: string; input: number; }; }' is not assignable to type 'string'.
src/app/(admin)/marketing/marketing-client.tsx(212,14): error TS2322: Type '{ className: string; }' is not assignable to type 'Omit<LucideProps, "ref">'.
  Types of property 'in' are incompatible.
    Type '(index?: number | undefined) => { readonly _to: { node: string; input: number; }; }' is not assignable to type 'string'.
src/app/(admin)/marketing/marketing-client.tsx(229,14): error TS2322: Type '{ className: string; }' is not assignable to type 'Omit<LucideProps, "ref">'.
  Types of property 'in' are incompatible.
    Type '(index?: number | undefined) => { readonly _to: { node: string; input: number; }; }' is not assignable to type 'string'.
src/app/(admin)/marketing/marketing-client.tsx(243,16): error TS2322: Type '{ className: string; }' is not assignable to type 'Omit<LucideProps, "ref">'.
  Types of property 'in' are incompatible.
    Type '(index?: number | undefined) => { readonly _to: { node: string; input: number; }; }' is not assignable to type 'string'.
src/app/(admin)/marketing/marketing-client.tsx(267,18): error TS2769: No overload matches this call.
  Overload 1 of 2, '(props: Props, context?: any): string | number | bigint | boolean | ReactElement<unknown, string | JSXElementConstructor<any>> | Iterable<...> | Promise<...> | Component<...> | null | undefined', gave the following error.
    Type '{ dataKey: string; fontSize: number; tickLine: false; axisLine: false; }' is not assignable to type 'Omit<PresentationAttributesAdaptChildEvent<any, SVGElement>, "ref" | "scale">'.
      Types of property 'in' are incompatible.
        Type '(index?: number | undefined) => { readonly _to: { node: string; input: number; }; }' is not assignable to type 'string'.
  Overload 2 of 2, '(props: Props): string | number | bigint | boolean | ReactElement<unknown, string | JSXElementConstructor<any>> | Iterable<ReactNode> | Promise<...> | Component<...> | null | undefined', gave the following error.
    Type '{ dataKey: string; fontSize: number; tickLine: false; axisLine: false; }' is not assignable to type 'Omit<PresentationAttributesAdaptChildEvent<any, SVGElement>, "ref" | "scale">'.
      Types of property 'in' are incompatible.
        Type '(index?: number | undefined) => { readonly _to: { node: string; input: number; }; }' is not assignable to type 'string'.
src/app/(admin)/marketing/marketing-client.tsx(268,18): error TS2769: No overload matches this call.
  Overload 1 of 2, '(props: Props, context?: any): string | number | bigint | boolean | ReactElement<unknown, string | JSXElementConstructor<any>> | Iterable<...> | Promise<...> | Component<...> | null | undefined', gave the following error.
    Type '{ fontSize: number; tickLine: false; axisLine: false; tickFormatter: (value: any) => string; }' is not assignable to type 'Omit<PresentationAttributesAdaptChildEvent<any, SVGElement>, "ref" | "scale">'.
      Types of property 'in' are incompatible.
        Type '(index?: number | undefined) => { readonly _to: { node: string; input: number; }; }' is not assignable to type 'string'.
  Overload 2 of 2, '(props: Props): string | number | bigint | boolean | ReactElement<unknown, string | JSXElementConstructor<any>> | Iterable<ReactNode> | Promise<...> | Component<...> | null | undefined', gave the following error.
    Type '{ fontSize: number; tickLine: false; axisLine: false; tickFormatter: (value: any) => string; }' is not assignable to type 'Omit<PresentationAttributesAdaptChildEvent<any, SVGElement>, "ref" | "scale">'.
      Types of property 'in' are incompatible.
        Type '(index?: number | undefined) => { readonly _to: { node: string; input: number; }; }' is not assignable to type 'string'.
src/app/(admin)/marketing/marketing-client.tsx(270,19): error TS2322: Type '{ fill: string; }' is not assignable to type 'CursorDefinition | undefined'.
  Type '{ fill: string; }' is not assignable to type 'SVGProps<SVGElement>'.
    Types of property 'in' are incompatible.
      Type '(index?: number | undefined) => { readonly _to: { node: string; input: number; }; }' is not assignable to type 'string'.
src/app/(admin)/marketing/marketing-client.tsx(273,18): error TS2769: No overload matches this call.
  Overload 1 of 2, '(props: Props, context?: any): string | number | bigint | boolean | ReactElement<unknown, string | JSXElementConstructor<any>> | Iterable<...> | Promise<...> | Component<...> | null | undefined', gave the following error.
    Type '{ children: Element[]; dataKey: string; radius: [number, number, number, number]; }' is not assignable to type 'Omit<BarSvgProps, keyof BarEvents>'.
      Types of property 'in' are incompatible.
        Type '(index?: number | undefined) => { readonly _to: { node: string; input: number; }; }' is not assignable to type 'string'.
  Overload 2 of 2, '(props: Props): string | number | bigint | boolean | ReactElement<unknown, string | JSXElementConstructor<any>> | Iterable<ReactNode> | Promise<...> | Component<...> | null | undefined', gave the following error.
    Type '{ children: Element[]; dataKey: string; radius: [number, number, number, number]; }' is not assignable to type 'Omit<BarSvgProps, keyof BarEvents>'.
      Types of property 'in' are incompatible.
        Type '(index?: number | undefined) => { readonly _to: { node: string; input: number; }; }' is not assignable to type 'string'.
src/app/(admin)/marketing/marketing-client.tsx(275,22): error TS2322: Type '{ key: string; fill: string; }' is not assignable to type 'Props'.
  Types of property 'in' are incompatible.
    Type '(index?: number | undefined) => { readonly _to: { node: string; input: number; }; }' is not assignable to type 'string'.
src/app/(admin)/marketing/marketing-client.tsx(296,20): error TS2322: Type '{ className: string; }' is not assignable to type 'Omit<LucideProps, "ref">'.
  Types of property 'in' are incompatible.
    Type '(index?: number | undefined) => { readonly _to: { node: string; input: number; }; }' is not assignable to type 'string'.
src/app/(admin)/marketing/marketing-client.tsx(496,30): error TS2322: Type '{ className: string; }' is not assignable to type 'Omit<LucideProps, "ref">'.
  Types of property 'in' are incompatible.
    Type '(index?: number | undefined) => { readonly _to: { node: string; input: number; }; }' is not assignable to type 'string'.
src/app/(admin)/marketing/marketing-client.tsx(513,28): error TS2322: Type '{ className: string; }' is not assignable to type 'Omit<LucideProps, "ref">'.
  Types of property 'in' are incompatible.
    Type '(index?: number | undefined) => { readonly _to: { node: string; input: number; }; }' is not assignable to type 'string'.
src/app/(admin)/marketing/marketing-client.tsx(520,28): error TS2322: Type '{ className: string; }' is not assignable to type 'Omit<LucideProps, "ref">'.
  Types of property 'in' are incompatible.
    Type '(index?: number | undefined) => { readonly _to: { node: string; input: number; }; }' is not assignable to type 'string'.
src/app/(admin)/marketing/schemas.ts(35,9): error TS2345: Argument of type '{ message: string; path: string[]; }' is not assignable to parameter of type 'string | { path?: PropertyKey[] | undefined; abort?: boolean | undefined; when?: ((payload: ParsePayload<unknown>) => boolean) | undefined; params?: Record<string, any> | undefined; error?: string | ... 1 more ... | undefined; message?: string | undefined; } | undefined'.
  Type '{ message: string; path: string[]; }' is not assignable to type '{ path?: PropertyKey[] | undefined; abort?: boolean | undefined; when?: ((payload: ParsePayload<unknown>) => boolean) | undefined; params?: Record<string, any> | undefined; error?: string | ... 1 more ... | undefined; message?: string | undefined; }'.
    Types of property 'error' are incompatible.
      Type '() => { readonly _from: { node: string; output: number; isError?: boolean | undefined; }; to(input: { readonly _to: { node: string; input: number; }; }): void; }' is not assignable to type 'string | $ZodErrorMap<NonNullable<$ZodIssue>> | undefined'.
        Type '() => { readonly _from: { node: string; output: number; isError?: boolean | undefined; }; to(input: { readonly _to: { node: string; input: number; }; }): void; }' is not assignable to type '$ZodErrorMap<NonNullable<$ZodIssue>>'.
          Type '{ readonly _from: { node: string; output: number; isError?: boolean | undefined; }; to(input: { readonly _to: { node: string; input: number; }; }): void; }' is not assignable to type 'string | { message: string; } | null | undefined'.
src/app/(admin)/marketing/whatsapp/actions.ts(493,56): error TS2339: Property 'data' does not exist on type '{ success: boolean; data: Record<string, any> | null; } | { success: boolean; error: string; }'.
  Property 'data' does not exist on type '{ success: boolean; error: string; }'.
src/app/(admin)/marketing/whatsapp/whatsapp-client.tsx(155,42): error TS2339: Property 'data' does not exist on type '{ success: boolean; data: Record<string, any> | null; } | { success: boolean; error: string; }'.
  Property 'data' does not exist on type '{ success: boolean; error: string; }'.
src/app/(admin)/marketing/whatsapp/whatsapp-client.tsx(157,25): error TS2339: Property 'data' does not exist on type '{ success: boolean; data: Record<string, any> | null; } | { success: boolean; error: string; }'.
  Property 'data' does not exist on type '{ success: boolean; error: string; }'.
src/app/(admin)/marketing/whatsapp/whatsapp-client.tsx(158,40): error TS2339: Property 'data' does not exist on type '{ success: boolean; data: Record<string, any> | null; } | { success: boolean; error: string; }'.
  Property 'data' does not exist on type '{ success: boolean; error: string; }'.
src/app/(admin)/marketing/whatsapp/whatsapp-client.tsx(159,42): error TS2339: Property 'data' does not exist on type '{ success: boolean; data: Record<string, any> | null; } | { success: boolean; error: string; }'.
  Property 'data' does not exist on type '{ success: boolean; error: string; }'.
src/app/(admin)/marketing/whatsapp/whatsapp-client.tsx(160,45): error TS2339: Property 'data' does not exist on type '{ success: boolean; data: Record<string, any> | null; } | { success: boolean; error: string; }'.
  Property 'data' does not exist on type '{ success: boolean; error: string; }'.
src/app/(admin)/marketing/whatsapp/whatsapp-client.tsx(161,38): error TS2339: Property 'data' does not exist on type '{ success: boolean; data: Record<string, any> | null; } | { success: boolean; error: string; }'.
  Property 'data' does not exist on type '{ success: boolean; error: string; }'.
src/app/(admin)/marketing/whatsapp/whatsapp-client.tsx(164,21): error TS2345: Argument of type 'string | (() => { readonly _from: { node: string; output: number; isError?: boolean | undefined; }; to(input: { readonly _to: { node: string; input: number; }; }): void; })' is not assignable to parameter of type 'string | number | bigint | boolean | ReactElement<unknown, string | JSXElementConstructor<any>> | Iterable<ReactNode> | ... 4 more ... | undefined'.
  Type '() => { readonly _from: { node: string; output: number; isError?: boolean | undefined; }; to(input: { readonly _to: { node: string; input: number; }; }): void; }' is not assignable to type 'string | number | bigint | boolean | ReactElement<unknown, string | JSXElementConstructor<any>> | Iterable<ReactNode> | ... 4 more ... | undefined'.
    Type '() => { readonly _from: { node: string; output: number; isError?: boolean | undefined; }; to(input: { readonly _to: { node: string; input: number; }; }): void; }' is not assignable to type '() => ReactNode'.
      Type '{ readonly _from: { node: string; output: number; isError?: boolean | undefined; }; to(input: { readonly _to: { node: string; input: number; }; }): void; }' is not assignable to type 'ReactNode'.
src/app/(admin)/marketing/whatsapp/whatsapp-client.tsx(168,35): error TS2339: Property 'data' does not exist on type '{ success: boolean; data: Record<string, any>[]; } | { success: boolean; error: string; }'.
  Property 'data' does not exist on type '{ success: boolean; error: string; }'.
src/app/(admin)/marketing/whatsapp/whatsapp-client.tsx(170,21): error TS2345: Argument of type 'string | (() => { readonly _from: { node: string; output: number; isError?: boolean | undefined; }; to(input: { readonly _to: { node: string; input: number; }; }): void; })' is not assignable to parameter of type 'string | number | bigint | boolean | ReactElement<unknown, string | JSXElementConstructor<any>> | Iterable<ReactNode> | ... 4 more ... | undefined'.
  Type '() => { readonly _from: { node: string; output: number; isError?: boolean | undefined; }; to(input: { readonly _to: { node: string; input: number; }; }): void; }' is not assignable to type 'string | number | bigint | boolean | ReactElement<unknown, string | JSXElementConstructor<any>> | Iterable<ReactNode> | ... 4 more ... | undefined'.
    Type '() => { readonly _from: { node: string; output: number; isError?: boolean | undefined; }; to(input: { readonly _to: { node: string; input: number; }; }): void; }' is not assignable to type '() => ReactNode'.
      Type '{ readonly _from: { node: string; output: number; isError?: boolean | undefined; }; to(input: { readonly _to: { node: string; input: number; }; }): void; }' is not assignable to type 'ReactNode'.
src/app/(admin)/marketing/whatsapp/whatsapp-client.tsx(176,21): error TS2345: Argument of type 'string | (() => { readonly _from: { node: string; output: number; isError?: boolean | undefined; }; to(input: { readonly _to: { node: string; input: number; }; }): void; })' is not assignable to parameter of type 'string | number | bigint | boolean | ReactElement<unknown, string | JSXElementConstructor<any>> | Iterable<ReactNode> | ... 4 more ... | undefined'.
  Type '() => { readonly _from: { node: string; output: number; isError?: boolean | undefined; }; to(input: { readonly _to: { node: string; input: number; }; }): void; }' is not assignable to type 'string | number | bigint | boolean | ReactElement<unknown, string | JSXElementConstructor<any>> | Iterable<ReactNode> | ... 4 more ... | undefined'.
    Type '() => { readonly _from: { node: string; output: number; isError?: boolean | undefined; }; to(input: { readonly _to: { node: string; input: number; }; }): void; }' is not assignable to type '() => ReactNode'.
      Type '{ readonly _from: { node: string; output: number; isError?: boolean | undefined; }; to(input: { readonly _to: { node: string; input: number; }; }): void; }' is not assignable to type 'ReactNode'.
src/app/(admin)/marketing/whatsapp/whatsapp-client.tsx(180,33): error TS2339: Property 'data' does not exist on type '{ success: boolean; data: Record<string, any>[]; } | { success: boolean; error: string; }'.
  Property 'data' does not exist on type '{ success: boolean; error: string; }'.
src/app/(admin)/marketing/whatsapp/whatsapp-client.tsx(182,21): error TS2345: Argument of type 'string | (() => { readonly _from: { node: string; output: number; isError?: boolean | undefined; }; to(input: { readonly _to: { node: string; input: number; }; }): void; })' is not assignable to parameter of type 'string | number | bigint | boolean | ReactElement<unknown, string | JSXElementConstructor<any>> | Iterable<ReactNode> | ... 4 more ... | undefined'.
  Type '() => { readonly _from: { node: string; output: number; isError?: boolean | undefined; }; to(input: { readonly _to: { node: string; input: number; }; }): void; }' is not assignable to type 'string | number | bigint | boolean | ReactElement<unknown, string | JSXElementConstructor<any>> | Iterable<ReactNode> | ... 4 more ... | undefined'.
    Type '() => { readonly _from: { node: string; output: number; isError?: boolean | undefined; }; to(input: { readonly _to: { node: string; input: number; }; }): void; }' is not assignable to type '() => ReactNode'.
      Type '{ readonly _from: { node: string; output: number; isError?: boolean | undefined; }; to(input: { readonly _to: { node: string; input: number; }; }): void; }' is not assignable to type 'ReactNode'.
src/app/(admin)/marketing/whatsapp/whatsapp-client.tsx(218,11): error TS2322: Type 'boolean | undefined' is not assignable to type 'boolean'.
  Type 'undefined' is not assignable to type 'boolean'.
src/app/(admin)/marketing/whatsapp/whatsapp-client.tsx(219,11): error TS2322: Type 'string | undefined' is not assignable to type 'string'.
  Type 'undefined' is not assignable to type 'string'.
src/app/(admin)/marketing/whatsapp/whatsapp-client.tsx(328,30): error TS2339: Property 'data' does not exist on type '{ success: boolean; data: any[]; } | { success: boolean; error: string; }'.
  Property 'data' does not exist on type '{ success: boolean; error: string; }'.
src/app/(admin)/marketing/whatsapp/whatsapp-client.tsx(330,21): error TS2345: Argument of type 'string | (() => { readonly _from: { node: string; output: number; isError?: boolean | undefined; }; to(input: { readonly _to: { node: string; input: number; }; }): void; })' is not assignable to parameter of type 'string | number | bigint | boolean | ReactElement<unknown, string | JSXElementConstructor<any>> | Iterable<ReactNode> | ... 4 more ... | undefined'.
  Type '() => { readonly _from: { node: string; output: number; isError?: boolean | undefined; }; to(input: { readonly _to: { node: string; input: number; }; }): void; }' is not assignable to type 'string | number | bigint | boolean | ReactElement<unknown, string | JSXElementConstructor<any>> | Iterable<ReactNode> | ... 4 more ... | undefined'.
    Type '() => { readonly _from: { node: string; output: number; isError?: boolean | undefined; }; to(input: { readonly _to: { node: string; input: number; }; }): void; }' is not assignable to type '() => ReactNode'.
      Type '{ readonly _from: { node: string; output: number; isError?: boolean | undefined; }; to(input: { readonly _to: { node: string; input: number; }; }): void; }' is not assignable to type 'ReactNode'.
src/app/(admin)/marketing/whatsapp/whatsapp-client.tsx(405,14): error TS2322: Type '{ className: string; }' is not assignable to type 'Omit<LucideProps, "ref">'.
  Types of property 'in' are incompatible.
    Type '(index?: number | undefined) => { readonly _to: { node: string; input: number; }; }' is not assignable to type 'string'.
src/app/(admin)/marketing/whatsapp/whatsapp-client.tsx(429,16): error TS2322: Type '{ className: string; }' is not assignable to type 'Omit<LucideProps, "ref">'.
  Types of property 'in' are incompatible.
    Type '(index?: number | undefined) => { readonly _to: { node: string; input: number; }; }' is not assignable to type 'string'.
src/app/(admin)/marketing/whatsapp/whatsapp-client.tsx(431,16): error TS2322: Type '{ className: string; }' is not assignable to type 'Omit<LucideProps, "ref">'.
  Types of property 'in' are incompatible.
    Type '(index?: number | undefined) => { readonly _to: { node: string; input: number; }; }' is not assignable to type 'string'.
src/app/(admin)/marketing/whatsapp/whatsapp-client.tsx(451,14): error TS2322: Type '{ className: string; }' is not assignable to type 'Omit<LucideProps, "ref">'.
  Types of property 'in' are incompatible.
    Type '(index?: number | undefined) => { readonly _to: { node: string; input: number; }; }' is not assignable to type 'string'.
src/app/(admin)/marketing/whatsapp/whatsapp-client.tsx(462,14): error TS2322: Type '{ className: string; }' is not assignable to type 'Omit<LucideProps, "ref">'.
  Types of property 'in' are incompatible.
    Type '(index?: number | undefined) => { readonly _to: { node: string; input: number; }; }' is not assignable to type 'string'.
src/app/(admin)/marketing/whatsapp/whatsapp-client.tsx(473,14): error TS2322: Type '{ className: string; }' is not assignable to type 'Omit<LucideProps, "ref">'.
  Types of property 'in' are incompatible.
    Type '(index?: number | undefined) => { readonly _to: { node: string; input: number; }; }' is not assignable to type 'string'.
src/app/(admin)/marketing/whatsapp/whatsapp-client.tsx(494,12): error TS2322: Type '{ className: string; }' is not assignable to type 'Omit<LucideProps, "ref">'.
  Types of property 'in' are incompatible.
    Type '(index?: number | undefined) => { readonly _to: { node: string; input: number; }; }' is not assignable to type 'string'.
src/app/(admin)/marketing/whatsapp/whatsapp-client.tsx(505,12): error TS2322: Type '{ className: string; }' is not assignable to type 'Omit<LucideProps, "ref">'.
  Types of property 'in' are incompatible.
    Type '(index?: number | undefined) => { readonly _to: { node: string; input: number; }; }' is not assignable to type 'string'.
src/app/(admin)/marketing/whatsapp/whatsapp-client.tsx(516,12): error TS2322: Type '{ className: string; }' is not assignable to type 'Omit<LucideProps, "ref">'.
  Types of property 'in' are incompatible.
    Type '(index?: number | undefined) => { readonly _to: { node: string; input: number; }; }' is not assignable to type 'string'.
src/app/(admin)/marketing/whatsapp/whatsapp-client.tsx(529,18): error TS2322: Type '{ className: string; }' is not assignable to type 'Omit<LucideProps, "ref">'.
  Types of property 'in' are incompatible.
    Type '(index?: number | undefined) => { readonly _to: { node: string; input: number; }; }' is not assignable to type 'string'.
src/app/(admin)/marketing/whatsapp/whatsapp-client.tsx(591,32): error TS2322: Type '{ className: string; }' is not assignable to type 'Omit<LucideProps, "ref">'.
  Types of property 'in' are incompatible.
    Type '(index?: number | undefined) => { readonly _to: { node: string; input: number; }; }' is not assignable to type 'string'.
src/app/(admin)/marketing/whatsapp/whatsapp-client.tsx(593,32): error TS2322: Type '{ className: string; }' is not assignable to type 'Omit<LucideProps, "ref">'.
  Types of property 'in' are incompatible.
    Type '(index?: number | undefined) => { readonly _to: { node: string; input: number; }; }' is not assignable to type 'string'.
src/app/(admin)/marketing/whatsapp/whatsapp-client.tsx(602,30): error TS2322: Type '{ className: string; }' is not assignable to type 'Omit<LucideProps, "ref">'.
  Types of property 'in' are incompatible.
    Type '(index?: number | undefined) => { readonly _to: { node: string; input: number; }; }' is not assignable to type 'string'.
src/app/(admin)/marketing/whatsapp/whatsapp-client.tsx(610,30): error TS2322: Type '{ className: string; }' is not assignable to type 'Omit<LucideProps, "ref">'.
  Types of property 'in' are incompatible.
    Type '(index?: number | undefined) => { readonly _to: { node: string; input: number; }; }' is not assignable to type 'string'.
src/app/(admin)/marketing/whatsapp/whatsapp-client.tsx(714,18): error TS2322: Type '{ className: string; }' is not assignable to type 'Omit<LucideProps, "ref">'.
  Types of property 'in' are incompatible.
    Type '(index?: number | undefined) => { readonly _to: { node: string; input: number; }; }' is not assignable to type 'string'.
src/app/(admin)/marketing/whatsapp/whatsapp-client.tsx(725,22): error TS2322: Type '{ className: string; }' is not assignable to type 'Omit<LucideProps, "ref">'.
  Types of property 'in' are incompatible.
    Type '(index?: number | undefined) => { readonly _to: { node: string; input: number; }; }' is not assignable to type 'string'.
src/app/(admin)/marketing/whatsapp/whatsapp-client.tsx(754,22): error TS2322: Type '{ className: string; }' is not assignable to type 'Omit<LucideProps, "ref">'.
  Types of property 'in' are incompatible.
    Type '(index?: number | undefined) => { readonly _to: { node: string; input: number; }; }' is not assignable to type 'string'.
src/app/(admin)/marketing/whatsapp/whatsapp-client.tsx(830,18): error TS2322: Type '{ className: string; }' is not assignable to type 'Omit<LucideProps, "ref">'.
  Types of property 'in' are incompatible.
    Type '(index?: number | undefined) => { readonly _to: { node: string; input: number; }; }' is not assignable to type 'string'.
src/app/(admin)/marketing/whatsapp/whatsapp-client.tsx(852,16): error TS2322: Type '{ className: string; }' is not assignable to type 'Omit<LucideProps, "ref">'.
  Types of property 'in' are incompatible.
    Type '(index?: number | undefined) => { readonly _to: { node: string; input: number; }; }' is not assignable to type 'string'.
src/app/(admin)/marketing/whatsapp/whatsapp-client.tsx(882,22): error TS2322: Type '{ className: string; }' is not assignable to type 'Omit<LucideProps, "ref">'.
  Types of property 'in' are incompatible.
    Type '(index?: number | undefined) => { readonly _to: { node: string; input: number; }; }' is not assignable to type 'string'.
src/app/(admin)/marketing/whatsapp/whatsapp-client.tsx(900,22): error TS2322: Type '{ className: string; }' is not assignable to type 'Omit<LucideProps, "ref">'.
  Types of property 'in' are incompatible.
    Type '(index?: number | undefined) => { readonly _to: { node: string; input: number; }; }' is not assignable to type 'string'.
src/app/(admin)/marketing/whatsapp/whatsapp-client.tsx(911,20): error TS2322: Type '{ className: string; }' is not assignable to type 'Omit<LucideProps, "ref">'.
  Types of property 'in' are incompatible.
    Type '(index?: number | undefined) => { readonly _to: { node: string; input: number; }; }' is not assignable to type 'string'.
src/app/(admin)/marketing/whatsapp/whatsapp-client.tsx(924,22): error TS2322: Type '{ className: string; }' is not assignable to type 'Omit<LucideProps, "ref">'.
  Types of property 'in' are incompatible.
    Type '(index?: number | undefined) => { readonly _to: { node: string; input: number; }; }' is not assignable to type 'string'.
src/app/(admin)/marketing/whatsapp/whatsapp-client.tsx(956,26): error TS2322: Type '{ className: string; }' is not assignable to type 'Omit<LucideProps, "ref">'.
  Types of property 'in' are incompatible.
    Type '(index?: number | undefined) => { readonly _to: { node: string; input: number; }; }' is not assignable to type 'string'.
src/app/(admin)/marketing/whatsapp/whatsapp-client.tsx(1011,22): error TS2322: Type '{ className: string; }' is not assignable to type 'Omit<LucideProps, "ref">'.
  Types of property 'in' are incompatible.
    Type '(index?: number | undefined) => { readonly _to: { node: string; input: number; }; }' is not assignable to type 'string'.
src/app/(admin)/marketing/whatsapp/whatsapp-client.tsx(1016,22): error TS2322: Type '{ className: string; }' is not assignable to type 'Omit<LucideProps, "ref">'.
  Types of property 'in' are incompatible.
    Type '(index?: number | undefined) => { readonly _to: { node: string; input: number; }; }' is not assignable to type 'string'.
src/app/(admin)/mulheres/atendimentos/[id]/page.tsx(72,16): error TS2322: Type '{ className: string; }' is not assignable to type 'Omit<LucideProps, "ref">'.
  Types of property 'in' are incompatible.
    Type '(index?: number | undefined) => { readonly _to: { node: string; input: number; }; }' is not assignable to type 'string'.
src/app/(admin)/mulheres/atendimentos/[id]/page.tsx(121,27): error TS2322: Type '{ className: string; }' is not assignable to type 'Omit<LucideProps, "ref">'.
  Types of property 'in' are incompatible.
    Type '(index?: number | undefined) => { readonly _to: { node: string; input: number; }; }' is not assignable to type 'string'.
src/app/(admin)/mulheres/atendimentos/[id]/page.tsx(184,16): error TS2322: Type '{ className: string; }' is not assignable to type 'Omit<LucideProps, "ref">'.
  Types of property 'in' are incompatible.
    Type '(index?: number | undefined) => { readonly _to: { node: string; input: number; }; }' is not assignable to type 'string'.
src/app/(admin)/mulheres/atendimentos/[id]/page.tsx(207,16): error TS2322: Type '{ className: string; }' is not assignable to type 'Omit<LucideProps, "ref">'.
  Types of property 'in' are incompatible.
    Type '(index?: number | undefined) => { readonly _to: { node: string; input: number; }; }' is not assignable to type 'string'.
src/app/(admin)/mulheres/atendimentos/[id]/page.tsx(222,20): error TS2322: Type '{ className: string; }' is not assignable to type 'Omit<LucideProps, "ref">'.
  Types of property 'in' are incompatible.
    Type '(index?: number | undefined) => { readonly _to: { node: string; input: number; }; }' is not assignable to type 'string'.
src/app/(admin)/mulheres/atendimentos/[id]/page.tsx(275,18): error TS2322: Type '{ className: string; }' is not assignable to type 'Omit<LucideProps, "ref">'.
  Types of property 'in' are incompatible.
    Type '(index?: number | undefined) => { readonly _to: { node: string; input: number; }; }' is not assignable to type 'string'.
src/app/(admin)/mulheres/atendimentos/[id]/page.tsx(281,18): error TS2322: Type '{ className: string; }' is not assignable to type 'Omit<LucideProps, "ref">'.
  Types of property 'in' are incompatible.
    Type '(index?: number | undefined) => { readonly _to: { node: string; input: number; }; }' is not assignable to type 'string'.
src/app/(admin)/mulheres/atendimentos/[id]/page.tsx(306,20): error TS2322: Type '{ className: string; }' is not assignable to type 'Omit<LucideProps, "ref">'.
  Types of property 'in' are incompatible.
    Type '(index?: number | undefined) => { readonly _to: { node: string; input: number; }; }' is not assignable to type 'string'.
src/app/(admin)/mulheres/atendimentos/[id]/page.tsx(316,22): error TS2322: Type '{ className: string; }' is not assignable to type 'Omit<LucideProps, "ref">'.
  Types of property 'in' are incompatible.
    Type '(index?: number | undefined) => { readonly _to: { node: string; input: number; }; }' is not assignable to type 'string'.
src/app/(admin)/mulheres/atendimentos/[id]/page.tsx(332,20): error TS2322: Type '{ className: string; }' is not assignable to type 'Omit<LucideProps, "ref">'.
  Types of property 'in' are incompatible.
    Type '(index?: number | undefined) => { readonly _to: { node: string; input: number; }; }' is not assignable to type 'string'.
src/app/(admin)/mulheres/atendimentos/[id]/page.tsx(342,22): error TS2322: Type '{ className: string; }' is not assignable to type 'Omit<LucideProps, "ref">'.
  Types of property 'in' are incompatible.
    Type '(index?: number | undefined) => { readonly _to: { node: string; input: number; }; }' is not assignable to type 'string'.
src/app/(admin)/mulheres/atendimentos/[id]/page.tsx(348,20): error TS2322: Type '{ className: string; }' is not assignable to type 'Omit<LucideProps, "ref">'.
  Types of property 'in' are incompatible.
    Type '(index?: number | undefined) => { readonly _to: { node: string; input: number; }; }' is not assignable to type 'string'.
src/app/(admin)/mulheres/atendimentos/[id]/page.tsx(364,20): error TS2322: Type '{ className: string; }' is not assignable to type 'Omit<LucideProps, "ref">'.
  Types of property 'in' are incompatible.
    Type '(index?: number | undefined) => { readonly _to: { node: string; input: number; }; }' is not assignable to type 'string'.
src/app/(admin)/mulheres/atendimentos/[id]/relatorio/print-button.tsx(11,8): error TS2322: Type '{ className: string; }' is not assignable to type 'Omit<LucideProps, "ref">'.
  Types of property 'in' are incompatible.
    Type '(index?: number | undefined) => { readonly _to: { node: string; input: number; }; }' is not assignable to type 'string'.
src/app/(admin)/mulheres/atendimentos/[id]/schemas.ts(39,7): error TS2345: Argument of type '{ message: string; }' is not assignable to parameter of type 'string | { path?: PropertyKey[] | undefined; abort?: boolean | undefined; when?: ((payload: ParsePayload<unknown>) => boolean) | undefined; params?: Record<string, any> | undefined; error?: string | ... 1 more ... | undefined; message?: string | undefined; } | undefined'.
  Type '{ message: string; }' is not assignable to type '{ path?: PropertyKey[] | undefined; abort?: boolean | undefined; when?: ((payload: ParsePayload<unknown>) => boolean) | undefined; params?: Record<string, any> | undefined; error?: string | ... 1 more ... | undefined; message?: string | undefined; }'.
    Types of property 'error' are incompatible.
      Type '() => { readonly _from: { node: string; output: number; isError?: boolean | undefined; }; to(input: { readonly _to: { node: string; input: number; }; }): void; }' is not assignable to type 'string | $ZodErrorMap<NonNullable<$ZodIssue>> | undefined'.
        Type '() => { readonly _from: { node: string; output: number; isError?: boolean | undefined; }; to(input: { readonly _to: { node: string; input: number; }; }): void; }' is not assignable to type '$ZodErrorMap<NonNullable<$ZodIssue>>'.
          Type '{ readonly _from: { node: string; output: number; isError?: boolean | undefined; }; to(input: { readonly _to: { node: string; input: number; }; }): void; }' is not assignable to type 'string | { message: string; } | null | undefined'.
src/app/(admin)/mulheres/atendimentos/[id]/tramitacoes-client.tsx(101,24): error TS2345: Argument of type 'TramitacaoWithRelations[] | undefined' is not assignable to parameter of type 'SetStateAction<TramitacaoWithRelations[]>'.
  Type 'undefined' is not assignable to type 'SetStateAction<TramitacaoWithRelations[]>'.
src/app/(admin)/mulheres/atendimentos/[id]/tramitacoes-client.tsx(228,16): error TS2322: Type '{ className: string; }' is not assignable to type 'Omit<LucideProps, "ref">'.
  Types of property 'in' are incompatible.
    Type '(index?: number | undefined) => { readonly _to: { node: string; input: number; }; }' is not assignable to type 'string'.
src/app/(admin)/mulheres/atendimentos/[id]/tramitacoes-client.tsx(233,14): error TS2322: Type '{ className: string; }' is not assignable to type 'Omit<LucideProps, "ref">'.
  Types of property 'in' are incompatible.
    Type '(index?: number | undefined) => { readonly _to: { node: string; input: number; }; }' is not assignable to type 'string'.
src/app/(admin)/mulheres/atendimentos/[id]/tramitacoes-client.tsx(241,12): error TS2322: Type '{ className: string; }' is not assignable to type 'Omit<LucideProps, "ref">'.
  Types of property 'in' are incompatible.
    Type '(index?: number | undefined) => { readonly _to: { node: string; input: number; }; }' is not assignable to type 'string'.
src/app/(admin)/mulheres/atendimentos/[id]/tramitacoes-client.tsx(267,26): error TS2322: Type '{ className: string; }' is not assignable to type 'Omit<LucideProps, "ref">'.
  Types of property 'in' are incompatible.
    Type '(index?: number | undefined) => { readonly _to: { node: string; input: number; }; }' is not assignable to type 'string'.
src/app/(admin)/mulheres/atendimentos/[id]/tramitacoes-client.tsx(278,26): error TS2322: Type '{ className: string; }' is not assignable to type 'Omit<LucideProps, "ref">'.
  Types of property 'in' are incompatible.
    Type '(index?: number | undefined) => { readonly _to: { node: string; input: number; }; }' is not assignable to type 'string'.
src/app/(admin)/mulheres/atendimentos/[id]/tramitacoes-client.tsx(286,28): error TS2322: Type '{ className: string; }' is not assignable to type 'Omit<LucideProps, "ref">'.
  Types of property 'in' are incompatible.
    Type '(index?: number | undefined) => { readonly _to: { node: string; input: number; }; }' is not assignable to type 'string'.
src/app/(admin)/mulheres/atendimentos/[id]/tramitacoes-client.tsx(307,22): error TS2322: Type '{ className: string; }' is not assignable to type 'Omit<LucideProps, "ref">'.
  Types of property 'in' are incompatible.
    Type '(index?: number | undefined) => { readonly _to: { node: string; input: number; }; }' is not assignable to type 'string'.
src/app/(admin)/mulheres/atendimentos/[id]/tramitacoes-client.tsx(456,24): error TS2322: Type '{ className: string; }' is not assignable to type 'Omit<LucideProps, "ref">'.
  Types of property 'in' are incompatible.
    Type '(index?: number | undefined) => { readonly _to: { node: string; input: number; }; }' is not assignable to type 'string'.
src/app/(admin)/mulheres/atendimentos/atendimento-form.tsx(687,20): error TS2322: Type '{ className: string; }' is not assignable to type 'Omit<LucideProps, "ref">'.
  Types of property 'in' are incompatible.
    Type '(index?: number | undefined) => { readonly _to: { node: string; input: number; }; }' is not assignable to type 'string'.
src/app/(admin)/mulheres/atendimentos/atendimentos-client.tsx(225,12): error TS2322: Type '{ className: string; }' is not assignable to type 'Omit<LucideProps, "ref">'.
  Types of property 'in' are incompatible.
    Type '(index?: number | undefined) => { readonly _to: { node: string; input: number; }; }' is not assignable to type 'string'.
src/app/(admin)/mulheres/atendimentos/atendimentos-client.tsx(390,30): error TS2322: Type '{ className: string; }' is not assignable to type 'Omit<LucideProps, "ref">'.
  Types of property 'in' are incompatible.
    Type '(index?: number | undefined) => { readonly _to: { node: string; input: number; }; }' is not assignable to type 'string'.
src/app/(admin)/mulheres/atendimentos/atendimentos-client.tsx(399,28): error TS2322: Type '{ className: string; }' is not assignable to type 'Omit<LucideProps, "ref">'.
  Types of property 'in' are incompatible.
    Type '(index?: number | undefined) => { readonly _to: { node: string; input: number; }; }' is not assignable to type 'string'.
src/app/(admin)/mulheres/atendimentos/atendimentos-client.tsx(407,28): error TS2322: Type '{ className: string; }' is not assignable to type 'Omit<LucideProps, "ref">'.
  Types of property 'in' are incompatible.
    Type '(index?: number | undefined) => { readonly _to: { node: string; input: number; }; }' is not assignable to type 'string'.
src/app/(admin)/mulheres/atendimentos/beneficiaria-combobox.tsx(111,12): error TS2322: Type '{ className: string; }' is not assignable to type 'Omit<LucideProps, "ref">'.
  Types of property 'in' are incompatible.
    Type '(index?: number | undefined) => { readonly _to: { node: string; input: number; }; }' is not assignable to type 'string'.
src/app/(admin)/mulheres/atendimentos/beneficiaria-combobox.tsx(136,18): error TS2322: Type '{ className: string; }' is not assignable to type 'Omit<LucideProps, "ref">'.
  Types of property 'in' are incompatible.
    Type '(index?: number | undefined) => { readonly _to: { node: string; input: number; }; }' is not assignable to type 'string'.
src/app/(admin)/mulheres/atendimentos/schemas.ts(16,13): error TS2345: Argument of type '{ message: string; }' is not assignable to parameter of type 'string | { error?: string | $ZodErrorMap<$ZodIssueInvalidType<unknown>> | undefined; message?: string | undefined; } | undefined'.
  Type '{ message: string; }' is not assignable to type '{ error?: string | $ZodErrorMap<$ZodIssueInvalidType<unknown>> | undefined; message?: string | undefined; }'.
    Types of property 'error' are incompatible.
      Type '() => { readonly _from: { node: string; output: number; isError?: boolean | undefined; }; to(input: { readonly _to: { node: string; input: number; }; }): void; }' is not assignable to type 'string | $ZodErrorMap<$ZodIssueInvalidType<unknown>> | undefined'.
        Type '() => { readonly _from: { node: string; output: number; isError?: boolean | undefined; }; to(input: { readonly _to: { node: string; input: number; }; }): void; }' is not assignable to type '$ZodErrorMap<$ZodIssueInvalidType<unknown>>'.
          Type '{ readonly _from: { node: string; output: number; isError?: boolean | undefined; }; to(input: { readonly _to: { node: string; input: number; }; }): void; }' is not assignable to type 'string | { message: string; } | null | undefined'.
src/app/(admin)/mulheres/atendimentos/schemas.ts(17,10): error TS2345: Argument of type '{ message: string; }' is not assignable to parameter of type 'string | { abort?: boolean | undefined; error?: string | $ZodErrorMap<NonNullable<$ZodIssueInvalidType<unknown> | $ZodIssueTooBig<"number"> | $ZodIssueTooSmall<"number">>> | undefined; message?: string | undefined; } | undefined'.
  Type '{ message: string; }' is not assignable to type '{ abort?: boolean | undefined; error?: string | $ZodErrorMap<NonNullable<$ZodIssueInvalidType<unknown> | $ZodIssueTooBig<"number"> | $ZodIssueTooSmall<"number">>> | undefined; message?: string | undefined; }'.
    Types of property 'error' are incompatible.
      Type '() => { readonly _from: { node: string; output: number; isError?: boolean | undefined; }; to(input: { readonly _to: { node: string; input: number; }; }): void; }' is not assignable to type 'string | $ZodErrorMap<NonNullable<$ZodIssueInvalidType<unknown> | $ZodIssueTooBig<"number"> | $ZodIssueTooSmall<"number">>> | undefined'.
        Type '() => { readonly _from: { node: string; output: number; isError?: boolean | undefined; }; to(input: { readonly _to: { node: string; input: number; }; }): void; }' is not assignable to type '$ZodErrorMap<NonNullable<$ZodIssueInvalidType<unknown> | $ZodIssueTooBig<"number"> | $ZodIssueTooSmall<"number">>>'.
          Type '{ readonly _from: { node: string; output: number; isError?: boolean | undefined; }; to(input: { readonly _to: { node: string; input: number; }; }): void; }' is not assignable to type 'string | { message: string; } | null | undefined'.
src/app/(admin)/mulheres/atendimentos/schemas.ts(18,15): error TS2345: Argument of type '{ message: string; }' is not assignable to parameter of type 'string | { abort?: boolean | undefined; error?: string | $ZodErrorMap<$ZodIssueTooSmall<Numeric>> | undefined; message?: string | undefined; } | undefined'.
  Type '{ message: string; }' is not assignable to type '{ abort?: boolean | undefined; error?: string | $ZodErrorMap<$ZodIssueTooSmall<Numeric>> | undefined; message?: string | undefined; }'.
    Types of property 'error' are incompatible.
      Type '() => { readonly _from: { node: string; output: number; isError?: boolean | undefined; }; to(input: { readonly _to: { node: string; input: number; }; }): void; }' is not assignable to type 'string | $ZodErrorMap<$ZodIssueTooSmall<Numeric>> | undefined'.
        Type '() => { readonly _from: { node: string; output: number; isError?: boolean | undefined; }; to(input: { readonly _to: { node: string; input: number; }; }): void; }' is not assignable to type '$ZodErrorMap<$ZodIssueTooSmall<Numeric>>'.
          Type '{ readonly _from: { node: string; output: number; isError?: boolean | undefined; }; to(input: { readonly _to: { node: string; input: number; }; }): void; }' is not assignable to type 'string | { message: string; } | null | undefined'.
src/app/(admin)/mulheres/atendimentos/schemas.ts(21,13): error TS2345: Argument of type '{ message: string; }' is not assignable to parameter of type 'string | { error?: string | $ZodErrorMap<$ZodIssueInvalidType<unknown>> | undefined; message?: string | undefined; } | undefined'.
  Type '{ message: string; }' is not assignable to type '{ error?: string | $ZodErrorMap<$ZodIssueInvalidType<unknown>> | undefined; message?: string | undefined; }'.
    Types of property 'error' are incompatible.
      Type '() => { readonly _from: { node: string; output: number; isError?: boolean | undefined; }; to(input: { readonly _to: { node: string; input: number; }; }): void; }' is not assignable to type 'string | $ZodErrorMap<$ZodIssueInvalidType<unknown>> | undefined'.
        Type '() => { readonly _from: { node: string; output: number; isError?: boolean | undefined; }; to(input: { readonly _to: { node: string; input: number; }; }): void; }' is not assignable to type '$ZodErrorMap<$ZodIssueInvalidType<unknown>>'.
          Type '{ readonly _from: { node: string; output: number; isError?: boolean | undefined; }; to(input: { readonly _to: { node: string; input: number; }; }): void; }' is not assignable to type 'string | { message: string; } | null | undefined'.
src/app/(admin)/mulheres/atendimentos/schemas.ts(27,13): error TS2345: Argument of type '{ message: string; }' is not assignable to parameter of type 'string | { error?: string | $ZodErrorMap<$ZodIssueInvalidType<unknown>> | undefined; message?: string | undefined; } | undefined'.
  Type '{ message: string; }' is not assignable to type '{ error?: string | $ZodErrorMap<$ZodIssueInvalidType<unknown>> | undefined; message?: string | undefined; }'.
    Types of property 'error' are incompatible.
      Type '() => { readonly _from: { node: string; output: number; isError?: boolean | undefined; }; to(input: { readonly _to: { node: string; input: number; }; }): void; }' is not assignable to type 'string | $ZodErrorMap<$ZodIssueInvalidType<unknown>> | undefined'.
        Type '() => { readonly _from: { node: string; output: number; isError?: boolean | undefined; }; to(input: { readonly _to: { node: string; input: number; }; }): void; }' is not assignable to type '$ZodErrorMap<$ZodIssueInvalidType<unknown>>'.
          Type '{ readonly _from: { node: string; output: number; isError?: boolean | undefined; }; to(input: { readonly _to: { node: string; input: number; }; }): void; }' is not assignable to type 'string | { message: string; } | null | undefined'.
src/app/(admin)/mulheres/atendimentos/schemas.ts(39,13): error TS2345: Argument of type '{ message: string; }' is not assignable to parameter of type 'string | { error?: string | $ZodErrorMap<$ZodIssueInvalidType<unknown>> | undefined; message?: string | undefined; } | undefined'.
  Type '{ message: string; }' is not assignable to type '{ error?: string | $ZodErrorMap<$ZodIssueInvalidType<unknown>> | undefined; message?: string | undefined; }'.
    Types of property 'error' are incompatible.
      Type '() => { readonly _from: { node: string; output: number; isError?: boolean | undefined; }; to(input: { readonly _to: { node: string; input: number; }; }): void; }' is not assignable to type 'string | $ZodErrorMap<$ZodIssueInvalidType<unknown>> | undefined'.
        Type '() => { readonly _from: { node: string; output: number; isError?: boolean | undefined; }; to(input: { readonly _to: { node: string; input: number; }; }): void; }' is not assignable to type '$ZodErrorMap<$ZodIssueInvalidType<unknown>>'.
          Type '{ readonly _from: { node: string; output: number; isError?: boolean | undefined; }; to(input: { readonly _to: { node: string; input: number; }; }): void; }' is not assignable to type 'string | { message: string; } | null | undefined'.
src/app/(admin)/mulheres/atendimentos/schemas.ts(63,13): error TS2345: Argument of type '{ message: string; }' is not assignable to parameter of type 'string | { error?: string | $ZodErrorMap<$ZodIssueInvalidType<unknown>> | undefined; message?: string | undefined; } | undefined'.
  Type '{ message: string; }' is not assignable to type '{ error?: string | $ZodErrorMap<$ZodIssueInvalidType<unknown>> | undefined; message?: string | undefined; }'.
    Types of property 'error' are incompatible.
      Type '() => { readonly _from: { node: string; output: number; isError?: boolean | undefined; }; to(input: { readonly _to: { node: string; input: number; }; }): void; }' is not assignable to type 'string | $ZodErrorMap<$ZodIssueInvalidType<unknown>> | undefined'.
        Type '() => { readonly _from: { node: string; output: number; isError?: boolean | undefined; }; to(input: { readonly _to: { node: string; input: number; }; }): void; }' is not assignable to type '$ZodErrorMap<$ZodIssueInvalidType<unknown>>'.
          Type '{ readonly _from: { node: string; output: number; isError?: boolean | undefined; }; to(input: { readonly _to: { node: string; input: number; }; }): void; }' is not assignable to type 'string | { message: string; } | null | undefined'.
src/app/(admin)/mulheres/atendimentos/schemas.ts(64,10): error TS2345: Argument of type '{ message: string; }' is not assignable to parameter of type 'string | { abort?: boolean | undefined; error?: string | $ZodErrorMap<NonNullable<$ZodIssueInvalidType<unknown> | $ZodIssueTooBig<"number"> | $ZodIssueTooSmall<"number">>> | undefined; message?: string | undefined; } | undefined'.
  Type '{ message: string; }' is not assignable to type '{ abort?: boolean | undefined; error?: string | $ZodErrorMap<NonNullable<$ZodIssueInvalidType<unknown> | $ZodIssueTooBig<"number"> | $ZodIssueTooSmall<"number">>> | undefined; message?: string | undefined; }'.
    Types of property 'error' are incompatible.
      Type '() => { readonly _from: { node: string; output: number; isError?: boolean | undefined; }; to(input: { readonly _to: { node: string; input: number; }; }): void; }' is not assignable to type 'string | $ZodErrorMap<NonNullable<$ZodIssueInvalidType<unknown> | $ZodIssueTooBig<"number"> | $ZodIssueTooSmall<"number">>> | undefined'.
        Type '() => { readonly _from: { node: string; output: number; isError?: boolean | undefined; }; to(input: { readonly _to: { node: string; input: number; }; }): void; }' is not assignable to type '$ZodErrorMap<NonNullable<$ZodIssueInvalidType<unknown> | $ZodIssueTooBig<"number"> | $ZodIssueTooSmall<"number">>>'.
          Type '{ readonly _from: { node: string; output: number; isError?: boolean | undefined; }; to(input: { readonly _to: { node: string; input: number; }; }): void; }' is not assignable to type 'string | { message: string; } | null | undefined'.
src/app/(admin)/mulheres/atendimentos/schemas.ts(65,15): error TS2345: Argument of type '{ message: string; }' is not assignable to parameter of type 'string | { abort?: boolean | undefined; error?: string | $ZodErrorMap<$ZodIssueTooSmall<Numeric>> | undefined; message?: string | undefined; } | undefined'.
  Type '{ message: string; }' is not assignable to type '{ abort?: boolean | undefined; error?: string | $ZodErrorMap<$ZodIssueTooSmall<Numeric>> | undefined; message?: string | undefined; }'.
    Types of property 'error' are incompatible.
      Type '() => { readonly _from: { node: string; output: number; isError?: boolean | undefined; }; to(input: { readonly _to: { node: string; input: number; }; }): void; }' is not assignable to type 'string | $ZodErrorMap<$ZodIssueTooSmall<Numeric>> | undefined'.
        Type '() => { readonly _from: { node: string; output: number; isError?: boolean | undefined; }; to(input: { readonly _to: { node: string; input: number; }; }): void; }' is not assignable to type '$ZodErrorMap<$ZodIssueTooSmall<Numeric>>'.
          Type '{ readonly _from: { node: string; output: number; isError?: boolean | undefined; }; to(input: { readonly _to: { node: string; input: number; }; }): void; }' is not assignable to type 'string | { message: string; } | null | undefined'.
src/app/(admin)/mulheres/atendimentos/schemas.ts(68,13): error TS2345: Argument of type '{ message: string; }' is not assignable to parameter of type 'string | { error?: string | $ZodErrorMap<$ZodIssueInvalidType<unknown>> | undefined; message?: string | undefined; } | undefined'.
  Type '{ message: string; }' is not assignable to type '{ error?: string | $ZodErrorMap<$ZodIssueInvalidType<unknown>> | undefined; message?: string | undefined; }'.
    Types of property 'error' are incompatible.
      Type '() => { readonly _from: { node: string; output: number; isError?: boolean | undefined; }; to(input: { readonly _to: { node: string; input: number; }; }): void; }' is not assignable to type 'string | $ZodErrorMap<$ZodIssueInvalidType<unknown>> | undefined'.
        Type '() => { readonly _from: { node: string; output: number; isError?: boolean | undefined; }; to(input: { readonly _to: { node: string; input: number; }; }): void; }' is not assignable to type '$ZodErrorMap<$ZodIssueInvalidType<unknown>>'.
          Type '{ readonly _from: { node: string; output: number; isError?: boolean | undefined; }; to(input: { readonly _to: { node: string; input: number; }; }): void; }' is not assignable to type 'string | { message: string; } | null | undefined'.
src/app/(admin)/mulheres/atendimentos/schemas.ts(74,13): error TS2345: Argument of type '{ message: string; }' is not assignable to parameter of type 'string | { error?: string | $ZodErrorMap<$ZodIssueInvalidType<unknown>> | undefined; message?: string | undefined; } | undefined'.
  Type '{ message: string; }' is not assignable to type '{ error?: string | $ZodErrorMap<$ZodIssueInvalidType<unknown>> | undefined; message?: string | undefined; }'.
    Types of property 'error' are incompatible.
      Type '() => { readonly _from: { node: string; output: number; isError?: boolean | undefined; }; to(input: { readonly _to: { node: string; input: number; }; }): void; }' is not assignable to type 'string | $ZodErrorMap<$ZodIssueInvalidType<unknown>> | undefined'.
        Type '() => { readonly _from: { node: string; output: number; isError?: boolean | undefined; }; to(input: { readonly _to: { node: string; input: number; }; }): void; }' is not assignable to type '$ZodErrorMap<$ZodIssueInvalidType<unknown>>'.
          Type '{ readonly _from: { node: string; output: number; isError?: boolean | undefined; }; to(input: { readonly _to: { node: string; input: number; }; }): void; }' is not assignable to type 'string | { message: string; } | null | undefined'.
src/app/(admin)/mulheres/atendimentos/schemas.ts(84,13): error TS2345: Argument of type '{ message: string; }' is not assignable to parameter of type 'string | { error?: string | $ZodErrorMap<$ZodIssueInvalidType<unknown>> | undefined; message?: string | undefined; } | undefined'.
  Type '{ message: string; }' is not assignable to type '{ error?: string | $ZodErrorMap<$ZodIssueInvalidType<unknown>> | undefined; message?: string | undefined; }'.
    Types of property 'error' are incompatible.
      Type '() => { readonly _from: { node: string; output: number; isError?: boolean | undefined; }; to(input: { readonly _to: { node: string; input: number; }; }): void; }' is not assignable to type 'string | $ZodErrorMap<$ZodIssueInvalidType<unknown>> | undefined'.
        Type '() => { readonly _from: { node: string; output: number; isError?: boolean | undefined; }; to(input: { readonly _to: { node: string; input: number; }; }): void; }' is not assignable to type '$ZodErrorMap<$ZodIssueInvalidType<unknown>>'.
          Type '{ readonly _from: { node: string; output: number; isError?: boolean | undefined; }; to(input: { readonly _to: { node: string; input: number; }; }): void; }' is not assignable to type 'string | { message: string; } | null | undefined'.
src/app/(admin)/mulheres/beneficiarias/[id]/beneficios-tab.tsx(6,39): error TS2305: Module '"../schemas"' has no exported member 'EntregaBeneficioFormValues'.
src/app/(admin)/mulheres/beneficiarias/[id]/beneficios-tab.tsx(146,14): error TS2322: Type '{ className: string; }' is not assignable to type 'Omit<LucideProps, "ref">'.
  Types of property 'in' are incompatible.
    Type '(index?: number | undefined) => { readonly _to: { node: string; input: number; }; }' is not assignable to type 'string'.
src/app/(admin)/mulheres/beneficiarias/[id]/beneficios-tab.tsx(157,16): error TS2322: Type '{ className: string; }' is not assignable to type 'Omit<LucideProps, "ref">'.
  Types of property 'in' are incompatible.
    Type '(index?: number | undefined) => { readonly _to: { node: string; input: number; }; }' is not assignable to type 'string'.
src/app/(admin)/mulheres/beneficiarias/[id]/beneficios-tab.tsx(211,30): error TS2322: Type '{ className: string; }' is not assignable to type 'Omit<LucideProps, "ref">'.
  Types of property 'in' are incompatible.
    Type '(index?: number | undefined) => { readonly _to: { node: string; input: number; }; }' is not assignable to type 'string'.
src/app/(admin)/mulheres/beneficiarias/[id]/beneficios-tab.tsx(265,35): error TS2322: Type '{ className: string; }' is not assignable to type 'Omit<LucideProps, "ref">'.
  Types of property 'in' are incompatible.
    Type '(index?: number | undefined) => { readonly _to: { node: string; input: number; }; }' is not assignable to type 'string'.
src/app/(admin)/mulheres/beneficiarias/[id]/beneficios-tab.tsx(265,82): error TS2322: Type '{ className: string; }' is not assignable to type 'Omit<LucideProps, "ref">'.
  Types of property 'in' are incompatible.
    Type '(index?: number | undefined) => { readonly _to: { node: string; input: number; }; }' is not assignable to type 'string'.
src/app/(admin)/mulheres/beneficiarias/[id]/beneficios-tab.tsx(328,24): error TS2322: Type '{ className: string; }' is not assignable to type 'Omit<LucideProps, "ref">'.
  Types of property 'in' are incompatible.
    Type '(index?: number | undefined) => { readonly _to: { node: string; input: number; }; }' is not assignable to type 'string'.
src/app/(admin)/mulheres/beneficiarias/[id]/beneficios-tab.tsx(344,34): error TS2322: Type '{ className: string; }' is not assignable to type 'Omit<LucideProps, "ref">'.
  Types of property 'in' are incompatible.
    Type '(index?: number | undefined) => { readonly _to: { node: string; input: number; }; }' is not assignable to type 'string'.
src/app/(admin)/mulheres/beneficiarias/[id]/beneficios-tab.tsx(346,34): error TS2322: Type '{ className: string; }' is not assignable to type 'Omit<LucideProps, "ref">'.
  Types of property 'in' are incompatible.
    Type '(index?: number | undefined) => { readonly _to: { node: string; input: number; }; }' is not assignable to type 'string'.
src/app/(admin)/mulheres/beneficiarias/[id]/page.tsx(54,14): error TS2322: Type '{ className: string; }' is not assignable to type 'Omit<LucideProps, "ref">'.
  Types of property 'in' are incompatible.
    Type '(index?: number | undefined) => { readonly _to: { node: string; input: number; }; }' is not assignable to type 'string'.
src/app/(admin)/mulheres/beneficiarias/[id]/page.tsx(58,76): error TS2339: Property 'nome_completo' does not exist on type '{ endereco: any; contato: any; }'.
src/app/(admin)/mulheres/beneficiarias/[id]/page.tsx(61,23): error TS2339: Property 'cpf' does not exist on type '{ endereco: any; contato: any; }'.
src/app/(admin)/mulheres/beneficiarias/[id]/page.tsx(63,32): error TS2339: Property 'cpf' does not exist on type '{ endereco: any; contato: any; }'.
src/app/(admin)/mulheres/beneficiarias/[id]/page.tsx(79,20): error TS2322: Type '{ className: string; }' is not assignable to type 'Omit<LucideProps, "ref">'.
  Types of property 'in' are incompatible.
    Type '(index?: number | undefined) => { readonly _to: { node: string; input: number; }; }' is not assignable to type 'string'.
src/app/(admin)/mulheres/beneficiarias/[id]/page.tsx(83,76): error TS2339: Property 'telefone' does not exist on type '{ endereco: any; contato: any; }'.
src/app/(admin)/mulheres/beneficiarias/[id]/page.tsx(84,33): error TS2339: Property 'email' does not exist on type '{ endereco: any; contato: any; }'.
src/app/(admin)/mulheres/beneficiarias/[id]/page.tsx(85,80): error TS2339: Property 'email' does not exist on type '{ endereco: any; contato: any; }'.
src/app/(admin)/mulheres/beneficiarias/[id]/page.tsx(92,20): error TS2322: Type '{ className: string; }' is not assignable to type 'Omit<LucideProps, "ref">'.
  Types of property 'in' are incompatible.
    Type '(index?: number | undefined) => { readonly _to: { node: string; input: number; }; }' is not assignable to type 'string'.
src/app/(admin)/mulheres/beneficiarias/[id]/page.tsx(108,42): error TS2339: Property 'id' does not exist on type '{ endereco: any; contato: any; }'.
src/app/(admin)/mulheres/beneficiarias/[id]/page.tsx(109,44): error TS2339: Property 'nome_completo' does not exist on type '{ endereco: any; contato: any; }'.
src/app/(admin)/mulheres/beneficiarias/beneficiaria-form.tsx(705,35): error TS2322: Type '{ className: string; }' is not assignable to type 'Omit<LucideProps, "ref">'.
  Types of property 'in' are incompatible.
    Type '(index?: number | undefined) => { readonly _to: { node: string; input: number; }; }' is not assignable to type 'string'.
src/app/(admin)/mulheres/beneficiarias/beneficiarias-client.tsx(220,12): error TS2322: Type '{ className: string; }' is not assignable to type 'Omit<LucideProps, "ref">'.
  Types of property 'in' are incompatible.
    Type '(index?: number | undefined) => { readonly _to: { node: string; input: number; }; }' is not assignable to type 'string'.
src/app/(admin)/mulheres/beneficiarias/beneficiarias-client.tsx(227,12): error TS2322: Type '{ className: string; }' is not assignable to type 'Omit<LucideProps, "ref">'.
  Types of property 'in' are incompatible.
    Type '(index?: number | undefined) => { readonly _to: { node: string; input: number; }; }' is not assignable to type 'string'.
src/app/(admin)/mulheres/beneficiarias/beneficiarias-client.tsx(244,14): error TS2322: Type '{ className: string; }' is not assignable to type 'Omit<LucideProps, "ref">'.
  Types of property 'in' are incompatible.
    Type '(index?: number | undefined) => { readonly _to: { node: string; input: number; }; }' is not assignable to type 'string'.
src/app/(admin)/mulheres/beneficiarias/beneficiarias-client.tsx(246,14): error TS2322: Type '{ className: string; }' is not assignable to type 'Omit<LucideProps, "ref">'.
  Types of property 'in' are incompatible.
    Type '(index?: number | undefined) => { readonly _to: { node: string; input: number; }; }' is not assignable to type 'string'.
src/app/(admin)/mulheres/beneficiarias/beneficiarias-client.tsx(334,28): error TS2322: Type '{ className: string; }' is not assignable to type 'Omit<LucideProps, "ref">'.
  Types of property 'in' are incompatible.
    Type '(index?: number | undefined) => { readonly _to: { node: string; input: number; }; }' is not assignable to type 'string'.
src/app/(admin)/mulheres/beneficiarias/beneficiarias-client.tsx(343,26): error TS2322: Type '{ className: string; }' is not assignable to type 'Omit<LucideProps, "ref">'.
  Types of property 'in' are incompatible.
    Type '(index?: number | undefined) => { readonly _to: { node: string; input: number; }; }' is not assignable to type 'string'.
src/app/(admin)/mulheres/beneficiarias/beneficiarias-client.tsx(351,26): error TS2322: Type '{ className: string; }' is not assignable to type 'Omit<LucideProps, "ref">'.
  Types of property 'in' are incompatible.
    Type '(index?: number | undefined) => { readonly _to: { node: string; input: number; }; }' is not assignable to type 'string'.
src/app/(admin)/mulheres/beneficiarias/beneficiarias-client.tsx(400,14): error TS2322: Type '{ className: string; }' is not assignable to type 'Omit<LucideProps, "ref">'.
  Types of property 'in' are incompatible.
    Type '(index?: number | undefined) => { readonly _to: { node: string; input: number; }; }' is not assignable to type 'string'.
src/app/(admin)/mulheres/beneficiarias/beneficiarias-client.tsx(411,22): error TS2322: Type '{ className: string; }' is not assignable to type 'Omit<LucideProps, "ref">'.
  Types of property 'in' are incompatible.
    Type '(index?: number | undefined) => { readonly _to: { node: string; input: number; }; }' is not assignable to type 'string'.
src/app/(admin)/mulheres/beneficiarias/schemas.ts(34,7): error TS2345: Argument of type '{ message: string; }' is not assignable to parameter of type 'string | { path?: PropertyKey[] | undefined; abort?: boolean | undefined; when?: ((payload: ParsePayload<unknown>) => boolean) | undefined; params?: Record<string, any> | undefined; error?: string | ... 1 more ... | undefined; message?: string | undefined; } | undefined'.
  Type '{ message: string; }' is not assignable to type '{ path?: PropertyKey[] | undefined; abort?: boolean | undefined; when?: ((payload: ParsePayload<unknown>) => boolean) | undefined; params?: Record<string, any> | undefined; error?: string | ... 1 more ... | undefined; message?: string | undefined; }'.
    Types of property 'error' are incompatible.
      Type '() => { readonly _from: { node: string; output: number; isError?: boolean | undefined; }; to(input: { readonly _to: { node: string; input: number; }; }): void; }' is not assignable to type 'string | $ZodErrorMap<NonNullable<$ZodIssue>> | undefined'.
        Type '() => { readonly _from: { node: string; output: number; isError?: boolean | undefined; }; to(input: { readonly _to: { node: string; input: number; }; }): void; }' is not assignable to type '$ZodErrorMap<NonNullable<$ZodIssue>>'.
          Type '{ readonly _from: { node: string; output: number; isError?: boolean | undefined; }; to(input: { readonly _to: { node: string; input: number; }; }): void; }' is not assignable to type 'string | { message: string; } | null | undefined'.
src/app/(admin)/mulheres/beneficiarias/schemas.ts(55,7): error TS2345: Argument of type '{ message: string; }' is not assignable to parameter of type 'string | { path?: PropertyKey[] | undefined; abort?: boolean | undefined; when?: ((payload: ParsePayload<unknown>) => boolean) | undefined; params?: Record<string, any> | undefined; error?: string | ... 1 more ... | undefined; message?: string | undefined; } | undefined'.
  Type '{ message: string; }' is not assignable to type '{ path?: PropertyKey[] | undefined; abort?: boolean | undefined; when?: ((payload: ParsePayload<unknown>) => boolean) | undefined; params?: Record<string, any> | undefined; error?: string | ... 1 more ... | undefined; message?: string | undefined; }'.
    Types of property 'error' are incompatible.
      Type '() => { readonly _from: { node: string; output: number; isError?: boolean | undefined; }; to(input: { readonly _to: { node: string; input: number; }; }): void; }' is not assignable to type 'string | $ZodErrorMap<NonNullable<$ZodIssue>> | undefined'.
        Type '() => { readonly _from: { node: string; output: number; isError?: boolean | undefined; }; to(input: { readonly _to: { node: string; input: number; }; }): void; }' is not assignable to type '$ZodErrorMap<NonNullable<$ZodIssue>>'.
          Type '{ readonly _from: { node: string; output: number; isError?: boolean | undefined; }; to(input: { readonly _to: { node: string; input: number; }; }): void; }' is not assignable to type 'string | { message: string; } | null | undefined'.
src/app/(admin)/mulheres/dashboard-client.tsx(102,22): error TS2322: Type '{ className: string; }' is not assignable to type 'Omit<LucideProps, "ref">'.
  Types of property 'in' are incompatible.
    Type '(index?: number | undefined) => { readonly _to: { node: string; input: number; }; }' is not assignable to type 'string'.
src/app/(admin)/mulheres/dashboard-client.tsx(120,18): error TS2322: Type '{ children: Element[]; data: { name: string; value: number; fill: string; }[]; cx: string; cy: string; innerRadius: number; outerRadius: number; paddingAngle: number; dataKey: string; }' is not assignable to type 'PieSvgAttributes'.
  Types of property 'in' are incompatible.
    Type '(index?: number | undefined) => { readonly _to: { node: string; input: number; }; }' is not assignable to type 'string'.
src/app/(admin)/mulheres/dashboard-client.tsx(130,22): error TS2322: Type '{ key: string; fill: string; }' is not assignable to type 'Props'.
  Types of property 'in' are incompatible.
    Type '(index?: number | undefined) => { readonly _to: { node: string; input: number; }; }' is not assignable to type 'string'.
src/app/(admin)/mulheres/dashboard-client.tsx(145,18): error TS2322: Type '{ verticalAlign: "bottom"; height: number; iconType: "circle"; formatter: (value: any, entry: any) => Element; }' is not assignable to type 'Omit<Props, "payload" | "ref">'.
  Types of property 'in' are incompatible.
    Type '(index?: number | undefined) => { readonly _to: { node: string; input: number; }; }' is not assignable to type 'string'.
src/app/(admin)/mulheres/dashboard-client.tsx(165,14): error TS2322: Type '{ className: string; }' is not assignable to type 'Omit<LucideProps, "ref">'.
  Types of property 'in' are incompatible.
    Type '(index?: number | undefined) => { readonly _to: { node: string; input: number; }; }' is not assignable to type 'string'.
src/app/(admin)/mulheres/page.tsx(41,16): error TS2322: Type '{ className: string; }' is not assignable to type 'Omit<LucideProps, "ref">'.
  Types of property 'in' are incompatible.
    Type '(index?: number | undefined) => { readonly _to: { node: string; input: number; }; }' is not assignable to type 'string'.
src/app/(admin)/mulheres/page.tsx(47,16): error TS2322: Type '{ className: string; }' is not assignable to type 'Omit<LucideProps, "ref">'.
  Types of property 'in' are incompatible.
    Type '(index?: number | undefined) => { readonly _to: { node: string; input: number; }; }' is not assignable to type 'string'.
src/app/(admin)/observatorio/observatorio-client.tsx(162,10): error TS2322: Type '{ className: string; }' is not assignable to type 'Omit<LucideProps, "ref">'.
  Types of property 'in' are incompatible.
    Type '(index?: number | undefined) => { readonly _to: { node: string; input: number; }; }' is not assignable to type 'string'.
src/app/(admin)/observatorio/observatorio-client.tsx(177,12): error TS2322: Type '{ className: string; }' is not assignable to type 'Omit<LucideProps, "ref">'.
  Types of property 'in' are incompatible.
    Type '(index?: number | undefined) => { readonly _to: { node: string; input: number; }; }' is not assignable to type 'string'.
src/app/(admin)/observatorio/observatorio-client.tsx(199,16): error TS2322: Type '{ className: string; }' is not assignable to type 'Omit<LucideProps, "ref">'.
  Types of property 'in' are incompatible.
    Type '(index?: number | undefined) => { readonly _to: { node: string; input: number; }; }' is not assignable to type 'string'.
src/app/(admin)/observatorio/observatorio-client.tsx(212,18): error TS2322: Type '{ className: string; }' is not assignable to type 'Omit<LucideProps, "ref">'.
  Types of property 'in' are incompatible.
    Type '(index?: number | undefined) => { readonly _to: { node: string; input: number; }; }' is not assignable to type 'string'.
src/app/(admin)/observatorio/observatorio-client.tsx(248,30): error TS2322: Type '{ className: string; }' is not assignable to type 'Omit<LucideProps, "ref">'.
  Types of property 'in' are incompatible.
    Type '(index?: number | undefined) => { readonly _to: { node: string; input: number; }; }' is not assignable to type 'string'.
src/app/(admin)/observatorio/observatorio-client.tsx(251,30): error TS2322: Type '{ className: string; }' is not assignable to type 'Omit<LucideProps, "ref">'.
  Types of property 'in' are incompatible.
    Type '(index?: number | undefined) => { readonly _to: { node: string; input: number; }; }' is not assignable to type 'string'.
src/app/(admin)/observatorio/observatorio-client.tsx(311,26): error TS2322: Type '{ className: string; }' is not assignable to type 'Omit<LucideProps, "ref">'.
  Types of property 'in' are incompatible.
    Type '(index?: number | undefined) => { readonly _to: { node: string; input: number; }; }' is not assignable to type 'string'.
src/app/(admin)/relatorios/indicadores/actions.ts(344,9): error TS2322: Type '{ success: true; data: { identificacao: { totalAtendimentos: any; porOrigem: { name: string; value: number; }[]; porTipoDemanda: { name: string; value: number; }[]; }; acoes: { atendimentosTecnicos: { total: number; individual: number; coletivo: number; encaminhamentos: number; devolutivas: number; }; porSetor: { .....' is not assignable to type '{ success: boolean; data?: IndicadoresData | undefined; error?: string | undefined; }'.
  Types of property 'error' are incompatible.
    Type '() => { readonly _from: { node: string; output: number; isError?: boolean | undefined; }; to(input: { readonly _to: { node: string; input: number; }; }): void; }' is not assignable to type 'string'.
src/app/(admin)/relatorios/indicadores/indicadores-client.tsx(131,22): error TS2322: Type '{ className: string; }' is not assignable to type 'Omit<LucideProps, "ref">'.
  Types of property 'in' are incompatible.
    Type '(index?: number | undefined) => { readonly _to: { node: string; input: number; }; }' is not assignable to type 'string'.
src/app/(admin)/relatorios/indicadores/indicadores-client.tsx(197,42): error TS2322: Type '{ strokeDasharray: string; horizontal: false; }' is not assignable to type 'AcceptedSvgProps'.
  Types of property 'in' are incompatible.
    Type '(index?: number | undefined) => { readonly _to: { node: string; input: number; }; }' is not assignable to type 'string'.
src/app/(admin)/relatorios/indicadores/indicadores-client.tsx(198,42): error TS2769: No overload matches this call.
  Overload 1 of 2, '(props: Props, context?: any): string | number | bigint | boolean | ReactElement<unknown, string | JSXElementConstructor<any>> | Iterable<...> | Promise<...> | Component<...> | null | undefined', gave the following error.
    Type '{ type: "number"; hide: true; }' is not assignable to type 'Omit<PresentationAttributesAdaptChildEvent<any, SVGElement>, "ref" | "scale">'.
      Types of property 'in' are incompatible.
        Type '(index?: number | undefined) => { readonly _to: { node: string; input: number; }; }' is not assignable to type 'string'.
  Overload 2 of 2, '(props: Props): string | number | bigint | boolean | ReactElement<unknown, string | JSXElementConstructor<any>> | Iterable<ReactNode> | Promise<...> | Component<...> | null | undefined', gave the following error.
    Type '{ type: "number"; hide: true; }' is not assignable to type 'Omit<PresentationAttributesAdaptChildEvent<any, SVGElement>, "ref" | "scale">'.
      Types of property 'in' are incompatible.
        Type '(index?: number | undefined) => { readonly _to: { node: string; input: number; }; }' is not assignable to type 'string'.
src/app/(admin)/relatorios/indicadores/indicadores-client.tsx(202,99): error TS2769: No overload matches this call.
  Overload 1 of 2, '(props: Props, context?: any): string | number | bigint | boolean | ReactElement<unknown, string | JSXElementConstructor<any>> | Iterable<...> | Promise<...> | Component<...> | null | undefined', gave the following error.
    Type '{ position: "right"; fill: string; fontSize: number; }' is not assignable to type 'ImplicitLabelListType | undefined'.
      Type '{ position: "right"; fill: string; fontSize: number; }' is not assignable to type 'Props'.
        Type '{ position: "right"; fill: string; fontSize: number; }' is not assignable to type 'Omit<Omit<SVGProps<SVGTextElement>, "ref">, "children">'.
          Types of property 'in' are incompatible.
            Type '(index?: number | undefined) => { readonly _to: { node: string; input: number; }; }' is not assignable to type 'string'.
  Overload 2 of 2, '(props: Props): string | number | bigint | boolean | ReactElement<unknown, string | JSXElementConstructor<any>> | Iterable<ReactNode> | Promise<...> | Component<...> | null | undefined', gave the following error.
    Type '{ position: "right"; fill: string; fontSize: number; }' is not assignable to type 'ImplicitLabelListType | undefined'.
      Type '{ position: "right"; fill: string; fontSize: number; }' is not assignable to type 'Props'.
        Type '{ position: "right"; fill: string; fontSize: number; }' is not assignable to type 'Omit<Omit<SVGProps<SVGTextElement>, "ref">, "children">'.
          Types of property 'in' are incompatible.
            Type '(index?: number | undefined) => { readonly _to: { node: string; input: number; }; }' is not assignable to type 'string'.
src/app/(admin)/relatorios/indicadores/indicadores-client.tsx(213,42): error TS2322: Type '{ children: Element[]; data: { name: string; value: number; }[]; cx: string; cy: string; innerRadius: number; outerRadius: number; paddingAngle: number; dataKey: string; }' is not assignable to type 'PieSvgAttributes'.
  Types of property 'in' are incompatible.
    Type '(index?: number | undefined) => { readonly _to: { node: string; input: number; }; }' is not assignable to type 'string'.
src/app/(admin)/relatorios/indicadores/indicadores-client.tsx(223,50): error TS2322: Type '{ key: string; fill: string; }' is not assignable to type 'Props'.
  Types of property 'in' are incompatible.
    Type '(index?: number | undefined) => { readonly _to: { node: string; input: number; }; }' is not assignable to type 'string'.
src/app/(admin)/relatorios/indicadores/indicadores-client.tsx(227,42): error TS2322: Type '{ verticalAlign: "bottom"; height: number; }' is not assignable to type 'Omit<Props, "payload" | "ref">'.
  Types of property 'in' are incompatible.
    Type '(index?: number | undefined) => { readonly _to: { node: string; input: number; }; }' is not assignable to type 'string'.
src/app/(admin)/relatorios/indicadores/indicadores-client.tsx(238,42): error TS2322: Type '{ strokeDasharray: string; horizontal: false; }' is not assignable to type 'AcceptedSvgProps'.
  Types of property 'in' are incompatible.
    Type '(index?: number | undefined) => { readonly _to: { node: string; input: number; }; }' is not assignable to type 'string'.
src/app/(admin)/relatorios/indicadores/indicadores-client.tsx(239,42): error TS2769: No overload matches this call.
  Overload 1 of 2, '(props: Props, context?: any): string | number | bigint | boolean | ReactElement<unknown, string | JSXElementConstructor<any>> | Iterable<...> | Promise<...> | Component<...> | null | undefined', gave the following error.
    Type '{ type: "number"; hide: true; }' is not assignable to type 'Omit<PresentationAttributesAdaptChildEvent<any, SVGElement>, "ref" | "scale">'.
      Types of property 'in' are incompatible.
        Type '(index?: number | undefined) => { readonly _to: { node: string; input: number; }; }' is not assignable to type 'string'.
  Overload 2 of 2, '(props: Props): string | number | bigint | boolean | ReactElement<unknown, string | JSXElementConstructor<any>> | Iterable<ReactNode> | Promise<...> | Component<...> | null | undefined', gave the following error.
    Type '{ type: "number"; hide: true; }' is not assignable to type 'Omit<PresentationAttributesAdaptChildEvent<any, SVGElement>, "ref" | "scale">'.
      Types of property 'in' are incompatible.
        Type '(index?: number | undefined) => { readonly _to: { node: string; input: number; }; }' is not assignable to type 'string'.
src/app/(admin)/relatorios/indicadores/indicadores-client.tsx(243,99): error TS2769: No overload matches this call.
  Overload 1 of 2, '(props: Props, context?: any): string | number | bigint | boolean | ReactElement<unknown, string | JSXElementConstructor<any>> | Iterable<...> | Promise<...> | Component<...> | null | undefined', gave the following error.
    Type '{ position: "right"; fill: string; fontSize: number; }' is not assignable to type 'ImplicitLabelListType | undefined'.
      Type '{ position: "right"; fill: string; fontSize: number; }' is not assignable to type 'Props'.
        Type '{ position: "right"; fill: string; fontSize: number; }' is not assignable to type 'Omit<Omit<SVGProps<SVGTextElement>, "ref">, "children">'.
          Types of property 'in' are incompatible.
            Type '(index?: number | undefined) => { readonly _to: { node: string; input: number; }; }' is not assignable to type 'string'.
  Overload 2 of 2, '(props: Props): string | number | bigint | boolean | ReactElement<unknown, string | JSXElementConstructor<any>> | Iterable<ReactNode> | Promise<...> | Component<...> | null | undefined', gave the following error.
    Type '{ position: "right"; fill: string; fontSize: number; }' is not assignable to type 'ImplicitLabelListType | undefined'.
      Type '{ position: "right"; fill: string; fontSize: number; }' is not assignable to type 'Props'.
        Type '{ position: "right"; fill: string; fontSize: number; }' is not assignable to type 'Omit<Omit<SVGProps<SVGTextElement>, "ref">, "children">'.
          Types of property 'in' are incompatible.
            Type '(index?: number | undefined) => { readonly _to: { node: string; input: number; }; }' is not assignable to type 'string'.
src/app/(admin)/relatorios/indicadores/indicadores-client.tsx(292,38): error TS2322: Type '{ children: Element[]; data: { name: string; value: number; }[]; cx: string; cy: string; outerRadius: number; dataKey: string; }' is not assignable to type 'PieSvgAttributes'.
  Types of property 'in' are incompatible.
    Type '(index?: number | undefined) => { readonly _to: { node: string; input: number; }; }' is not assignable to type 'string'.
src/app/(admin)/relatorios/indicadores/indicadores-client.tsx(294,46): error TS2322: Type '{ key: string; fill: string; }' is not assignable to type 'Props'.
  Types of property 'in' are incompatible.
    Type '(index?: number | undefined) => { readonly _to: { node: string; input: number; }; }' is not assignable to type 'string'.
src/app/(admin)/relatorios/indicadores/indicadores-client.tsx(298,38): error TS2322: Type '{ wrapperStyle: { fontSize: string; }; layout: "vertical"; verticalAlign: "middle"; align: "right"; }' is not assignable to type 'Omit<Props, "payload" | "ref">'.
  Types of property 'in' are incompatible.
    Type '(index?: number | undefined) => { readonly _to: { node: string; input: number; }; }' is not assignable to type 'string'.
src/app/(admin)/relatorios/indicadores/indicadores-client.tsx(308,38): error TS2322: Type '{ strokeDasharray: string; horizontal: false; }' is not assignable to type 'AcceptedSvgProps'.
  Types of property 'in' are incompatible.
    Type '(index?: number | undefined) => { readonly _to: { node: string; input: number; }; }' is not assignable to type 'string'.
src/app/(admin)/relatorios/indicadores/indicadores-client.tsx(309,38): error TS2769: No overload matches this call.
  Overload 1 of 2, '(props: Props, context?: any): string | number | bigint | boolean | ReactElement<unknown, string | JSXElementConstructor<any>> | Iterable<...> | Promise<...> | Component<...> | null | undefined', gave the following error.
    Type '{ type: "number"; hide: true; }' is not assignable to type 'Omit<PresentationAttributesAdaptChildEvent<any, SVGElement>, "ref" | "scale">'.
      Types of property 'in' are incompatible.
        Type '(index?: number | undefined) => { readonly _to: { node: string; input: number; }; }' is not assignable to type 'string'.
  Overload 2 of 2, '(props: Props): string | number | bigint | boolean | ReactElement<unknown, string | JSXElementConstructor<any>> | Iterable<ReactNode> | Promise<...> | Component<...> | null | undefined', gave the following error.
    Type '{ type: "number"; hide: true; }' is not assignable to type 'Omit<PresentationAttributesAdaptChildEvent<any, SVGElement>, "ref" | "scale">'.
      Types of property 'in' are incompatible.
        Type '(index?: number | undefined) => { readonly _to: { node: string; input: number; }; }' is not assignable to type 'string'.
src/app/(admin)/relatorios/indicadores/indicadores-client.tsx(313,95): error TS2769: No overload matches this call.
  Overload 1 of 2, '(props: Props, context?: any): string | number | bigint | boolean | ReactElement<unknown, string | JSXElementConstructor<any>> | Iterable<...> | Promise<...> | Component<...> | null | undefined', gave the following error.
    Type '{ position: "right"; fontSize: number; fill: string; }' is not assignable to type 'ImplicitLabelListType | undefined'.
      Type '{ position: "right"; fontSize: number; fill: string; }' is not assignable to type 'Props'.
        Type '{ position: "right"; fontSize: number; fill: string; }' is not assignable to type 'Omit<Omit<SVGProps<SVGTextElement>, "ref">, "children">'.
          Types of property 'in' are incompatible.
            Type '(index?: number | undefined) => { readonly _to: { node: string; input: number; }; }' is not assignable to type 'string'.
  Overload 2 of 2, '(props: Props): string | number | bigint | boolean | ReactElement<unknown, string | JSXElementConstructor<any>> | Iterable<ReactNode> | Promise<...> | Component<...> | null | undefined', gave the following error.
    Type '{ position: "right"; fontSize: number; fill: string; }' is not assignable to type 'ImplicitLabelListType | undefined'.
      Type '{ position: "right"; fontSize: number; fill: string; }' is not assignable to type 'Props'.
        Type '{ position: "right"; fontSize: number; fill: string; }' is not assignable to type 'Omit<Omit<SVGProps<SVGTextElement>, "ref">, "children">'.
          Types of property 'in' are incompatible.
            Type '(index?: number | undefined) => { readonly _to: { node: string; input: number; }; }' is not assignable to type 'string'.
src/app/(admin)/relatorios/indicadores/indicadores-client.tsx(329,34): error TS2322: Type '{ className: string; }' is not assignable to type 'Omit<LucideProps, "ref">'.
  Types of property 'in' are incompatible.
    Type '(index?: number | undefined) => { readonly _to: { node: string; input: number; }; }' is not assignable to type 'string'.
src/app/(admin)/relatorios/indicadores/indicadores-client.tsx(336,34): error TS2322: Type '{ className: string; }' is not assignable to type 'Omit<LucideProps, "ref">'.
  Types of property 'in' are incompatible.
    Type '(index?: number | undefined) => { readonly _to: { node: string; input: number; }; }' is not assignable to type 'string'.
src/app/(admin)/relatorios/rma/rma-client.tsx(111,14): error TS2322: Type '{ className: string; }' is not assignable to type 'Omit<LucideProps, "ref">'.
  Types of property 'in' are incompatible.
    Type '(index?: number | undefined) => { readonly _to: { node: string; input: number; }; }' is not assignable to type 'string'.
src/app/(admin)/relatorios/rma/rma-client.tsx(120,14): error TS2322: Type '{ className: string; }' is not assignable to type 'Omit<LucideProps, "ref">'.
  Types of property 'in' are incompatible.
    Type '(index?: number | undefined) => { readonly _to: { node: string; input: number; }; }' is not assignable to type 'string'.
src/app/(admin)/sala-azul/ciclos/[id]/certificado/[participacaoId]/page.tsx(20,14): error TS2322: Type '{ className: string; }' is not assignable to type 'Omit<LucideProps, "ref">'.
  Types of property 'in' are incompatible.
    Type '(index?: number | undefined) => { readonly _to: { node: string; input: number; }; }' is not assignable to type 'string'.
src/app/(admin)/sala-azul/ciclos/[id]/certificado/[participacaoId]/print-button.tsx(11,8): error TS2322: Type '{ className: string; }' is not assignable to type 'Omit<LucideProps, "ref">'.
  Types of property 'in' are incompatible.
    Type '(index?: number | undefined) => { readonly _to: { node: string; input: number; }; }' is not assignable to type 'string'.
src/app/(admin)/sala-azul/ciclos/[id]/participantes-client.tsx(278,16): error TS2322: Type '{ className: string; }' is not assignable to type 'Omit<LucideProps, "ref">'.
  Types of property 'in' are incompatible.
    Type '(index?: number | undefined) => { readonly _to: { node: string; input: number; }; }' is not assignable to type 'string'.
src/app/(admin)/sala-azul/ciclos/[id]/participantes-client.tsx(290,14): error TS2322: Type '{ className: string; }' is not assignable to type 'Omit<LucideProps, "ref">'.
  Types of property 'in' are incompatible.
    Type '(index?: number | undefined) => { readonly _to: { node: string; input: number; }; }' is not assignable to type 'string'.
src/app/(admin)/sala-azul/ciclos/[id]/participantes-client.tsx(297,14): error TS2322: Type '{ className: string; }' is not assignable to type 'Omit<LucideProps, "ref">'.
  Types of property 'in' are incompatible.
    Type '(index?: number | undefined) => { readonly _to: { node: string; input: number; }; }' is not assignable to type 'string'.
src/app/(admin)/sala-azul/ciclos/[id]/participantes-client.tsx(306,14): error TS2322: Type '{ className: string; }' is not assignable to type 'Omit<LucideProps, "ref">'.
  Types of property 'in' are incompatible.
    Type '(index?: number | undefined) => { readonly _to: { node: string; input: number; }; }' is not assignable to type 'string'.
src/app/(admin)/sala-azul/ciclos/[id]/participantes-client.tsx(344,14): error TS2322: Type '{ className: string; }' is not assignable to type 'Omit<LucideProps, "ref">'.
  Types of property 'in' are incompatible.
    Type '(index?: number | undefined) => { readonly _to: { node: string; input: number; }; }' is not assignable to type 'string'.
src/app/(admin)/sala-azul/ciclos/[id]/participantes-client.tsx(449,28): error TS2322: Type '{ className: string; }' is not assignable to type 'Omit<LucideProps, "ref">'.
  Types of property 'in' are incompatible.
    Type '(index?: number | undefined) => { readonly _to: { node: string; input: number; }; }' is not assignable to type 'string'.
src/app/(admin)/sala-azul/ciclos/[id]/participantes-client.tsx(464,30): error TS2322: Type '{ className: string; }' is not assignable to type 'Omit<LucideProps, "ref">'.
  Types of property 'in' are incompatible.
    Type '(index?: number | undefined) => { readonly _to: { node: string; input: number; }; }' is not assignable to type 'string'.
src/app/(admin)/sala-azul/ciclos/[id]/participantes-client.tsx(474,26): error TS2322: Type '{ className: string; }' is not assignable to type 'Omit<LucideProps, "ref">'.
  Types of property 'in' are incompatible.
    Type '(index?: number | undefined) => { readonly _to: { node: string; input: number; }; }' is not assignable to type 'string'.
src/app/(admin)/sala-azul/ciclos/[id]/participantes-client.tsx(482,26): error TS2322: Type '{ className: string; }' is not assignable to type 'Omit<LucideProps, "ref">'.
  Types of property 'in' are incompatible.
    Type '(index?: number | undefined) => { readonly _to: { node: string; input: number; }; }' is not assignable to type 'string'.
src/app/(admin)/sala-azul/ciclos/[id]/relatorio/[participacaoId]/print-button.tsx(10,10): error TS2322: Type '{ className: string; }' is not assignable to type 'Omit<LucideProps, "ref">'.
  Types of property 'in' are incompatible.
    Type '(index?: number | undefined) => { readonly _to: { node: string; input: number; }; }' is not assignable to type 'string'.
src/app/(admin)/sala-azul/ciclos/[id]/schemas.ts(43,7): error TS2345: Argument of type '{ message: string; }' is not assignable to parameter of type 'string | { path?: PropertyKey[] | undefined; abort?: boolean | undefined; when?: ((payload: ParsePayload<unknown>) => boolean) | undefined; params?: Record<string, any> | undefined; error?: string | ... 1 more ... | undefined; message?: string | undefined; } | undefined'.
  Type '{ message: string; }' is not assignable to type '{ path?: PropertyKey[] | undefined; abort?: boolean | undefined; when?: ((payload: ParsePayload<unknown>) => boolean) | undefined; params?: Record<string, any> | undefined; error?: string | ... 1 more ... | undefined; message?: string | undefined; }'.
    Types of property 'error' are incompatible.
      Type '() => { readonly _from: { node: string; output: number; isError?: boolean | undefined; }; to(input: { readonly _to: { node: string; input: number; }; }): void; }' is not assignable to type 'string | $ZodErrorMap<NonNullable<$ZodIssue>> | undefined'.
        Type '() => { readonly _from: { node: string; output: number; isError?: boolean | undefined; }; to(input: { readonly _to: { node: string; input: number; }; }): void; }' is not assignable to type '$ZodErrorMap<NonNullable<$ZodIssue>>'.
          Type '{ readonly _from: { node: string; output: number; isError?: boolean | undefined; }; to(input: { readonly _to: { node: string; input: number; }; }): void; }' is not assignable to type 'string | { message: string; } | null | undefined'.
src/app/(admin)/sala-azul/ciclos/[id]/sessoes-client.tsx(228,14): error TS2322: Type '{ className: string; }' is not assignable to type 'Omit<LucideProps, "ref">'.
  Types of property 'in' are incompatible.
    Type '(index?: number | undefined) => { readonly _to: { node: string; input: number; }; }' is not assignable to type 'string'.
src/app/(admin)/sala-azul/ciclos/[id]/sessoes-client.tsx(236,12): error TS2322: Type '{ className: string; }' is not assignable to type 'Omit<LucideProps, "ref">'.
  Types of property 'in' are incompatible.
    Type '(index?: number | undefined) => { readonly _to: { node: string; input: number; }; }' is not assignable to type 'string'.
src/app/(admin)/sala-azul/ciclos/[id]/sessoes-client.tsx(271,24): error TS2322: Type '{ className: string; }' is not assignable to type 'Omit<LucideProps, "ref">'.
  Types of property 'in' are incompatible.
    Type '(index?: number | undefined) => { readonly _to: { node: string; input: number; }; }' is not assignable to type 'string'.
src/app/(admin)/sala-azul/ciclos/[id]/sessoes-client.tsx(293,26): error TS2322: Type '{ className: string; }' is not assignable to type 'Omit<LucideProps, "ref">'.
  Types of property 'in' are incompatible.
    Type '(index?: number | undefined) => { readonly _to: { node: string; input: number; }; }' is not assignable to type 'string'.
src/app/(admin)/sala-azul/ciclos/[id]/sessoes-client.tsx(301,26): error TS2322: Type '{ className: string; }' is not assignable to type 'Omit<LucideProps, "ref">'.
  Types of property 'in' are incompatible.
    Type '(index?: number | undefined) => { readonly _to: { node: string; input: number; }; }' is not assignable to type 'string'.
src/app/(admin)/sala-azul/ciclos/[id]/sessoes-client.tsx(309,26): error TS2322: Type '{ className: string; }' is not assignable to type 'Omit<LucideProps, "ref">'.
  Types of property 'in' are incompatible.
    Type '(index?: number | undefined) => { readonly _to: { node: string; input: number; }; }' is not assignable to type 'string'.
src/app/(admin)/sala-azul/ciclos/[id]/sessoes-client.tsx(415,24): error TS2322: Type '{ className: string; }' is not assignable to type 'Omit<LucideProps, "ref">'.
  Types of property 'in' are incompatible.
    Type '(index?: number | undefined) => { readonly _to: { node: string; input: number; }; }' is not assignable to type 'string'.
src/app/(admin)/sala-azul/ciclos/sala-form.tsx(279,20): error TS2322: Type '{ className: string; }' is not assignable to type 'Omit<LucideProps, "ref">'.
  Types of property 'in' are incompatible.
    Type '(index?: number | undefined) => { readonly _to: { node: string; input: number; }; }' is not assignable to type 'string'.
src/app/(admin)/sala-azul/ciclos/salas-client.tsx(133,12): error TS2322: Type '{ className: string; }' is not assignable to type 'Omit<LucideProps, "ref">'.
  Types of property 'in' are incompatible.
    Type '(index?: number | undefined) => { readonly _to: { node: string; input: number; }; }' is not assignable to type 'string'.
src/app/(admin)/sala-azul/ciclos/salas-client.tsx(182,24): error TS2322: Type '{ className: string; }' is not assignable to type 'Omit<LucideProps, "ref">'.
  Types of property 'in' are incompatible.
    Type '(index?: number | undefined) => { readonly _to: { node: string; input: number; }; }' is not assignable to type 'string'.
src/app/(admin)/sala-azul/ciclos/salas-client.tsx(193,24): error TS2322: Type '{ className: string; }' is not assignable to type 'Omit<LucideProps, "ref">'.
  Types of property 'in' are incompatible.
    Type '(index?: number | undefined) => { readonly _to: { node: string; input: number; }; }' is not assignable to type 'string'.
src/app/(admin)/sala-azul/ciclos/salas-client.tsx(206,26): error TS2322: Type '{ className: string; }' is not assignable to type 'Omit<LucideProps, "ref">'.
  Types of property 'in' are incompatible.
    Type '(index?: number | undefined) => { readonly _to: { node: string; input: number; }; }' is not assignable to type 'string'.
src/app/(admin)/sala-azul/ciclos/salas-client.tsx(220,28): error TS2322: Type '{ className: string; }' is not assignable to type 'Omit<LucideProps, "ref">'.
  Types of property 'in' are incompatible.
    Type '(index?: number | undefined) => { readonly _to: { node: string; input: number; }; }' is not assignable to type 'string'.
src/app/(admin)/sala-azul/ciclos/salas-client.tsx(231,26): error TS2322: Type '{ className: string; }' is not assignable to type 'Omit<LucideProps, "ref">'.
  Types of property 'in' are incompatible.
    Type '(index?: number | undefined) => { readonly _to: { node: string; input: number; }; }' is not assignable to type 'string'.
src/app/(admin)/sala-azul/ciclos/salas-client.tsx(240,26): error TS2322: Type '{ className: string; }' is not assignable to type 'Omit<LucideProps, "ref">'.
  Types of property 'in' are incompatible.
    Type '(index?: number | undefined) => { readonly _to: { node: string; input: number; }; }' is not assignable to type 'string'.
src/app/(admin)/sala-azul/infratores/[id]/infrator-details-client.tsx(158,16): error TS2322: Type '{ className: string; }' is not assignable to type 'Omit<LucideProps, "ref">'.
  Types of property 'in' are incompatible.
    Type '(index?: number | undefined) => { readonly _to: { node: string; input: number; }; }' is not assignable to type 'string'.
src/app/(admin)/sala-azul/infratores/[id]/infrator-details-client.tsx(163,16): error TS2322: Type '{ className: string; }' is not assignable to type 'Omit<LucideProps, "ref">'.
  Types of property 'in' are incompatible.
    Type '(index?: number | undefined) => { readonly _to: { node: string; input: number; }; }' is not assignable to type 'string'.
src/app/(admin)/sala-azul/infratores/[id]/infrator-details-client.tsx(405,22): error TS2322: Type '{ className: string; }' is not assignable to type 'Omit<LucideProps, "ref">'.
  Types of property 'in' are incompatible.
    Type '(index?: number | undefined) => { readonly _to: { node: string; input: number; }; }' is not assignable to type 'string'.
src/app/(admin)/sala-azul/infratores/[id]/infrator-details-client.tsx(502,32): error TS2322: Type '{ className: string; }' is not assignable to type 'Omit<LucideProps, "ref">'.
  Types of property 'in' are incompatible.
    Type '(index?: number | undefined) => { readonly _to: { node: string; input: number; }; }' is not assignable to type 'string'.
src/app/(admin)/sala-azul/infratores/infrator-form.tsx(65,5): error TS2322: Type 'Resolver<{ nome_completo: string; cpf: string; nivel_id: unknown; status_legal_id: unknown; tipos_agressao_ids: number[]; id?: number | undefined; data_nascimento?: string | null | undefined; telefone?: string | undefined; numero_processo?: string | undefined; }, any, { ...; }>' is not assignable to type 'Resolver<{ nome_completo: string; cpf: string; nivel_id: number; status_legal_id: number; tipos_agressao_ids: number[]; id?: number | undefined; data_nascimento?: string | null | undefined; telefone?: string | undefined; numero_processo?: string | undefined; }, any, { ...; }>'.
  Types of parameters 'options' and 'options' are incompatible.
    Type 'ResolverOptions<{ nome_completo: string; cpf: string; nivel_id: number; status_legal_id: number; tipos_agressao_ids: number[]; id?: number | undefined; data_nascimento?: string | null | undefined; telefone?: string | undefined; numero_processo?: string | undefined; }>' is not assignable to type 'ResolverOptions<{ nome_completo: string; cpf: string; nivel_id: unknown; status_legal_id: unknown; tipos_agressao_ids: number[]; id?: number | undefined; data_nascimento?: string | null | undefined; telefone?: string | undefined; numero_processo?: string | undefined; }>'.
      Types of property 'names' are incompatible.
        Type 'string[] | undefined' is not assignable to type '("id" | "nome_completo" | "telefone" | "cpf" | "data_nascimento" | "numero_processo" | "nivel_id" | "status_legal_id" | "tipos_agressao_ids")[] | undefined'.
          Type 'string[]' is not assignable to type '("id" | "nome_completo" | "telefone" | "cpf" | "data_nascimento" | "numero_processo" | "nivel_id" | "status_legal_id" | "tipos_agressao_ids")[]'.
            Type 'string' is not assignable to type '"id" | "nome_completo" | "telefone" | "cpf" | "data_nascimento" | "numero_processo" | "nivel_id" | "status_legal_id" | "tipos_agressao_ids"'.
src/app/(admin)/sala-azul/infratores/infrator-form.tsx(100,41): error TS2345: Argument of type '(data: { nome_completo: string; cpf: string; nivel_id: number; status_legal_id: number; tipos_agressao_ids: number[]; id?: number | undefined; data_nascimento?: string | null | undefined; telefone?: string | undefined; numero_processo?: string | undefined; }) => Promise<...>' is not assignable to parameter of type 'SubmitHandler<TFieldValues>'.
  Types of parameters 'data' and 'data' are incompatible.
    Type 'TFieldValues' is not assignable to type '{ nome_completo: string; cpf: string; nivel_id: number; status_legal_id: number; tipos_agressao_ids: number[]; id?: number | undefined; data_nascimento?: string | null | undefined; telefone?: string | undefined; numero_processo?: string | undefined; }'.
      Type 'FieldValues' is missing the following properties from type '{ nome_completo: string; cpf: string; nivel_id: number; status_legal_id: number; tipos_agressao_ids: number[]; id?: number | undefined; data_nascimento?: string | null | undefined; telefone?: string | undefined; numero_processo?: string | undefined; }': nome_completo, cpf, nivel_id, status_legal_id, tipos_agressao_ids
src/app/(admin)/sala-azul/infratores/infrator-form.tsx(104,13): error TS2322: Type 'Control<{ nome_completo: string; cpf: string; nivel_id: number; status_legal_id: number; tipos_agressao_ids: number[]; id?: number | undefined; data_nascimento?: string | null | undefined; telefone?: string | undefined; numero_processo?: string | undefined; }, any, TFieldValues>' is not assignable to type 'Control<{ nome_completo: string; cpf: string; nivel_id: number; status_legal_id: number; tipos_agressao_ids: number[]; id?: number | undefined; data_nascimento?: string | null | undefined; telefone?: string | undefined; numero_processo?: string | undefined; }, any, { ...; }>'.
  The types of '_options.resolver' are incompatible between these types.
    Type 'Resolver<{ nome_completo: string; cpf: string; nivel_id: number; status_legal_id: number; tipos_agressao_ids: number[]; id?: number | undefined; data_nascimento?: string | null | undefined; telefone?: string | undefined; numero_processo?: string | undefined; }, any, TFieldValues> | undefined' is not assignable to type 'Resolver<{ nome_completo: string; cpf: string; nivel_id: number; status_legal_id: number; tipos_agressao_ids: number[]; id?: number | undefined; data_nascimento?: string | null | undefined; telefone?: string | undefined; numero_processo?: string | undefined; }, any, { ...; }> | undefined'.
      Type 'Resolver<{ nome_completo: string; cpf: string; nivel_id: number; status_legal_id: number; tipos_agressao_ids: number[]; id?: number | undefined; data_nascimento?: string | null | undefined; telefone?: string | undefined; numero_processo?: string | undefined; }, any, TFieldValues>' is not assignable to type 'Resolver<{ nome_completo: string; cpf: string; nivel_id: number; status_legal_id: number; tipos_agressao_ids: number[]; id?: number | undefined; data_nascimento?: string | null | undefined; telefone?: string | undefined; numero_processo?: string | undefined; }, any, { ...; }>'.
        Type 'ResolverResult<{ nome_completo: string; cpf: string; nivel_id: number; status_legal_id: number; tipos_agressao_ids: number[]; id?: number | undefined; data_nascimento?: string | null | undefined; telefone?: string | undefined; numero_processo?: string | undefined; }, TFieldValues> | Promise<...>' is not assignable to type 'ResolverResult<{ nome_completo: string; cpf: string; nivel_id: number; status_legal_id: number; tipos_agressao_ids: number[]; id?: number | undefined; data_nascimento?: string | null | undefined; telefone?: string | undefined; numero_processo?: string | undefined; }, { ...; }> | Promise<...>'.
          Type 'ResolverSuccess<TFieldValues>' is not assignable to type 'ResolverResult<{ nome_completo: string; cpf: string; nivel_id: number; status_legal_id: number; tipos_agressao_ids: number[]; id?: number | undefined; data_nascimento?: string | null | undefined; telefone?: string | undefined; numero_processo?: string | undefined; }, { ...; }> | Promise<...>'.
            Type 'ResolverSuccess<TFieldValues>' is not assignable to type 'ResolverSuccess<{ nome_completo: string; cpf: string; nivel_id: number; status_legal_id: number; tipos_agressao_ids: number[]; id?: number | undefined; data_nascimento?: string | null | undefined; telefone?: string | undefined; numero_processo?: string | undefined; }>'.
              Type 'TFieldValues' is not assignable to type '{ nome_completo: string; cpf: string; nivel_id: number; status_legal_id: number; tipos_agressao_ids: number[]; id?: number | undefined; data_nascimento?: string | null | undefined; telefone?: string | undefined; numero_processo?: string | undefined; }'.
                Type 'FieldValues' is missing the following properties from type '{ nome_completo: string; cpf: string; nivel_id: number; status_legal_id: number; tipos_agressao_ids: number[]; id?: number | undefined; data_nascimento?: string | null | undefined; telefone?: string | undefined; numero_processo?: string | undefined; }': nome_completo, cpf, nivel_id, status_legal_id, tipos_agressao_ids
src/app/(admin)/sala-azul/infratores/infrator-form.tsx(118,13): error TS2322: Type 'Control<{ nome_completo: string; cpf: string; nivel_id: number; status_legal_id: number; tipos_agressao_ids: number[]; id?: number | undefined; data_nascimento?: string | null | undefined; telefone?: string | undefined; numero_processo?: string | undefined; }, any, TFieldValues>' is not assignable to type 'Control<{ nome_completo: string; cpf: string; nivel_id: number; status_legal_id: number; tipos_agressao_ids: number[]; id?: number | undefined; data_nascimento?: string | null | undefined; telefone?: string | undefined; numero_processo?: string | undefined; }, any, { ...; }>'.
  The types of '_options.resolver' are incompatible between these types.
    Type 'Resolver<{ nome_completo: string; cpf: string; nivel_id: number; status_legal_id: number; tipos_agressao_ids: number[]; id?: number | undefined; data_nascimento?: string | null | undefined; telefone?: string | undefined; numero_processo?: string | undefined; }, any, TFieldValues> | undefined' is not assignable to type 'Resolver<{ nome_completo: string; cpf: string; nivel_id: number; status_legal_id: number; tipos_agressao_ids: number[]; id?: number | undefined; data_nascimento?: string | null | undefined; telefone?: string | undefined; numero_processo?: string | undefined; }, any, { ...; }> | undefined'.
      Type 'Resolver<{ nome_completo: string; cpf: string; nivel_id: number; status_legal_id: number; tipos_agressao_ids: number[]; id?: number | undefined; data_nascimento?: string | null | undefined; telefone?: string | undefined; numero_processo?: string | undefined; }, any, TFieldValues>' is not assignable to type 'Resolver<{ nome_completo: string; cpf: string; nivel_id: number; status_legal_id: number; tipos_agressao_ids: number[]; id?: number | undefined; data_nascimento?: string | null | undefined; telefone?: string | undefined; numero_processo?: string | undefined; }, any, { ...; }>'.
        Type 'ResolverResult<{ nome_completo: string; cpf: string; nivel_id: number; status_legal_id: number; tipos_agressao_ids: number[]; id?: number | undefined; data_nascimento?: string | null | undefined; telefone?: string | undefined; numero_processo?: string | undefined; }, TFieldValues> | Promise<...>' is not assignable to type 'ResolverResult<{ nome_completo: string; cpf: string; nivel_id: number; status_legal_id: number; tipos_agressao_ids: number[]; id?: number | undefined; data_nascimento?: string | null | undefined; telefone?: string | undefined; numero_processo?: string | undefined; }, { ...; }> | Promise<...>'.
          Type 'ResolverSuccess<TFieldValues>' is not assignable to type 'ResolverResult<{ nome_completo: string; cpf: string; nivel_id: number; status_legal_id: number; tipos_agressao_ids: number[]; id?: number | undefined; data_nascimento?: string | null | undefined; telefone?: string | undefined; numero_processo?: string | undefined; }, { ...; }> | Promise<...>'.
            Type 'ResolverSuccess<TFieldValues>' is not assignable to type 'ResolverSuccess<{ nome_completo: string; cpf: string; nivel_id: number; status_legal_id: number; tipos_agressao_ids: number[]; id?: number | undefined; data_nascimento?: string | null | undefined; telefone?: string | undefined; numero_processo?: string | undefined; }>'.
              Type 'TFieldValues' is not assignable to type '{ nome_completo: string; cpf: string; nivel_id: number; status_legal_id: number; tipos_agressao_ids: number[]; id?: number | undefined; data_nascimento?: string | null | undefined; telefone?: string | undefined; numero_processo?: string | undefined; }'.
                Type 'FieldValues' is missing the following properties from type '{ nome_completo: string; cpf: string; nivel_id: number; status_legal_id: number; tipos_agressao_ids: number[]; id?: number | undefined; data_nascimento?: string | null | undefined; telefone?: string | undefined; numero_processo?: string | undefined; }': nome_completo, cpf, nivel_id, status_legal_id, tipos_agressao_ids
src/app/(admin)/sala-azul/infratores/infrator-form.tsx(136,13): error TS2322: Type 'Control<{ nome_completo: string; cpf: string; nivel_id: number; status_legal_id: number; tipos_agressao_ids: number[]; id?: number | undefined; data_nascimento?: string | null | undefined; telefone?: string | undefined; numero_processo?: string | undefined; }, any, TFieldValues>' is not assignable to type 'Control<{ nome_completo: string; cpf: string; nivel_id: number; status_legal_id: number; tipos_agressao_ids: number[]; id?: number | undefined; data_nascimento?: string | null | undefined; telefone?: string | undefined; numero_processo?: string | undefined; }, any, { ...; }>'.
  The types of '_options.resolver' are incompatible between these types.
    Type 'Resolver<{ nome_completo: string; cpf: string; nivel_id: number; status_legal_id: number; tipos_agressao_ids: number[]; id?: number | undefined; data_nascimento?: string | null | undefined; telefone?: string | undefined; numero_processo?: string | undefined; }, any, TFieldValues> | undefined' is not assignable to type 'Resolver<{ nome_completo: string; cpf: string; nivel_id: number; status_legal_id: number; tipos_agressao_ids: number[]; id?: number | undefined; data_nascimento?: string | null | undefined; telefone?: string | undefined; numero_processo?: string | undefined; }, any, { ...; }> | undefined'.
      Type 'Resolver<{ nome_completo: string; cpf: string; nivel_id: number; status_legal_id: number; tipos_agressao_ids: number[]; id?: number | undefined; data_nascimento?: string | null | undefined; telefone?: string | undefined; numero_processo?: string | undefined; }, any, TFieldValues>' is not assignable to type 'Resolver<{ nome_completo: string; cpf: string; nivel_id: number; status_legal_id: number; tipos_agressao_ids: number[]; id?: number | undefined; data_nascimento?: string | null | undefined; telefone?: string | undefined; numero_processo?: string | undefined; }, any, { ...; }>'.
        Type 'ResolverResult<{ nome_completo: string; cpf: string; nivel_id: number; status_legal_id: number; tipos_agressao_ids: number[]; id?: number | undefined; data_nascimento?: string | null | undefined; telefone?: string | undefined; numero_processo?: string | undefined; }, TFieldValues> | Promise<...>' is not assignable to type 'ResolverResult<{ nome_completo: string; cpf: string; nivel_id: number; status_legal_id: number; tipos_agressao_ids: number[]; id?: number | undefined; data_nascimento?: string | null | undefined; telefone?: string | undefined; numero_processo?: string | undefined; }, { ...; }> | Promise<...>'.
          Type 'ResolverSuccess<TFieldValues>' is not assignable to type 'ResolverResult<{ nome_completo: string; cpf: string; nivel_id: number; status_legal_id: number; tipos_agressao_ids: number[]; id?: number | undefined; data_nascimento?: string | null | undefined; telefone?: string | undefined; numero_processo?: string | undefined; }, { ...; }> | Promise<...>'.
            Type 'ResolverSuccess<TFieldValues>' is not assignable to type 'ResolverSuccess<{ nome_completo: string; cpf: string; nivel_id: number; status_legal_id: number; tipos_agressao_ids: number[]; id?: number | undefined; data_nascimento?: string | null | undefined; telefone?: string | undefined; numero_processo?: string | undefined; }>'.
              Type 'TFieldValues' is not assignable to type '{ nome_completo: string; cpf: string; nivel_id: number; status_legal_id: number; tipos_agressao_ids: number[]; id?: number | undefined; data_nascimento?: string | null | undefined; telefone?: string | undefined; numero_processo?: string | undefined; }'.
                Type 'FieldValues' is missing the following properties from type '{ nome_completo: string; cpf: string; nivel_id: number; status_legal_id: number; tipos_agressao_ids: number[]; id?: number | undefined; data_nascimento?: string | null | undefined; telefone?: string | undefined; numero_processo?: string | undefined; }': nome_completo, cpf, nivel_id, status_legal_id, tipos_agressao_ids
src/app/(admin)/sala-azul/infratores/infrator-form.tsx(150,13): error TS2322: Type 'Control<{ nome_completo: string; cpf: string; nivel_id: number; status_legal_id: number; tipos_agressao_ids: number[]; id?: number | undefined; data_nascimento?: string | null | undefined; telefone?: string | undefined; numero_processo?: string | undefined; }, any, TFieldValues>' is not assignable to type 'Control<{ nome_completo: string; cpf: string; nivel_id: number; status_legal_id: number; tipos_agressao_ids: number[]; id?: number | undefined; data_nascimento?: string | null | undefined; telefone?: string | undefined; numero_processo?: string | undefined; }, any, { ...; }>'.
  The types of '_options.resolver' are incompatible between these types.
    Type 'Resolver<{ nome_completo: string; cpf: string; nivel_id: number; status_legal_id: number; tipos_agressao_ids: number[]; id?: number | undefined; data_nascimento?: string | null | undefined; telefone?: string | undefined; numero_processo?: string | undefined; }, any, TFieldValues> | undefined' is not assignable to type 'Resolver<{ nome_completo: string; cpf: string; nivel_id: number; status_legal_id: number; tipos_agressao_ids: number[]; id?: number | undefined; data_nascimento?: string | null | undefined; telefone?: string | undefined; numero_processo?: string | undefined; }, any, { ...; }> | undefined'.
      Type 'Resolver<{ nome_completo: string; cpf: string; nivel_id: number; status_legal_id: number; tipos_agressao_ids: number[]; id?: number | undefined; data_nascimento?: string | null | undefined; telefone?: string | undefined; numero_processo?: string | undefined; }, any, TFieldValues>' is not assignable to type 'Resolver<{ nome_completo: string; cpf: string; nivel_id: number; status_legal_id: number; tipos_agressao_ids: number[]; id?: number | undefined; data_nascimento?: string | null | undefined; telefone?: string | undefined; numero_processo?: string | undefined; }, any, { ...; }>'.
        Type 'ResolverResult<{ nome_completo: string; cpf: string; nivel_id: number; status_legal_id: number; tipos_agressao_ids: number[]; id?: number | undefined; data_nascimento?: string | null | undefined; telefone?: string | undefined; numero_processo?: string | undefined; }, TFieldValues> | Promise<...>' is not assignable to type 'ResolverResult<{ nome_completo: string; cpf: string; nivel_id: number; status_legal_id: number; tipos_agressao_ids: number[]; id?: number | undefined; data_nascimento?: string | null | undefined; telefone?: string | undefined; numero_processo?: string | undefined; }, { ...; }> | Promise<...>'.
          Type 'ResolverSuccess<TFieldValues>' is not assignable to type 'ResolverResult<{ nome_completo: string; cpf: string; nivel_id: number; status_legal_id: number; tipos_agressao_ids: number[]; id?: number | undefined; data_nascimento?: string | null | undefined; telefone?: string | undefined; numero_processo?: string | undefined; }, { ...; }> | Promise<...>'.
            Type 'ResolverSuccess<TFieldValues>' is not assignable to type 'ResolverSuccess<{ nome_completo: string; cpf: string; nivel_id: number; status_legal_id: number; tipos_agressao_ids: number[]; id?: number | undefined; data_nascimento?: string | null | undefined; telefone?: string | undefined; numero_processo?: string | undefined; }>'.
              Type 'TFieldValues' is not assignable to type '{ nome_completo: string; cpf: string; nivel_id: number; status_legal_id: number; tipos_agressao_ids: number[]; id?: number | undefined; data_nascimento?: string | null | undefined; telefone?: string | undefined; numero_processo?: string | undefined; }'.
                Type 'FieldValues' is missing the following properties from type '{ nome_completo: string; cpf: string; nivel_id: number; status_legal_id: number; tipos_agressao_ids: number[]; id?: number | undefined; data_nascimento?: string | null | undefined; telefone?: string | undefined; numero_processo?: string | undefined; }': nome_completo, cpf, nivel_id, status_legal_id, tipos_agressao_ids
src/app/(admin)/sala-azul/infratores/infrator-form.tsx(171,13): error TS2322: Type 'Control<{ nome_completo: string; cpf: string; nivel_id: number; status_legal_id: number; tipos_agressao_ids: number[]; id?: number | undefined; data_nascimento?: string | null | undefined; telefone?: string | undefined; numero_processo?: string | undefined; }, any, TFieldValues>' is not assignable to type 'Control<{ nome_completo: string; cpf: string; nivel_id: number; status_legal_id: number; tipos_agressao_ids: number[]; id?: number | undefined; data_nascimento?: string | null | undefined; telefone?: string | undefined; numero_processo?: string | undefined; }, any, { ...; }>'.
  The types of '_options.resolver' are incompatible between these types.
    Type 'Resolver<{ nome_completo: string; cpf: string; nivel_id: number; status_legal_id: number; tipos_agressao_ids: number[]; id?: number | undefined; data_nascimento?: string | null | undefined; telefone?: string | undefined; numero_processo?: string | undefined; }, any, TFieldValues> | undefined' is not assignable to type 'Resolver<{ nome_completo: string; cpf: string; nivel_id: number; status_legal_id: number; tipos_agressao_ids: number[]; id?: number | undefined; data_nascimento?: string | null | undefined; telefone?: string | undefined; numero_processo?: string | undefined; }, any, { ...; }> | undefined'.
      Type 'Resolver<{ nome_completo: string; cpf: string; nivel_id: number; status_legal_id: number; tipos_agressao_ids: number[]; id?: number | undefined; data_nascimento?: string | null | undefined; telefone?: string | undefined; numero_processo?: string | undefined; }, any, TFieldValues>' is not assignable to type 'Resolver<{ nome_completo: string; cpf: string; nivel_id: number; status_legal_id: number; tipos_agressao_ids: number[]; id?: number | undefined; data_nascimento?: string | null | undefined; telefone?: string | undefined; numero_processo?: string | undefined; }, any, { ...; }>'.
        Type 'ResolverResult<{ nome_completo: string; cpf: string; nivel_id: number; status_legal_id: number; tipos_agressao_ids: number[]; id?: number | undefined; data_nascimento?: string | null | undefined; telefone?: string | undefined; numero_processo?: string | undefined; }, TFieldValues> | Promise<...>' is not assignable to type 'ResolverResult<{ nome_completo: string; cpf: string; nivel_id: number; status_legal_id: number; tipos_agressao_ids: number[]; id?: number | undefined; data_nascimento?: string | null | undefined; telefone?: string | undefined; numero_processo?: string | undefined; }, { ...; }> | Promise<...>'.
          Type 'ResolverSuccess<TFieldValues>' is not assignable to type 'ResolverResult<{ nome_completo: string; cpf: string; nivel_id: number; status_legal_id: number; tipos_agressao_ids: number[]; id?: number | undefined; data_nascimento?: string | null | undefined; telefone?: string | undefined; numero_processo?: string | undefined; }, { ...; }> | Promise<...>'.
            Type 'ResolverSuccess<TFieldValues>' is not assignable to type 'ResolverSuccess<{ nome_completo: string; cpf: string; nivel_id: number; status_legal_id: number; tipos_agressao_ids: number[]; id?: number | undefined; data_nascimento?: string | null | undefined; telefone?: string | undefined; numero_processo?: string | undefined; }>'.
              Type 'TFieldValues' is not assignable to type '{ nome_completo: string; cpf: string; nivel_id: number; status_legal_id: number; tipos_agressao_ids: number[]; id?: number | undefined; data_nascimento?: string | null | undefined; telefone?: string | undefined; numero_processo?: string | undefined; }'.
                Type 'FieldValues' is missing the following properties from type '{ nome_completo: string; cpf: string; nivel_id: number; status_legal_id: number; tipos_agressao_ids: number[]; id?: number | undefined; data_nascimento?: string | null | undefined; telefone?: string | undefined; numero_processo?: string | undefined; }': nome_completo, cpf, nivel_id, status_legal_id, tipos_agressao_ids
src/app/(admin)/sala-azul/infratores/infrator-form.tsx(189,13): error TS2322: Type 'Control<{ nome_completo: string; cpf: string; nivel_id: number; status_legal_id: number; tipos_agressao_ids: number[]; id?: number | undefined; data_nascimento?: string | null | undefined; telefone?: string | undefined; numero_processo?: string | undefined; }, any, TFieldValues>' is not assignable to type 'Control<{ nome_completo: string; cpf: string; nivel_id: number; status_legal_id: number; tipos_agressao_ids: number[]; id?: number | undefined; data_nascimento?: string | null | undefined; telefone?: string | undefined; numero_processo?: string | undefined; }, any, { ...; }>'.
  The types of '_options.resolver' are incompatible between these types.
    Type 'Resolver<{ nome_completo: string; cpf: string; nivel_id: number; status_legal_id: number; tipos_agressao_ids: number[]; id?: number | undefined; data_nascimento?: string | null | undefined; telefone?: string | undefined; numero_processo?: string | undefined; }, any, TFieldValues> | undefined' is not assignable to type 'Resolver<{ nome_completo: string; cpf: string; nivel_id: number; status_legal_id: number; tipos_agressao_ids: number[]; id?: number | undefined; data_nascimento?: string | null | undefined; telefone?: string | undefined; numero_processo?: string | undefined; }, any, { ...; }> | undefined'.
      Type 'Resolver<{ nome_completo: string; cpf: string; nivel_id: number; status_legal_id: number; tipos_agressao_ids: number[]; id?: number | undefined; data_nascimento?: string | null | undefined; telefone?: string | undefined; numero_processo?: string | undefined; }, any, TFieldValues>' is not assignable to type 'Resolver<{ nome_completo: string; cpf: string; nivel_id: number; status_legal_id: number; tipos_agressao_ids: number[]; id?: number | undefined; data_nascimento?: string | null | undefined; telefone?: string | undefined; numero_processo?: string | undefined; }, any, { ...; }>'.
        Type 'ResolverResult<{ nome_completo: string; cpf: string; nivel_id: number; status_legal_id: number; tipos_agressao_ids: number[]; id?: number | undefined; data_nascimento?: string | null | undefined; telefone?: string | undefined; numero_processo?: string | undefined; }, TFieldValues> | Promise<...>' is not assignable to type 'ResolverResult<{ nome_completo: string; cpf: string; nivel_id: number; status_legal_id: number; tipos_agressao_ids: number[]; id?: number | undefined; data_nascimento?: string | null | undefined; telefone?: string | undefined; numero_processo?: string | undefined; }, { ...; }> | Promise<...>'.
          Type 'ResolverSuccess<TFieldValues>' is not assignable to type 'ResolverResult<{ nome_completo: string; cpf: string; nivel_id: number; status_legal_id: number; tipos_agressao_ids: number[]; id?: number | undefined; data_nascimento?: string | null | undefined; telefone?: string | undefined; numero_processo?: string | undefined; }, { ...; }> | Promise<...>'.
            Type 'ResolverSuccess<TFieldValues>' is not assignable to type 'ResolverSuccess<{ nome_completo: string; cpf: string; nivel_id: number; status_legal_id: number; tipos_agressao_ids: number[]; id?: number | undefined; data_nascimento?: string | null | undefined; telefone?: string | undefined; numero_processo?: string | undefined; }>'.
              Type 'TFieldValues' is not assignable to type '{ nome_completo: string; cpf: string; nivel_id: number; status_legal_id: number; tipos_agressao_ids: number[]; id?: number | undefined; data_nascimento?: string | null | undefined; telefone?: string | undefined; numero_processo?: string | undefined; }'.
                Type 'FieldValues' is missing the following properties from type '{ nome_completo: string; cpf: string; nivel_id: number; status_legal_id: number; tipos_agressao_ids: number[]; id?: number | undefined; data_nascimento?: string | null | undefined; telefone?: string | undefined; numero_processo?: string | undefined; }': nome_completo, cpf, nivel_id, status_legal_id, tipos_agressao_ids
src/app/(admin)/sala-azul/infratores/infrator-form.tsx(217,13): error TS2322: Type 'Control<{ nome_completo: string; cpf: string; nivel_id: number; status_legal_id: number; tipos_agressao_ids: number[]; id?: number | undefined; data_nascimento?: string | null | undefined; telefone?: string | undefined; numero_processo?: string | undefined; }, any, TFieldValues>' is not assignable to type 'Control<{ nome_completo: string; cpf: string; nivel_id: number; status_legal_id: number; tipos_agressao_ids: number[]; id?: number | undefined; data_nascimento?: string | null | undefined; telefone?: string | undefined; numero_processo?: string | undefined; }, any, { ...; }>'.
  The types of '_options.resolver' are incompatible between these types.
    Type 'Resolver<{ nome_completo: string; cpf: string; nivel_id: number; status_legal_id: number; tipos_agressao_ids: number[]; id?: number | undefined; data_nascimento?: string | null | undefined; telefone?: string | undefined; numero_processo?: string | undefined; }, any, TFieldValues> | undefined' is not assignable to type 'Resolver<{ nome_completo: string; cpf: string; nivel_id: number; status_legal_id: number; tipos_agressao_ids: number[]; id?: number | undefined; data_nascimento?: string | null | undefined; telefone?: string | undefined; numero_processo?: string | undefined; }, any, { ...; }> | undefined'.
      Type 'Resolver<{ nome_completo: string; cpf: string; nivel_id: number; status_legal_id: number; tipos_agressao_ids: number[]; id?: number | undefined; data_nascimento?: string | null | undefined; telefone?: string | undefined; numero_processo?: string | undefined; }, any, TFieldValues>' is not assignable to type 'Resolver<{ nome_completo: string; cpf: string; nivel_id: number; status_legal_id: number; tipos_agressao_ids: number[]; id?: number | undefined; data_nascimento?: string | null | undefined; telefone?: string | undefined; numero_processo?: string | undefined; }, any, { ...; }>'.
        Type 'ResolverResult<{ nome_completo: string; cpf: string; nivel_id: number; status_legal_id: number; tipos_agressao_ids: number[]; id?: number | undefined; data_nascimento?: string | null | undefined; telefone?: string | undefined; numero_processo?: string | undefined; }, TFieldValues> | Promise<...>' is not assignable to type 'ResolverResult<{ nome_completo: string; cpf: string; nivel_id: number; status_legal_id: number; tipos_agressao_ids: number[]; id?: number | undefined; data_nascimento?: string | null | undefined; telefone?: string | undefined; numero_processo?: string | undefined; }, { ...; }> | Promise<...>'.
          Type 'ResolverSuccess<TFieldValues>' is not assignable to type 'ResolverResult<{ nome_completo: string; cpf: string; nivel_id: number; status_legal_id: number; tipos_agressao_ids: number[]; id?: number | undefined; data_nascimento?: string | null | undefined; telefone?: string | undefined; numero_processo?: string | undefined; }, { ...; }> | Promise<...>'.
            Type 'ResolverSuccess<TFieldValues>' is not assignable to type 'ResolverSuccess<{ nome_completo: string; cpf: string; nivel_id: number; status_legal_id: number; tipos_agressao_ids: number[]; id?: number | undefined; data_nascimento?: string | null | undefined; telefone?: string | undefined; numero_processo?: string | undefined; }>'.
              Type 'TFieldValues' is not assignable to type '{ nome_completo: string; cpf: string; nivel_id: number; status_legal_id: number; tipos_agressao_ids: number[]; id?: number | undefined; data_nascimento?: string | null | undefined; telefone?: string | undefined; numero_processo?: string | undefined; }'.
                Type 'FieldValues' is missing the following properties from type '{ nome_completo: string; cpf: string; nivel_id: number; status_legal_id: number; tipos_agressao_ids: number[]; id?: number | undefined; data_nascimento?: string | null | undefined; telefone?: string | undefined; numero_processo?: string | undefined; }': nome_completo, cpf, nivel_id, status_legal_id, tipos_agressao_ids
src/app/(admin)/sala-azul/infratores/infrator-form.tsx(257,13): error TS2322: Type 'Control<{ nome_completo: string; cpf: string; nivel_id: number; status_legal_id: number; tipos_agressao_ids: number[]; id?: number | undefined; data_nascimento?: string | null | undefined; telefone?: string | undefined; numero_processo?: string | undefined; }, any, TFieldValues>' is not assignable to type 'Control<{ nome_completo: string; cpf: string; nivel_id: number; status_legal_id: number; tipos_agressao_ids: number[]; id?: number | undefined; data_nascimento?: string | null | undefined; telefone?: string | undefined; numero_processo?: string | undefined; }, any, { ...; }>'.
  The types of '_options.resolver' are incompatible between these types.
    Type 'Resolver<{ nome_completo: string; cpf: string; nivel_id: number; status_legal_id: number; tipos_agressao_ids: number[]; id?: number | undefined; data_nascimento?: string | null | undefined; telefone?: string | undefined; numero_processo?: string | undefined; }, any, TFieldValues> | undefined' is not assignable to type 'Resolver<{ nome_completo: string; cpf: string; nivel_id: number; status_legal_id: number; tipos_agressao_ids: number[]; id?: number | undefined; data_nascimento?: string | null | undefined; telefone?: string | undefined; numero_processo?: string | undefined; }, any, { ...; }> | undefined'.
      Type 'Resolver<{ nome_completo: string; cpf: string; nivel_id: number; status_legal_id: number; tipos_agressao_ids: number[]; id?: number | undefined; data_nascimento?: string | null | undefined; telefone?: string | undefined; numero_processo?: string | undefined; }, any, TFieldValues>' is not assignable to type 'Resolver<{ nome_completo: string; cpf: string; nivel_id: number; status_legal_id: number; tipos_agressao_ids: number[]; id?: number | undefined; data_nascimento?: string | null | undefined; telefone?: string | undefined; numero_processo?: string | undefined; }, any, { ...; }>'.
        Type 'ResolverResult<{ nome_completo: string; cpf: string; nivel_id: number; status_legal_id: number; tipos_agressao_ids: number[]; id?: number | undefined; data_nascimento?: string | null | undefined; telefone?: string | undefined; numero_processo?: string | undefined; }, TFieldValues> | Promise<...>' is not assignable to type 'ResolverResult<{ nome_completo: string; cpf: string; nivel_id: number; status_legal_id: number; tipos_agressao_ids: number[]; id?: number | undefined; data_nascimento?: string | null | undefined; telefone?: string | undefined; numero_processo?: string | undefined; }, { ...; }> | Promise<...>'.
          Type 'ResolverSuccess<TFieldValues>' is not assignable to type 'ResolverResult<{ nome_completo: string; cpf: string; nivel_id: number; status_legal_id: number; tipos_agressao_ids: number[]; id?: number | undefined; data_nascimento?: string | null | undefined; telefone?: string | undefined; numero_processo?: string | undefined; }, { ...; }> | Promise<...>'.
            Type 'ResolverSuccess<TFieldValues>' is not assignable to type 'ResolverSuccess<{ nome_completo: string; cpf: string; nivel_id: number; status_legal_id: number; tipos_agressao_ids: number[]; id?: number | undefined; data_nascimento?: string | null | undefined; telefone?: string | undefined; numero_processo?: string | undefined; }>'.
              Type 'TFieldValues' is not assignable to type '{ nome_completo: string; cpf: string; nivel_id: number; status_legal_id: number; tipos_agressao_ids: number[]; id?: number | undefined; data_nascimento?: string | null | undefined; telefone?: string | undefined; numero_processo?: string | undefined; }'.
                Type 'FieldValues' is missing the following properties from type '{ nome_completo: string; cpf: string; nivel_id: number; status_legal_id: number; tipos_agressao_ids: number[]; id?: number | undefined; data_nascimento?: string | null | undefined; telefone?: string | undefined; numero_processo?: string | undefined; }': nome_completo, cpf, nivel_id, status_legal_id, tipos_agressao_ids
src/app/(admin)/sala-azul/infratores/infrator-form.tsx(265,23): error TS2322: Type 'Control<{ nome_completo: string; cpf: string; nivel_id: number; status_legal_id: number; tipos_agressao_ids: number[]; id?: number | undefined; data_nascimento?: string | null | undefined; telefone?: string | undefined; numero_processo?: string | undefined; }, any, TFieldValues>' is not assignable to type 'Control<{ nome_completo: string; cpf: string; nivel_id: number; status_legal_id: number; tipos_agressao_ids: number[]; id?: number | undefined; data_nascimento?: string | null | undefined; telefone?: string | undefined; numero_processo?: string | undefined; }, any, { ...; }>'.
  The types of '_options.resolver' are incompatible between these types.
    Type 'Resolver<{ nome_completo: string; cpf: string; nivel_id: number; status_legal_id: number; tipos_agressao_ids: number[]; id?: number | undefined; data_nascimento?: string | null | undefined; telefone?: string | undefined; numero_processo?: string | undefined; }, any, TFieldValues> | undefined' is not assignable to type 'Resolver<{ nome_completo: string; cpf: string; nivel_id: number; status_legal_id: number; tipos_agressao_ids: number[]; id?: number | undefined; data_nascimento?: string | null | undefined; telefone?: string | undefined; numero_processo?: string | undefined; }, any, { ...; }> | undefined'.
      Type 'Resolver<{ nome_completo: string; cpf: string; nivel_id: number; status_legal_id: number; tipos_agressao_ids: number[]; id?: number | undefined; data_nascimento?: string | null | undefined; telefone?: string | undefined; numero_processo?: string | undefined; }, any, TFieldValues>' is not assignable to type 'Resolver<{ nome_completo: string; cpf: string; nivel_id: number; status_legal_id: number; tipos_agressao_ids: number[]; id?: number | undefined; data_nascimento?: string | null | undefined; telefone?: string | undefined; numero_processo?: string | undefined; }, any, { ...; }>'.
        Type 'ResolverResult<{ nome_completo: string; cpf: string; nivel_id: number; status_legal_id: number; tipos_agressao_ids: number[]; id?: number | undefined; data_nascimento?: string | null | undefined; telefone?: string | undefined; numero_processo?: string | undefined; }, TFieldValues> | Promise<...>' is not assignable to type 'ResolverResult<{ nome_completo: string; cpf: string; nivel_id: number; status_legal_id: number; tipos_agressao_ids: number[]; id?: number | undefined; data_nascimento?: string | null | undefined; telefone?: string | undefined; numero_processo?: string | undefined; }, { ...; }> | Promise<...>'.
          Type 'ResolverSuccess<TFieldValues>' is not assignable to type 'ResolverResult<{ nome_completo: string; cpf: string; nivel_id: number; status_legal_id: number; tipos_agressao_ids: number[]; id?: number | undefined; data_nascimento?: string | null | undefined; telefone?: string | undefined; numero_processo?: string | undefined; }, { ...; }> | Promise<...>'.
            Type 'ResolverSuccess<TFieldValues>' is not assignable to type 'ResolverSuccess<{ nome_completo: string; cpf: string; nivel_id: number; status_legal_id: number; tipos_agressao_ids: number[]; id?: number | undefined; data_nascimento?: string | null | undefined; telefone?: string | undefined; numero_processo?: string | undefined; }>'.
              Type 'TFieldValues' is not assignable to type '{ nome_completo: string; cpf: string; nivel_id: number; status_legal_id: number; tipos_agressao_ids: number[]; id?: number | undefined; data_nascimento?: string | null | undefined; telefone?: string | undefined; numero_processo?: string | undefined; }'.
                Type 'FieldValues' is missing the following properties from type '{ nome_completo: string; cpf: string; nivel_id: number; status_legal_id: number; tipos_agressao_ids: number[]; id?: number | undefined; data_nascimento?: string | null | undefined; telefone?: string | undefined; numero_processo?: string | undefined; }': nome_completo, cpf, nivel_id, status_legal_id, tipos_agressao_ids
src/app/(admin)/sala-azul/infratores/infrator-form.tsx(321,31): error TS2322: Type '{ className: string; }' is not assignable to type 'Omit<LucideProps, "ref">'.
  Types of property 'in' are incompatible.
    Type '(index?: number | undefined) => { readonly _to: { node: string; input: number; }; }' is not assignable to type 'string'.
src/app/(admin)/sala-azul/infratores/infratores-client.tsx(136,16): error TS2322: Type '{ className: string; }' is not assignable to type 'Omit<LucideProps, "ref">'.
  Types of property 'in' are incompatible.
    Type '(index?: number | undefined) => { readonly _to: { node: string; input: number; }; }' is not assignable to type 'string'.
src/app/(admin)/sala-azul/infratores/infratores-client.tsx(149,16): error TS2322: Type '{ className: string; }' is not assignable to type 'Omit<LucideProps, "ref">'.
  Types of property 'in' are incompatible.
    Type '(index?: number | undefined) => { readonly _to: { node: string; input: number; }; }' is not assignable to type 'string'.
src/app/(admin)/sala-azul/infratores/infratores-client.tsx(159,16): error TS2322: Type '{ className: string; }' is not assignable to type 'Omit<LucideProps, "ref">'.
  Types of property 'in' are incompatible.
    Type '(index?: number | undefined) => { readonly _to: { node: string; input: number; }; }' is not assignable to type 'string'.
src/app/(admin)/sala-azul/infratores/infratores-client.tsx(167,12): error TS2322: Type '{ className: string; }' is not assignable to type 'Omit<LucideProps, "ref">'.
  Types of property 'in' are incompatible.
    Type '(index?: number | undefined) => { readonly _to: { node: string; input: number; }; }' is not assignable to type 'string'.
src/app/(admin)/sala-azul/infratores/infratores-client.tsx(216,26): error TS2322: Type '{ className: string; }' is not assignable to type 'Omit<LucideProps, "ref">'.
  Types of property 'in' are incompatible.
    Type '(index?: number | undefined) => { readonly _to: { node: string; input: number; }; }' is not assignable to type 'string'.
src/app/(admin)/sala-azul/infratores/infratores-client.tsx(235,30): error TS2322: Type '{ className: string; }' is not assignable to type 'Omit<LucideProps, "ref">'.
  Types of property 'in' are incompatible.
    Type '(index?: number | undefined) => { readonly _to: { node: string; input: number; }; }' is not assignable to type 'string'.
src/app/(admin)/sala-azul/infratores/infratores-client.tsx(245,30): error TS2322: Type '{ className: string; }' is not assignable to type 'Omit<LucideProps, "ref">'.
  Types of property 'in' are incompatible.
    Type '(index?: number | undefined) => { readonly _to: { node: string; input: number; }; }' is not assignable to type 'string'.
src/app/(admin)/sala-azul/infratores/infratores-client.tsx(249,30): error TS2322: Type '{ className: string; }' is not assignable to type 'Omit<LucideProps, "ref">'.
  Types of property 'in' are incompatible.
    Type '(index?: number | undefined) => { readonly _to: { node: string; input: number; }; }' is not assignable to type 'string'.
src/app/(admin)/sala-azul/infratores/infratores-client.tsx(256,30): error TS2322: Type '{ className: string; }' is not assignable to type 'Omit<LucideProps, "ref">'.
  Types of property 'in' are incompatible.
    Type '(index?: number | undefined) => { readonly _to: { node: string; input: number; }; }' is not assignable to type 'string'.
src/app/(admin)/sala-azul/infratores/infratores-client.tsx(286,62): error TS2345: Argument of type '{ locale: Locale; }' is not assignable to parameter of type 'FormatOptions'.
  Types of property 'in' are incompatible.
    Type '(index?: number | undefined) => { readonly _to: { node: string; input: number; }; }' is not assignable to type 'ContextFn<Date>'.
      Types of parameters 'index' and 'value' are incompatible.
        Type 'string | number | Date' is not assignable to type 'number | undefined'.
          Type 'string' is not assignable to type 'number'.
src/app/(admin)/sala-azul/infratores/page.tsx(20,12): error TS2322: Type '{ className: string; }' is not assignable to type 'Omit<LucideProps, "ref">'.
  Types of property 'in' are incompatible.
    Type '(index?: number | undefined) => { readonly _to: { node: string; input: number; }; }' is not assignable to type 'string'.
src/app/(admin)/sala-azul/page.tsx(107,18): error TS2322: Type '{ className: string; }' is not assignable to type 'Omit<LucideProps, "ref">'.
  Types of property 'in' are incompatible.
    Type '(index?: number | undefined) => { readonly _to: { node: string; input: number; }; }' is not assignable to type 'string'.
src/app/(admin)/sala-azul/page.tsx(122,18): error TS2322: Type '{ className: string; }' is not assignable to type 'Omit<LucideProps, "ref">'.
  Types of property 'in' are incompatible.
    Type '(index?: number | undefined) => { readonly _to: { node: string; input: number; }; }' is not assignable to type 'string'.
src/app/(admin)/sala-azul/page.tsx(142,14): error TS2322: Type '{ className: string; }' is not assignable to type 'Omit<LucideProps, "ref">'.
  Types of property 'in' are incompatible.
    Type '(index?: number | undefined) => { readonly _to: { node: string; input: number; }; }' is not assignable to type 'string'.
src/app/(admin)/sala-azul/page.tsx(152,14): error TS2322: Type '{ className: string; }' is not assignable to type 'Omit<LucideProps, "ref">'.
  Types of property 'in' are incompatible.
    Type '(index?: number | undefined) => { readonly _to: { node: string; input: number; }; }' is not assignable to type 'string'.
src/app/(admin)/sala-azul/page.tsx(164,14): error TS2322: Type '{ className: string; }' is not assignable to type 'Omit<LucideProps, "ref">'.
  Types of property 'in' are incompatible.
    Type '(index?: number | undefined) => { readonly _to: { node: string; input: number; }; }' is not assignable to type 'string'.
src/app/(admin)/sala-azul/sala-azul-stats-chart.tsx(28,12): error TS2322: Type '{ strokeDasharray: string; className: string; }' is not assignable to type 'AcceptedSvgProps'.
  Types of property 'in' are incompatible.
    Type '(index?: number | undefined) => { readonly _to: { node: string; input: number; }; }' is not assignable to type 'string'.
src/app/(admin)/sala-azul/sala-azul-stats-chart.tsx(32,13): error TS2769: No overload matches this call.
  Overload 1 of 2, '(props: Props, context?: any): string | number | bigint | boolean | ReactElement<unknown, string | JSXElementConstructor<any>> | Iterable<...> | Promise<...> | Component<...> | null | undefined', gave the following error.
    Type '{ fill: string; fontSize: number; }' is not assignable to type 'TickProp | undefined'.
      Type '{ fill: string; fontSize: number; }' is not assignable to type 'SVGProps<SVGTextElement>'.
        Types of property 'in' are incompatible.
          Type '(index?: number | undefined) => { readonly _to: { node: string; input: number; }; }' is not assignable to type 'string'.
  Overload 2 of 2, '(props: Props): string | number | bigint | boolean | ReactElement<unknown, string | JSXElementConstructor<any>> | Iterable<ReactNode> | Promise<...> | Component<...> | null | undefined', gave the following error.
    Type '{ fill: string; fontSize: number; }' is not assignable to type 'TickProp | undefined'.
      Type '{ fill: string; fontSize: number; }' is not assignable to type 'SVGProps<SVGTextElement>'.
        Types of property 'in' are incompatible.
          Type '(index?: number | undefined) => { readonly _to: { node: string; input: number; }; }' is not assignable to type 'string'.
src/app/(admin)/sala-azul/sala-azul-stats-chart.tsx(36,13): error TS2769: No overload matches this call.
  Overload 1 of 2, '(props: Props, context?: any): string | number | bigint | boolean | ReactElement<unknown, string | JSXElementConstructor<any>> | Iterable<...> | Promise<...> | Component<...> | null | undefined', gave the following error.
    Type '{ fill: string; fontSize: number; }' is not assignable to type 'TickProp | undefined'.
      Type '{ fill: string; fontSize: number; }' is not assignable to type 'SVGProps<SVGTextElement>'.
        Types of property 'in' are incompatible.
          Type '(index?: number | undefined) => { readonly _to: { node: string; input: number; }; }' is not assignable to type 'string'.
  Overload 2 of 2, '(props: Props): string | number | bigint | boolean | ReactElement<unknown, string | JSXElementConstructor<any>> | Iterable<ReactNode> | Promise<...> | Component<...> | null | undefined', gave the following error.
    Type '{ fill: string; fontSize: number; }' is not assignable to type 'TickProp | undefined'.
      Type '{ fill: string; fontSize: number; }' is not assignable to type 'SVGProps<SVGTextElement>'.
        Types of property 'in' are incompatible.
          Type '(index?: number | undefined) => { readonly _to: { node: string; input: number; }; }' is not assignable to type 'string'.
src/app/(admin)/sala-azul/sala-azul-stats-chart.tsx(48,12): error TS2322: Type '{ formatter: (value: any) => Element; }' is not assignable to type 'Omit<Props, "payload" | "ref">'.
  Types of property 'in' are incompatible.
    Type '(index?: number | undefined) => { readonly _to: { node: string; input: number; }; }' is not assignable to type 'string'.
src/app/(admin)/sala-azul/sala-azul-stats-chart.tsx(53,12): error TS2769: No overload matches this call.
  Overload 1 of 2, '(props: Props, context?: any): string | number | bigint | boolean | ReactElement<unknown, string | JSXElementConstructor<any>> | Iterable<...> | Promise<...> | Component<...> | null | undefined', gave the following error.
    Type '{ dataKey: string; fill: string; radius: [number, number, number, number]; name: string; }' is not assignable to type 'Omit<BarSvgProps, keyof BarEvents>'.
      Types of property 'in' are incompatible.
        Type '(index?: number | undefined) => { readonly _to: { node: string; input: number; }; }' is not assignable to type 'string'.
  Overload 2 of 2, '(props: Props): string | number | bigint | boolean | ReactElement<unknown, string | JSXElementConstructor<any>> | Iterable<ReactNode> | Promise<...> | Component<...> | null | undefined', gave the following error.
    Type '{ dataKey: string; fill: string; radius: [number, number, number, number]; name: string; }' is not assignable to type 'Omit<BarSvgProps, keyof BarEvents>'.
      Types of property 'in' are incompatible.
        Type '(index?: number | undefined) => { readonly _to: { node: string; input: number; }; }' is not assignable to type 'string'.
src/app/(admin)/tramitacoes/kanban-board.tsx(105,12): error TS2322: Type '{ className: string; }' is not assignable to type 'Omit<LucideProps, "ref">'.
  Types of property 'in' are incompatible.
    Type '(index?: number | undefined) => { readonly _to: { node: string; input: number; }; }' is not assignable to type 'string'.
src/app/(admin)/tramitacoes/kanban-board.tsx(117,18): error TS2322: Type '{ className: string; }' is not assignable to type 'Omit<LucideProps, "ref">'.
  Types of property 'in' are incompatible.
    Type '(index?: number | undefined) => { readonly _to: { node: string; input: number; }; }' is not assignable to type 'string'.
src/app/(admin)/tramitacoes/kanban-board.tsx(133,14): error TS2322: Type '{ className: string; }' is not assignable to type 'Omit<LucideProps, "ref">'.
  Types of property 'in' are incompatible.
    Type '(index?: number | undefined) => { readonly _to: { node: string; input: number; }; }' is not assignable to type 'string'.
src/app/(admin)/tramitacoes/kanban-board.tsx(214,32): error TS2322: Type '{ className: string; }' is not assignable to type 'Omit<LucideProps, "ref">'.
  Types of property 'in' are incompatible.
    Type '(index?: number | undefined) => { readonly _to: { node: string; input: number; }; }' is not assignable to type 'string'.
src/app/(admin)/tramitacoes/kanban-board.tsx(225,32): error TS2322: Type '{ className: string; }' is not assignable to type 'Omit<LucideProps, "ref">'.
  Types of property 'in' are incompatible.
    Type '(index?: number | undefined) => { readonly _to: { node: string; input: number; }; }' is not assignable to type 'string'.
src/app/(admin)/tramitacoes/page.tsx(17,10): error TS2322: Type '{}' is not assignable to type 'Omit<LucideProps, "ref">'.
  Types of property 'in' are incompatible.
    Type '(index?: number | undefined) => { readonly _to: { node: string; input: number; }; }' is not assignable to type 'string'.
src/app/(app)/configuracoes/site/page.tsx(13,66): error TS2339: Property 'data' does not exist on type '{ success: boolean; error: string; } | { success: boolean; data: Record<string, any> | null; }'.
  Property 'data' does not exist on type '{ success: boolean; error: string; }'.
src/app/(app)/configuracoes/site/page.tsx(14,63): error TS2339: Property 'data' does not exist on type '{ success: boolean; error: string; } | { success: boolean; data: Record<string, any>[]; }'.
  Property 'data' does not exist on type '{ success: boolean; error: string; }'.
src/app/(app)/configuracoes/site/site-management-client.tsx(148,5): error TS2322: Type 'Resolver<{ titulo?: string | undefined; subtitulo?: string | undefined; biografia?: string | undefined; cor_principal?: string | undefined; telefone?: string | undefined; email?: string | undefined; instagram?: string | undefined; facebook?: string | undefined; whatsapp?: string | undefined; website?: string | undef...' is not assignable to type 'Resolver<{ titulo: string; subtitulo: string; biografia: string; cor_principal: string; telefone: string; email: string; instagram: string; facebook: string; whatsapp: string; website: string; }, any, { ...; }>'.
  Types of parameters 'options' and 'options' are incompatible.
    Type 'ResolverOptions<{ titulo: string; subtitulo: string; biografia: string; cor_principal: string; telefone: string; email: string; instagram: string; facebook: string; whatsapp: string; website: string; }>' is not assignable to type 'ResolverOptions<{ titulo?: string | undefined; subtitulo?: string | undefined; biografia?: string | undefined; cor_principal?: string | undefined; telefone?: string | undefined; email?: string | undefined; instagram?: string | undefined; facebook?: string | undefined; whatsapp?: string | undefined; website?: string ...'.
      Type 'string | undefined' is not assignable to type 'string'.
        Type 'undefined' is not assignable to type 'string'.
src/app/(app)/configuracoes/site/site-management-client.tsx(153,5): error TS2322: Type 'Resolver<{ titulo?: string | undefined; descricao?: string | undefined; link?: string | undefined; imagem?: string | undefined; ordem?: unknown; status?: "draft" | "published" | "archived" | undefined; }, any, { ...; }>' is not assignable to type 'Resolver<{ titulo: string; descricao: string; link: string; imagem: string; status: "draft" | "published" | "archived"; ordem?: number | undefined; }, any, { titulo: string; descricao: string; link: string; imagem: string; status: "draft" | ... 1 more ... | "archived"; ordem?: number | undefined; }>'.
  Types of parameters 'options' and 'options' are incompatible.
    Type 'ResolverOptions<{ titulo: string; descricao: string; link: string; imagem: string; status: "draft" | "published" | "archived"; ordem?: number | undefined; }>' is not assignable to type 'ResolverOptions<{ titulo?: string | undefined; descricao?: string | undefined; link?: string | undefined; imagem?: string | undefined; ordem?: unknown; status?: "draft" | "published" | "archived" | undefined; }>'.
      Type 'string | undefined' is not assignable to type 'string'.
        Type 'undefined' is not assignable to type 'string'.
src/app/(app)/configuracoes/site/site-management-client.tsx(198,21): error TS2345: Argument of type 'string | (() => { readonly _from: { node: string; output: number; isError?: boolean | undefined; }; to(input: { readonly _to: { node: string; input: number; }; }): void; })' is not assignable to parameter of type 'string | number | bigint | boolean | ReactElement<unknown, string | JSXElementConstructor<any>> | Iterable<ReactNode> | ... 4 more ... | undefined'.
  Type '() => { readonly _from: { node: string; output: number; isError?: boolean | undefined; }; to(input: { readonly _to: { node: string; input: number; }; }): void; }' is not assignable to type 'string | number | bigint | boolean | ReactElement<unknown, string | JSXElementConstructor<any>> | Iterable<ReactNode> | ... 4 more ... | undefined'.
    Type '() => { readonly _from: { node: string; output: number; isError?: boolean | undefined; }; to(input: { readonly _to: { node: string; input: number; }; }): void; }' is not assignable to type '() => ReactNode'.
      Type '{ readonly _from: { node: string; output: number; isError?: boolean | undefined; }; to(input: { readonly _to: { node: string; input: number; }; }): void; }' is not assignable to type 'ReactNode'.
src/app/(app)/configuracoes/site/site-management-client.tsx(202,28): error TS2339: Property 'data' does not exist on type '{ success: boolean; error: string; } | { success: boolean; data: DirectusRecord; }'.
  Property 'data' does not exist on type '{ success: boolean; error: string; }'.
src/app/(app)/configuracoes/site/site-management-client.tsx(224,19): error TS2345: Argument of type 'string | (() => { readonly _from: { node: string; output: number; isError?: boolean | undefined; }; to(input: { readonly _to: { node: string; input: number; }; }): void; })' is not assignable to parameter of type 'string | number | bigint | boolean | ReactElement<unknown, string | JSXElementConstructor<any>> | Iterable<ReactNode> | ... 4 more ... | undefined'.
  Type '() => { readonly _from: { node: string; output: number; isError?: boolean | undefined; }; to(input: { readonly _to: { node: string; input: number; }; }): void; }' is not assignable to type 'string | number | bigint | boolean | ReactElement<unknown, string | JSXElementConstructor<any>> | Iterable<ReactNode> | ... 4 more ... | undefined'.
    Type '() => { readonly _from: { node: string; output: number; isError?: boolean | undefined; }; to(input: { readonly _to: { node: string; input: number; }; }): void; }' is not assignable to type '() => ReactNode'.
      Type '{ readonly _from: { node: string; output: number; isError?: boolean | undefined; }; to(input: { readonly _to: { node: string; input: number; }; }): void; }' is not assignable to type 'ReactNode'.
src/app/(app)/configuracoes/site/site-management-client.tsx(228,34): error TS2339: Property 'data' does not exist on type '{ success: boolean; error: string; } | { success: boolean; data: DirectusRecord; }'.
  Property 'data' does not exist on type '{ success: boolean; error: string; }'.
src/app/(app)/configuracoes/site/site-management-client.tsx(257,19): error TS2345: Argument of type 'string | (() => { readonly _from: { node: string; output: number; isError?: boolean | undefined; }; to(input: { readonly _to: { node: string; input: number; }; }): void; })' is not assignable to parameter of type 'string | number | bigint | boolean | ReactElement<unknown, string | JSXElementConstructor<any>> | Iterable<ReactNode> | ... 4 more ... | undefined'.
  Type '() => { readonly _from: { node: string; output: number; isError?: boolean | undefined; }; to(input: { readonly _to: { node: string; input: number; }; }): void; }' is not assignable to type 'string | number | bigint | boolean | ReactElement<unknown, string | JSXElementConstructor<any>> | Iterable<ReactNode> | ... 4 more ... | undefined'.
    Type '() => { readonly _from: { node: string; output: number; isError?: boolean | undefined; }; to(input: { readonly _to: { node: string; input: number; }; }): void; }' is not assignable to type '() => ReactNode'.
      Type '{ readonly _from: { node: string; output: number; isError?: boolean | undefined; }; to(input: { readonly _to: { node: string; input: number; }; }): void; }' is not assignable to type 'ReactNode'.
src/app/(app)/configuracoes/site/site-management-client.tsx(285,51): error TS2345: Argument of type '(values: { titulo: string; subtitulo: string; biografia: string; cor_principal: string; telefone: string; email: string; instagram: string; facebook: string; whatsapp: string; website: string; }) => Promise<...>' is not assignable to parameter of type 'SubmitHandler<TFieldValues>'.
  Types of parameters 'values' and 'data' are incompatible.
    Type 'TFieldValues' is not assignable to type '{ titulo: string; subtitulo: string; biografia: string; cor_principal: string; telefone: string; email: string; instagram: string; facebook: string; whatsapp: string; website: string; }'.
      Type 'FieldValues' is missing the following properties from type '{ titulo: string; subtitulo: string; biografia: string; cor_principal: string; telefone: string; email: string; instagram: string; facebook: string; whatsapp: string; website: string; }': titulo, subtitulo, biografia, cor_principal, and 6 more.
src/app/(app)/configuracoes/site/site-management-client.tsx(289,21): error TS2322: Type 'Control<{ titulo: string; subtitulo: string; biografia: string; cor_principal: string; telefone: string; email: string; instagram: string; facebook: string; whatsapp: string; website: string; }, any, TFieldValues>' is not assignable to type 'Control<{ titulo: string; subtitulo: string; biografia: string; cor_principal: string; telefone: string; email: string; instagram: string; facebook: string; whatsapp: string; website: string; }, any, { ...; }>'.
  The types of '_options.resolver' are incompatible between these types.
    Type 'Resolver<{ titulo: string; subtitulo: string; biografia: string; cor_principal: string; telefone: string; email: string; instagram: string; facebook: string; whatsapp: string; website: string; }, any, TFieldValues> | undefined' is not assignable to type 'Resolver<{ titulo: string; subtitulo: string; biografia: string; cor_principal: string; telefone: string; email: string; instagram: string; facebook: string; whatsapp: string; website: string; }, any, { ...; }> | undefined'.
      Type 'Resolver<{ titulo: string; subtitulo: string; biografia: string; cor_principal: string; telefone: string; email: string; instagram: string; facebook: string; whatsapp: string; website: string; }, any, TFieldValues>' is not assignable to type 'Resolver<{ titulo: string; subtitulo: string; biografia: string; cor_principal: string; telefone: string; email: string; instagram: string; facebook: string; whatsapp: string; website: string; }, any, { ...; }>'.
        Type 'ResolverResult<{ titulo: string; subtitulo: string; biografia: string; cor_principal: string; telefone: string; email: string; instagram: string; facebook: string; whatsapp: string; website: string; }, TFieldValues> | Promise<...>' is not assignable to type 'ResolverResult<{ titulo: string; subtitulo: string; biografia: string; cor_principal: string; telefone: string; email: string; instagram: string; facebook: string; whatsapp: string; website: string; }, { titulo: string; ... 8 more ...; website: string; }> | Promise<...>'.
          Type 'ResolverSuccess<TFieldValues>' is not assignable to type 'ResolverResult<{ titulo: string; subtitulo: string; biografia: string; cor_principal: string; telefone: string; email: string; instagram: string; facebook: string; whatsapp: string; website: string; }, { titulo: string; ... 8 more ...; website: string; }> | Promise<...>'.
            Type 'ResolverSuccess<TFieldValues>' is not assignable to type 'ResolverSuccess<{ titulo: string; subtitulo: string; biografia: string; cor_principal: string; telefone: string; email: string; instagram: string; facebook: string; whatsapp: string; website: string; }>'.
              Type 'TFieldValues' is not assignable to type '{ titulo: string; subtitulo: string; biografia: string; cor_principal: string; telefone: string; email: string; instagram: string; facebook: string; whatsapp: string; website: string; }'.
                Type 'FieldValues' is missing the following properties from type '{ titulo: string; subtitulo: string; biografia: string; cor_principal: string; telefone: string; email: string; instagram: string; facebook: string; whatsapp: string; website: string; }': titulo, subtitulo, biografia, cor_principal, and 6 more.
src/app/(app)/configuracoes/site/site-management-client.tsx(303,21): error TS2322: Type 'Control<{ titulo: string; subtitulo: string; biografia: string; cor_principal: string; telefone: string; email: string; instagram: string; facebook: string; whatsapp: string; website: string; }, any, TFieldValues>' is not assignable to type 'Control<{ titulo: string; subtitulo: string; biografia: string; cor_principal: string; telefone: string; email: string; instagram: string; facebook: string; whatsapp: string; website: string; }, any, { ...; }>'.
  The types of '_options.resolver' are incompatible between these types.
    Type 'Resolver<{ titulo: string; subtitulo: string; biografia: string; cor_principal: string; telefone: string; email: string; instagram: string; facebook: string; whatsapp: string; website: string; }, any, TFieldValues> | undefined' is not assignable to type 'Resolver<{ titulo: string; subtitulo: string; biografia: string; cor_principal: string; telefone: string; email: string; instagram: string; facebook: string; whatsapp: string; website: string; }, any, { ...; }> | undefined'.
      Type 'Resolver<{ titulo: string; subtitulo: string; biografia: string; cor_principal: string; telefone: string; email: string; instagram: string; facebook: string; whatsapp: string; website: string; }, any, TFieldValues>' is not assignable to type 'Resolver<{ titulo: string; subtitulo: string; biografia: string; cor_principal: string; telefone: string; email: string; instagram: string; facebook: string; whatsapp: string; website: string; }, any, { ...; }>'.
        Type 'ResolverResult<{ titulo: string; subtitulo: string; biografia: string; cor_principal: string; telefone: string; email: string; instagram: string; facebook: string; whatsapp: string; website: string; }, TFieldValues> | Promise<...>' is not assignable to type 'ResolverResult<{ titulo: string; subtitulo: string; biografia: string; cor_principal: string; telefone: string; email: string; instagram: string; facebook: string; whatsapp: string; website: string; }, { titulo: string; ... 8 more ...; website: string; }> | Promise<...>'.
          Type 'ResolverSuccess<TFieldValues>' is not assignable to type 'ResolverResult<{ titulo: string; subtitulo: string; biografia: string; cor_principal: string; telefone: string; email: string; instagram: string; facebook: string; whatsapp: string; website: string; }, { titulo: string; ... 8 more ...; website: string; }> | Promise<...>'.
            Type 'ResolverSuccess<TFieldValues>' is not assignable to type 'ResolverSuccess<{ titulo: string; subtitulo: string; biografia: string; cor_principal: string; telefone: string; email: string; instagram: string; facebook: string; whatsapp: string; website: string; }>'.
              Type 'TFieldValues' is not assignable to type '{ titulo: string; subtitulo: string; biografia: string; cor_principal: string; telefone: string; email: string; instagram: string; facebook: string; whatsapp: string; website: string; }'.
                Type 'FieldValues' is missing the following properties from type '{ titulo: string; subtitulo: string; biografia: string; cor_principal: string; telefone: string; email: string; instagram: string; facebook: string; whatsapp: string; website: string; }': titulo, subtitulo, biografia, cor_principal, and 6 more.
src/app/(app)/configuracoes/site/site-management-client.tsx(317,21): error TS2322: Type 'Control<{ titulo: string; subtitulo: string; biografia: string; cor_principal: string; telefone: string; email: string; instagram: string; facebook: string; whatsapp: string; website: string; }, any, TFieldValues>' is not assignable to type 'Control<{ titulo: string; subtitulo: string; biografia: string; cor_principal: string; telefone: string; email: string; instagram: string; facebook: string; whatsapp: string; website: string; }, any, { ...; }>'.
  The types of '_options.resolver' are incompatible between these types.
    Type 'Resolver<{ titulo: string; subtitulo: string; biografia: string; cor_principal: string; telefone: string; email: string; instagram: string; facebook: string; whatsapp: string; website: string; }, any, TFieldValues> | undefined' is not assignable to type 'Resolver<{ titulo: string; subtitulo: string; biografia: string; cor_principal: string; telefone: string; email: string; instagram: string; facebook: string; whatsapp: string; website: string; }, any, { ...; }> | undefined'.
      Type 'Resolver<{ titulo: string; subtitulo: string; biografia: string; cor_principal: string; telefone: string; email: string; instagram: string; facebook: string; whatsapp: string; website: string; }, any, TFieldValues>' is not assignable to type 'Resolver<{ titulo: string; subtitulo: string; biografia: string; cor_principal: string; telefone: string; email: string; instagram: string; facebook: string; whatsapp: string; website: string; }, any, { ...; }>'.
        Type 'ResolverResult<{ titulo: string; subtitulo: string; biografia: string; cor_principal: string; telefone: string; email: string; instagram: string; facebook: string; whatsapp: string; website: string; }, TFieldValues> | Promise<...>' is not assignable to type 'ResolverResult<{ titulo: string; subtitulo: string; biografia: string; cor_principal: string; telefone: string; email: string; instagram: string; facebook: string; whatsapp: string; website: string; }, { titulo: string; ... 8 more ...; website: string; }> | Promise<...>'.
          Type 'ResolverSuccess<TFieldValues>' is not assignable to type 'ResolverResult<{ titulo: string; subtitulo: string; biografia: string; cor_principal: string; telefone: string; email: string; instagram: string; facebook: string; whatsapp: string; website: string; }, { titulo: string; ... 8 more ...; website: string; }> | Promise<...>'.
            Type 'ResolverSuccess<TFieldValues>' is not assignable to type 'ResolverSuccess<{ titulo: string; subtitulo: string; biografia: string; cor_principal: string; telefone: string; email: string; instagram: string; facebook: string; whatsapp: string; website: string; }>'.
              Type 'TFieldValues' is not assignable to type '{ titulo: string; subtitulo: string; biografia: string; cor_principal: string; telefone: string; email: string; instagram: string; facebook: string; whatsapp: string; website: string; }'.
                Type 'FieldValues' is missing the following properties from type '{ titulo: string; subtitulo: string; biografia: string; cor_principal: string; telefone: string; email: string; instagram: string; facebook: string; whatsapp: string; website: string; }': titulo, subtitulo, biografia, cor_principal, and 6 more.
src/app/(app)/configuracoes/site/site-management-client.tsx(331,21): error TS2322: Type 'Control<{ titulo: string; subtitulo: string; biografia: string; cor_principal: string; telefone: string; email: string; instagram: string; facebook: string; whatsapp: string; website: string; }, any, TFieldValues>' is not assignable to type 'Control<{ titulo: string; subtitulo: string; biografia: string; cor_principal: string; telefone: string; email: string; instagram: string; facebook: string; whatsapp: string; website: string; }, any, { ...; }>'.
  The types of '_options.resolver' are incompatible between these types.
    Type 'Resolver<{ titulo: string; subtitulo: string; biografia: string; cor_principal: string; telefone: string; email: string; instagram: string; facebook: string; whatsapp: string; website: string; }, any, TFieldValues> | undefined' is not assignable to type 'Resolver<{ titulo: string; subtitulo: string; biografia: string; cor_principal: string; telefone: string; email: string; instagram: string; facebook: string; whatsapp: string; website: string; }, any, { ...; }> | undefined'.
      Type 'Resolver<{ titulo: string; subtitulo: string; biografia: string; cor_principal: string; telefone: string; email: string; instagram: string; facebook: string; whatsapp: string; website: string; }, any, TFieldValues>' is not assignable to type 'Resolver<{ titulo: string; subtitulo: string; biografia: string; cor_principal: string; telefone: string; email: string; instagram: string; facebook: string; whatsapp: string; website: string; }, any, { ...; }>'.
        Type 'ResolverResult<{ titulo: string; subtitulo: string; biografia: string; cor_principal: string; telefone: string; email: string; instagram: string; facebook: string; whatsapp: string; website: string; }, TFieldValues> | Promise<...>' is not assignable to type 'ResolverResult<{ titulo: string; subtitulo: string; biografia: string; cor_principal: string; telefone: string; email: string; instagram: string; facebook: string; whatsapp: string; website: string; }, { titulo: string; ... 8 more ...; website: string; }> | Promise<...>'.
          Type 'ResolverSuccess<TFieldValues>' is not assignable to type 'ResolverResult<{ titulo: string; subtitulo: string; biografia: string; cor_principal: string; telefone: string; email: string; instagram: string; facebook: string; whatsapp: string; website: string; }, { titulo: string; ... 8 more ...; website: string; }> | Promise<...>'.
            Type 'ResolverSuccess<TFieldValues>' is not assignable to type 'ResolverSuccess<{ titulo: string; subtitulo: string; biografia: string; cor_principal: string; telefone: string; email: string; instagram: string; facebook: string; whatsapp: string; website: string; }>'.
              Type 'TFieldValues' is not assignable to type '{ titulo: string; subtitulo: string; biografia: string; cor_principal: string; telefone: string; email: string; instagram: string; facebook: string; whatsapp: string; website: string; }'.
                Type 'FieldValues' is missing the following properties from type '{ titulo: string; subtitulo: string; biografia: string; cor_principal: string; telefone: string; email: string; instagram: string; facebook: string; whatsapp: string; website: string; }': titulo, subtitulo, biografia, cor_principal, and 6 more.
src/app/(app)/configuracoes/site/site-management-client.tsx(345,21): error TS2322: Type 'Control<{ titulo: string; subtitulo: string; biografia: string; cor_principal: string; telefone: string; email: string; instagram: string; facebook: string; whatsapp: string; website: string; }, any, TFieldValues>' is not assignable to type 'Control<{ titulo: string; subtitulo: string; biografia: string; cor_principal: string; telefone: string; email: string; instagram: string; facebook: string; whatsapp: string; website: string; }, any, { ...; }>'.
  The types of '_options.resolver' are incompatible between these types.
    Type 'Resolver<{ titulo: string; subtitulo: string; biografia: string; cor_principal: string; telefone: string; email: string; instagram: string; facebook: string; whatsapp: string; website: string; }, any, TFieldValues> | undefined' is not assignable to type 'Resolver<{ titulo: string; subtitulo: string; biografia: string; cor_principal: string; telefone: string; email: string; instagram: string; facebook: string; whatsapp: string; website: string; }, any, { ...; }> | undefined'.
      Type 'Resolver<{ titulo: string; subtitulo: string; biografia: string; cor_principal: string; telefone: string; email: string; instagram: string; facebook: string; whatsapp: string; website: string; }, any, TFieldValues>' is not assignable to type 'Resolver<{ titulo: string; subtitulo: string; biografia: string; cor_principal: string; telefone: string; email: string; instagram: string; facebook: string; whatsapp: string; website: string; }, any, { ...; }>'.
        Type 'ResolverResult<{ titulo: string; subtitulo: string; biografia: string; cor_principal: string; telefone: string; email: string; instagram: string; facebook: string; whatsapp: string; website: string; }, TFieldValues> | Promise<...>' is not assignable to type 'ResolverResult<{ titulo: string; subtitulo: string; biografia: string; cor_principal: string; telefone: string; email: string; instagram: string; facebook: string; whatsapp: string; website: string; }, { titulo: string; ... 8 more ...; website: string; }> | Promise<...>'.
          Type 'ResolverSuccess<TFieldValues>' is not assignable to type 'ResolverResult<{ titulo: string; subtitulo: string; biografia: string; cor_principal: string; telefone: string; email: string; instagram: string; facebook: string; whatsapp: string; website: string; }, { titulo: string; ... 8 more ...; website: string; }> | Promise<...>'.
            Type 'ResolverSuccess<TFieldValues>' is not assignable to type 'ResolverSuccess<{ titulo: string; subtitulo: string; biografia: string; cor_principal: string; telefone: string; email: string; instagram: string; facebook: string; whatsapp: string; website: string; }>'.
              Type 'TFieldValues' is not assignable to type '{ titulo: string; subtitulo: string; biografia: string; cor_principal: string; telefone: string; email: string; instagram: string; facebook: string; whatsapp: string; website: string; }'.
                Type 'FieldValues' is missing the following properties from type '{ titulo: string; subtitulo: string; biografia: string; cor_principal: string; telefone: string; email: string; instagram: string; facebook: string; whatsapp: string; website: string; }': titulo, subtitulo, biografia, cor_principal, and 6 more.
src/app/(app)/configuracoes/site/site-management-client.tsx(360,19): error TS2322: Type 'Control<{ titulo: string; subtitulo: string; biografia: string; cor_principal: string; telefone: string; email: string; instagram: string; facebook: string; whatsapp: string; website: string; }, any, TFieldValues>' is not assignable to type 'Control<{ titulo: string; subtitulo: string; biografia: string; cor_principal: string; telefone: string; email: string; instagram: string; facebook: string; whatsapp: string; website: string; }, any, { ...; }>'.
  The types of '_options.resolver' are incompatible between these types.
    Type 'Resolver<{ titulo: string; subtitulo: string; biografia: string; cor_principal: string; telefone: string; email: string; instagram: string; facebook: string; whatsapp: string; website: string; }, any, TFieldValues> | undefined' is not assignable to type 'Resolver<{ titulo: string; subtitulo: string; biografia: string; cor_principal: string; telefone: string; email: string; instagram: string; facebook: string; whatsapp: string; website: string; }, any, { ...; }> | undefined'.
      Type 'Resolver<{ titulo: string; subtitulo: string; biografia: string; cor_principal: string; telefone: string; email: string; instagram: string; facebook: string; whatsapp: string; website: string; }, any, TFieldValues>' is not assignable to type 'Resolver<{ titulo: string; subtitulo: string; biografia: string; cor_principal: string; telefone: string; email: string; instagram: string; facebook: string; whatsapp: string; website: string; }, any, { ...; }>'.
        Type 'ResolverResult<{ titulo: string; subtitulo: string; biografia: string; cor_principal: string; telefone: string; email: string; instagram: string; facebook: string; whatsapp: string; website: string; }, TFieldValues> | Promise<...>' is not assignable to type 'ResolverResult<{ titulo: string; subtitulo: string; biografia: string; cor_principal: string; telefone: string; email: string; instagram: string; facebook: string; whatsapp: string; website: string; }, { titulo: string; ... 8 more ...; website: string; }> | Promise<...>'.
          Type 'ResolverSuccess<TFieldValues>' is not assignable to type 'ResolverResult<{ titulo: string; subtitulo: string; biografia: string; cor_principal: string; telefone: string; email: string; instagram: string; facebook: string; whatsapp: string; website: string; }, { titulo: string; ... 8 more ...; website: string; }> | Promise<...>'.
            Type 'ResolverSuccess<TFieldValues>' is not assignable to type 'ResolverSuccess<{ titulo: string; subtitulo: string; biografia: string; cor_principal: string; telefone: string; email: string; instagram: string; facebook: string; whatsapp: string; website: string; }>'.
              Type 'TFieldValues' is not assignable to type '{ titulo: string; subtitulo: string; biografia: string; cor_principal: string; telefone: string; email: string; instagram: string; facebook: string; whatsapp: string; website: string; }'.
                Type 'FieldValues' is missing the following properties from type '{ titulo: string; subtitulo: string; biografia: string; cor_principal: string; telefone: string; email: string; instagram: string; facebook: string; whatsapp: string; website: string; }': titulo, subtitulo, biografia, cor_principal, and 6 more.
src/app/(app)/configuracoes/site/site-management-client.tsx(383,23): error TS2322: Type 'Control<{ titulo: string; subtitulo: string; biografia: string; cor_principal: string; telefone: string; email: string; instagram: string; facebook: string; whatsapp: string; website: string; }, any, TFieldValues>' is not assignable to type 'Control<{ titulo: string; subtitulo: string; biografia: string; cor_principal: string; telefone: string; email: string; instagram: string; facebook: string; whatsapp: string; website: string; }, any, { ...; }>'.
  The types of '_options.resolver' are incompatible between these types.
    Type 'Resolver<{ titulo: string; subtitulo: string; biografia: string; cor_principal: string; telefone: string; email: string; instagram: string; facebook: string; whatsapp: string; website: string; }, any, TFieldValues> | undefined' is not assignable to type 'Resolver<{ titulo: string; subtitulo: string; biografia: string; cor_principal: string; telefone: string; email: string; instagram: string; facebook: string; whatsapp: string; website: string; }, any, { ...; }> | undefined'.
      Type 'Resolver<{ titulo: string; subtitulo: string; biografia: string; cor_principal: string; telefone: string; email: string; instagram: string; facebook: string; whatsapp: string; website: string; }, any, TFieldValues>' is not assignable to type 'Resolver<{ titulo: string; subtitulo: string; biografia: string; cor_principal: string; telefone: string; email: string; instagram: string; facebook: string; whatsapp: string; website: string; }, any, { ...; }>'.
        Type 'ResolverResult<{ titulo: string; subtitulo: string; biografia: string; cor_principal: string; telefone: string; email: string; instagram: string; facebook: string; whatsapp: string; website: string; }, TFieldValues> | Promise<...>' is not assignable to type 'ResolverResult<{ titulo: string; subtitulo: string; biografia: string; cor_principal: string; telefone: string; email: string; instagram: string; facebook: string; whatsapp: string; website: string; }, { titulo: string; ... 8 more ...; website: string; }> | Promise<...>'.
          Type 'ResolverSuccess<TFieldValues>' is not assignable to type 'ResolverResult<{ titulo: string; subtitulo: string; biografia: string; cor_principal: string; telefone: string; email: string; instagram: string; facebook: string; whatsapp: string; website: string; }, { titulo: string; ... 8 more ...; website: string; }> | Promise<...>'.
            Type 'ResolverSuccess<TFieldValues>' is not assignable to type 'ResolverSuccess<{ titulo: string; subtitulo: string; biografia: string; cor_principal: string; telefone: string; email: string; instagram: string; facebook: string; whatsapp: string; website: string; }>'.
              Type 'TFieldValues' is not assignable to type '{ titulo: string; subtitulo: string; biografia: string; cor_principal: string; telefone: string; email: string; instagram: string; facebook: string; whatsapp: string; website: string; }'.
                Type 'FieldValues' is missing the following properties from type '{ titulo: string; subtitulo: string; biografia: string; cor_principal: string; telefone: string; email: string; instagram: string; facebook: string; whatsapp: string; website: string; }': titulo, subtitulo, biografia, cor_principal, and 6 more.
src/app/(app)/configuracoes/site/site-management-client.tsx(397,23): error TS2322: Type 'Control<{ titulo: string; subtitulo: string; biografia: string; cor_principal: string; telefone: string; email: string; instagram: string; facebook: string; whatsapp: string; website: string; }, any, TFieldValues>' is not assignable to type 'Control<{ titulo: string; subtitulo: string; biografia: string; cor_principal: string; telefone: string; email: string; instagram: string; facebook: string; whatsapp: string; website: string; }, any, { ...; }>'.
  The types of '_options.resolver' are incompatible between these types.
    Type 'Resolver<{ titulo: string; subtitulo: string; biografia: string; cor_principal: string; telefone: string; email: string; instagram: string; facebook: string; whatsapp: string; website: string; }, any, TFieldValues> | undefined' is not assignable to type 'Resolver<{ titulo: string; subtitulo: string; biografia: string; cor_principal: string; telefone: string; email: string; instagram: string; facebook: string; whatsapp: string; website: string; }, any, { ...; }> | undefined'.
      Type 'Resolver<{ titulo: string; subtitulo: string; biografia: string; cor_principal: string; telefone: string; email: string; instagram: string; facebook: string; whatsapp: string; website: string; }, any, TFieldValues>' is not assignable to type 'Resolver<{ titulo: string; subtitulo: string; biografia: string; cor_principal: string; telefone: string; email: string; instagram: string; facebook: string; whatsapp: string; website: string; }, any, { ...; }>'.
        Type 'ResolverResult<{ titulo: string; subtitulo: string; biografia: string; cor_principal: string; telefone: string; email: string; instagram: string; facebook: string; whatsapp: string; website: string; }, TFieldValues> | Promise<...>' is not assignable to type 'ResolverResult<{ titulo: string; subtitulo: string; biografia: string; cor_principal: string; telefone: string; email: string; instagram: string; facebook: string; whatsapp: string; website: string; }, { titulo: string; ... 8 more ...; website: string; }> | Promise<...>'.
          Type 'ResolverSuccess<TFieldValues>' is not assignable to type 'ResolverResult<{ titulo: string; subtitulo: string; biografia: string; cor_principal: string; telefone: string; email: string; instagram: string; facebook: string; whatsapp: string; website: string; }, { titulo: string; ... 8 more ...; website: string; }> | Promise<...>'.
            Type 'ResolverSuccess<TFieldValues>' is not assignable to type 'ResolverSuccess<{ titulo: string; subtitulo: string; biografia: string; cor_principal: string; telefone: string; email: string; instagram: string; facebook: string; whatsapp: string; website: string; }>'.
              Type 'TFieldValues' is not assignable to type '{ titulo: string; subtitulo: string; biografia: string; cor_principal: string; telefone: string; email: string; instagram: string; facebook: string; whatsapp: string; website: string; }'.
                Type 'FieldValues' is missing the following properties from type '{ titulo: string; subtitulo: string; biografia: string; cor_principal: string; telefone: string; email: string; instagram: string; facebook: string; whatsapp: string; website: string; }': titulo, subtitulo, biografia, cor_principal, and 6 more.
src/app/(app)/configuracoes/site/site-management-client.tsx(411,23): error TS2322: Type 'Control<{ titulo: string; subtitulo: string; biografia: string; cor_principal: string; telefone: string; email: string; instagram: string; facebook: string; whatsapp: string; website: string; }, any, TFieldValues>' is not assignable to type 'Control<{ titulo: string; subtitulo: string; biografia: string; cor_principal: string; telefone: string; email: string; instagram: string; facebook: string; whatsapp: string; website: string; }, any, { ...; }>'.
  The types of '_options.resolver' are incompatible between these types.
    Type 'Resolver<{ titulo: string; subtitulo: string; biografia: string; cor_principal: string; telefone: string; email: string; instagram: string; facebook: string; whatsapp: string; website: string; }, any, TFieldValues> | undefined' is not assignable to type 'Resolver<{ titulo: string; subtitulo: string; biografia: string; cor_principal: string; telefone: string; email: string; instagram: string; facebook: string; whatsapp: string; website: string; }, any, { ...; }> | undefined'.
      Type 'Resolver<{ titulo: string; subtitulo: string; biografia: string; cor_principal: string; telefone: string; email: string; instagram: string; facebook: string; whatsapp: string; website: string; }, any, TFieldValues>' is not assignable to type 'Resolver<{ titulo: string; subtitulo: string; biografia: string; cor_principal: string; telefone: string; email: string; instagram: string; facebook: string; whatsapp: string; website: string; }, any, { ...; }>'.
        Type 'ResolverResult<{ titulo: string; subtitulo: string; biografia: string; cor_principal: string; telefone: string; email: string; instagram: string; facebook: string; whatsapp: string; website: string; }, TFieldValues> | Promise<...>' is not assignable to type 'ResolverResult<{ titulo: string; subtitulo: string; biografia: string; cor_principal: string; telefone: string; email: string; instagram: string; facebook: string; whatsapp: string; website: string; }, { titulo: string; ... 8 more ...; website: string; }> | Promise<...>'.
          Type 'ResolverSuccess<TFieldValues>' is not assignable to type 'ResolverResult<{ titulo: string; subtitulo: string; biografia: string; cor_principal: string; telefone: string; email: string; instagram: string; facebook: string; whatsapp: string; website: string; }, { titulo: string; ... 8 more ...; website: string; }> | Promise<...>'.
            Type 'ResolverSuccess<TFieldValues>' is not assignable to type 'ResolverSuccess<{ titulo: string; subtitulo: string; biografia: string; cor_principal: string; telefone: string; email: string; instagram: string; facebook: string; whatsapp: string; website: string; }>'.
              Type 'TFieldValues' is not assignable to type '{ titulo: string; subtitulo: string; biografia: string; cor_principal: string; telefone: string; email: string; instagram: string; facebook: string; whatsapp: string; website: string; }'.
                Type 'FieldValues' is missing the following properties from type '{ titulo: string; subtitulo: string; biografia: string; cor_principal: string; telefone: string; email: string; instagram: string; facebook: string; whatsapp: string; website: string; }': titulo, subtitulo, biografia, cor_principal, and 6 more.
src/app/(app)/configuracoes/site/site-management-client.tsx(425,23): error TS2322: Type 'Control<{ titulo: string; subtitulo: string; biografia: string; cor_principal: string; telefone: string; email: string; instagram: string; facebook: string; whatsapp: string; website: string; }, any, TFieldValues>' is not assignable to type 'Control<{ titulo: string; subtitulo: string; biografia: string; cor_principal: string; telefone: string; email: string; instagram: string; facebook: string; whatsapp: string; website: string; }, any, { ...; }>'.
  The types of '_options.resolver' are incompatible between these types.
    Type 'Resolver<{ titulo: string; subtitulo: string; biografia: string; cor_principal: string; telefone: string; email: string; instagram: string; facebook: string; whatsapp: string; website: string; }, any, TFieldValues> | undefined' is not assignable to type 'Resolver<{ titulo: string; subtitulo: string; biografia: string; cor_principal: string; telefone: string; email: string; instagram: string; facebook: string; whatsapp: string; website: string; }, any, { ...; }> | undefined'.
      Type 'Resolver<{ titulo: string; subtitulo: string; biografia: string; cor_principal: string; telefone: string; email: string; instagram: string; facebook: string; whatsapp: string; website: string; }, any, TFieldValues>' is not assignable to type 'Resolver<{ titulo: string; subtitulo: string; biografia: string; cor_principal: string; telefone: string; email: string; instagram: string; facebook: string; whatsapp: string; website: string; }, any, { ...; }>'.
        Type 'ResolverResult<{ titulo: string; subtitulo: string; biografia: string; cor_principal: string; telefone: string; email: string; instagram: string; facebook: string; whatsapp: string; website: string; }, TFieldValues> | Promise<...>' is not assignable to type 'ResolverResult<{ titulo: string; subtitulo: string; biografia: string; cor_principal: string; telefone: string; email: string; instagram: string; facebook: string; whatsapp: string; website: string; }, { titulo: string; ... 8 more ...; website: string; }> | Promise<...>'.
          Type 'ResolverSuccess<TFieldValues>' is not assignable to type 'ResolverResult<{ titulo: string; subtitulo: string; biografia: string; cor_principal: string; telefone: string; email: string; instagram: string; facebook: string; whatsapp: string; website: string; }, { titulo: string; ... 8 more ...; website: string; }> | Promise<...>'.
            Type 'ResolverSuccess<TFieldValues>' is not assignable to type 'ResolverSuccess<{ titulo: string; subtitulo: string; biografia: string; cor_principal: string; telefone: string; email: string; instagram: string; facebook: string; whatsapp: string; website: string; }>'.
              Type 'TFieldValues' is not assignable to type '{ titulo: string; subtitulo: string; biografia: string; cor_principal: string; telefone: string; email: string; instagram: string; facebook: string; whatsapp: string; website: string; }'.
                Type 'FieldValues' is missing the following properties from type '{ titulo: string; subtitulo: string; biografia: string; cor_principal: string; telefone: string; email: string; instagram: string; facebook: string; whatsapp: string; website: string; }': titulo, subtitulo, biografia, cor_principal, and 6 more.
src/app/(app)/configuracoes/site/site-management-client.tsx(446,26): error TS2322: Type '{ className: string; }' is not assignable to type 'Omit<LucideProps, "ref">'.
  Types of property 'in' are incompatible.
    Type '(index?: number | undefined) => { readonly _to: { node: string; input: number; }; }' is not assignable to type 'string'.
src/app/(app)/configuracoes/site/site-management-client.tsx(471,16): error TS2322: Type '{ className: string; }' is not assignable to type 'Omit<LucideProps, "ref">'.
  Types of property 'in' are incompatible.
    Type '(index?: number | undefined) => { readonly _to: { node: string; input: number; }; }' is not assignable to type 'string'.
src/app/(app)/configuracoes/site/site-management-client.tsx(515,32): error TS2322: Type '{ className: string; }' is not assignable to type 'Omit<LucideProps, "ref">'.
  Types of property 'in' are incompatible.
    Type '(index?: number | undefined) => { readonly _to: { node: string; input: number; }; }' is not assignable to type 'string'.
src/app/(app)/configuracoes/site/site-management-client.tsx(523,32): error TS2322: Type '{ className: string; }' is not assignable to type 'Omit<LucideProps, "ref">'.
  Types of property 'in' are incompatible.
    Type '(index?: number | undefined) => { readonly _to: { node: string; input: number; }; }' is not assignable to type 'string'.
src/app/(app)/configuracoes/site/site-management-client.tsx(552,51): error TS2345: Argument of type '(values: { titulo: string; descricao: string; link: string; imagem: string; status: "draft" | "published" | "archived"; ordem?: number | undefined; }) => Promise<void>' is not assignable to parameter of type 'SubmitHandler<TFieldValues>'.
  Types of parameters 'values' and 'data' are incompatible.
    Type 'TFieldValues' is not assignable to type '{ titulo: string; descricao: string; link: string; imagem: string; status: "draft" | "published" | "archived"; ordem?: number | undefined; }'.
      Type 'FieldValues' is missing the following properties from type '{ titulo: string; descricao: string; link: string; imagem: string; status: "draft" | "published" | "archived"; ordem?: number | undefined; }': titulo, descricao, link, imagem, status
src/app/(app)/configuracoes/site/site-management-client.tsx(555,17): error TS2322: Type 'Control<{ titulo: string; descricao: string; link: string; imagem: string; status: "draft" | "published" | "archived"; ordem?: number | undefined; }, any, TFieldValues>' is not assignable to type 'Control<{ titulo: string; descricao: string; link: string; imagem: string; status: "draft" | "published" | "archived"; ordem?: number | undefined; }, any, { titulo: string; descricao: string; link: string; imagem: string; status: "draft" | ... 1 more ... | "archived"; ordem?: number | undefined; }>'.
  The types of '_options.resolver' are incompatible between these types.
    Type 'Resolver<{ titulo: string; descricao: string; link: string; imagem: string; status: "draft" | "published" | "archived"; ordem?: number | undefined; }, any, TFieldValues> | undefined' is not assignable to type 'Resolver<{ titulo: string; descricao: string; link: string; imagem: string; status: "draft" | "published" | "archived"; ordem?: number | undefined; }, any, { titulo: string; descricao: string; link: string; imagem: string; status: "draft" | ... 1 more ... | "archived"; ordem?: number | undefined; }> | undefined'.
      Type 'Resolver<{ titulo: string; descricao: string; link: string; imagem: string; status: "draft" | "published" | "archived"; ordem?: number | undefined; }, any, TFieldValues>' is not assignable to type 'Resolver<{ titulo: string; descricao: string; link: string; imagem: string; status: "draft" | "published" | "archived"; ordem?: number | undefined; }, any, { titulo: string; descricao: string; link: string; imagem: string; status: "draft" | ... 1 more ... | "archived"; ordem?: number | undefined; }>'.
        Type 'ResolverResult<{ titulo: string; descricao: string; link: string; imagem: string; status: "draft" | "published" | "archived"; ordem?: number | undefined; }, TFieldValues> | Promise<...>' is not assignable to type 'ResolverResult<{ titulo: string; descricao: string; link: string; imagem: string; status: "draft" | "published" | "archived"; ordem?: number | undefined; }, { titulo: string; descricao: string; link: string; imagem: string; status: "draft" | ... 1 more ... | "archived"; ordem?: number | undefined; }> | Promise<...>'.
          Type 'ResolverSuccess<TFieldValues>' is not assignable to type 'ResolverResult<{ titulo: string; descricao: string; link: string; imagem: string; status: "draft" | "published" | "archived"; ordem?: number | undefined; }, { titulo: string; descricao: string; link: string; imagem: string; status: "draft" | ... 1 more ... | "archived"; ordem?: number | undefined; }> | Promise<...>'.
            Type 'ResolverSuccess<TFieldValues>' is not assignable to type 'ResolverSuccess<{ titulo: string; descricao: string; link: string; imagem: string; status: "draft" | "published" | "archived"; ordem?: number | undefined; }>'.
              Type 'TFieldValues' is not assignable to type '{ titulo: string; descricao: string; link: string; imagem: string; status: "draft" | "published" | "archived"; ordem?: number | undefined; }'.
                Type 'FieldValues' is missing the following properties from type '{ titulo: string; descricao: string; link: string; imagem: string; status: "draft" | "published" | "archived"; ordem?: number | undefined; }': titulo, descricao, link, imagem, status
src/app/(app)/configuracoes/site/site-management-client.tsx(569,17): error TS2322: Type 'Control<{ titulo: string; descricao: string; link: string; imagem: string; status: "draft" | "published" | "archived"; ordem?: number | undefined; }, any, TFieldValues>' is not assignable to type 'Control<{ titulo: string; descricao: string; link: string; imagem: string; status: "draft" | "published" | "archived"; ordem?: number | undefined; }, any, { titulo: string; descricao: string; link: string; imagem: string; status: "draft" | ... 1 more ... | "archived"; ordem?: number | undefined; }>'.
  The types of '_options.resolver' are incompatible between these types.
    Type 'Resolver<{ titulo: string; descricao: string; link: string; imagem: string; status: "draft" | "published" | "archived"; ordem?: number | undefined; }, any, TFieldValues> | undefined' is not assignable to type 'Resolver<{ titulo: string; descricao: string; link: string; imagem: string; status: "draft" | "published" | "archived"; ordem?: number | undefined; }, any, { titulo: string; descricao: string; link: string; imagem: string; status: "draft" | ... 1 more ... | "archived"; ordem?: number | undefined; }> | undefined'.
      Type 'Resolver<{ titulo: string; descricao: string; link: string; imagem: string; status: "draft" | "published" | "archived"; ordem?: number | undefined; }, any, TFieldValues>' is not assignable to type 'Resolver<{ titulo: string; descricao: string; link: string; imagem: string; status: "draft" | "published" | "archived"; ordem?: number | undefined; }, any, { titulo: string; descricao: string; link: string; imagem: string; status: "draft" | ... 1 more ... | "archived"; ordem?: number | undefined; }>'.
        Type 'ResolverResult<{ titulo: string; descricao: string; link: string; imagem: string; status: "draft" | "published" | "archived"; ordem?: number | undefined; }, TFieldValues> | Promise<...>' is not assignable to type 'ResolverResult<{ titulo: string; descricao: string; link: string; imagem: string; status: "draft" | "published" | "archived"; ordem?: number | undefined; }, { titulo: string; descricao: string; link: string; imagem: string; status: "draft" | ... 1 more ... | "archived"; ordem?: number | undefined; }> | Promise<...>'.
          Type 'ResolverSuccess<TFieldValues>' is not assignable to type 'ResolverResult<{ titulo: string; descricao: string; link: string; imagem: string; status: "draft" | "published" | "archived"; ordem?: number | undefined; }, { titulo: string; descricao: string; link: string; imagem: string; status: "draft" | ... 1 more ... | "archived"; ordem?: number | undefined; }> | Promise<...>'.
            Type 'ResolverSuccess<TFieldValues>' is not assignable to type 'ResolverSuccess<{ titulo: string; descricao: string; link: string; imagem: string; status: "draft" | "published" | "archived"; ordem?: number | undefined; }>'.
              Type 'TFieldValues' is not assignable to type '{ titulo: string; descricao: string; link: string; imagem: string; status: "draft" | "published" | "archived"; ordem?: number | undefined; }'.
                Type 'FieldValues' is missing the following properties from type '{ titulo: string; descricao: string; link: string; imagem: string; status: "draft" | "published" | "archived"; ordem?: number | undefined; }': titulo, descricao, link, imagem, status
src/app/(app)/configuracoes/site/site-management-client.tsx(584,19): error TS2322: Type 'Control<{ titulo: string; descricao: string; link: string; imagem: string; status: "draft" | "published" | "archived"; ordem?: number | undefined; }, any, TFieldValues>' is not assignable to type 'Control<{ titulo: string; descricao: string; link: string; imagem: string; status: "draft" | "published" | "archived"; ordem?: number | undefined; }, any, { titulo: string; descricao: string; link: string; imagem: string; status: "draft" | ... 1 more ... | "archived"; ordem?: number | undefined; }>'.
  The types of '_options.resolver' are incompatible between these types.
    Type 'Resolver<{ titulo: string; descricao: string; link: string; imagem: string; status: "draft" | "published" | "archived"; ordem?: number | undefined; }, any, TFieldValues> | undefined' is not assignable to type 'Resolver<{ titulo: string; descricao: string; link: string; imagem: string; status: "draft" | "published" | "archived"; ordem?: number | undefined; }, any, { titulo: string; descricao: string; link: string; imagem: string; status: "draft" | ... 1 more ... | "archived"; ordem?: number | undefined; }> | undefined'.
      Type 'Resolver<{ titulo: string; descricao: string; link: string; imagem: string; status: "draft" | "published" | "archived"; ordem?: number | undefined; }, any, TFieldValues>' is not assignable to type 'Resolver<{ titulo: string; descricao: string; link: string; imagem: string; status: "draft" | "published" | "archived"; ordem?: number | undefined; }, any, { titulo: string; descricao: string; link: string; imagem: string; status: "draft" | ... 1 more ... | "archived"; ordem?: number | undefined; }>'.
        Type 'ResolverResult<{ titulo: string; descricao: string; link: string; imagem: string; status: "draft" | "published" | "archived"; ordem?: number | undefined; }, TFieldValues> | Promise<...>' is not assignable to type 'ResolverResult<{ titulo: string; descricao: string; link: string; imagem: string; status: "draft" | "published" | "archived"; ordem?: number | undefined; }, { titulo: string; descricao: string; link: string; imagem: string; status: "draft" | ... 1 more ... | "archived"; ordem?: number | undefined; }> | Promise<...>'.
          Type 'ResolverSuccess<TFieldValues>' is not assignable to type 'ResolverResult<{ titulo: string; descricao: string; link: string; imagem: string; status: "draft" | "published" | "archived"; ordem?: number | undefined; }, { titulo: string; descricao: string; link: string; imagem: string; status: "draft" | ... 1 more ... | "archived"; ordem?: number | undefined; }> | Promise<...>'.
            Type 'ResolverSuccess<TFieldValues>' is not assignable to type 'ResolverSuccess<{ titulo: string; descricao: string; link: string; imagem: string; status: "draft" | "published" | "archived"; ordem?: number | undefined; }>'.
              Type 'TFieldValues' is not assignable to type '{ titulo: string; descricao: string; link: string; imagem: string; status: "draft" | "published" | "archived"; ordem?: number | undefined; }'.
                Type 'FieldValues' is missing the following properties from type '{ titulo: string; descricao: string; link: string; imagem: string; status: "draft" | "published" | "archived"; ordem?: number | undefined; }': titulo, descricao, link, imagem, status
src/app/(app)/configuracoes/site/site-management-client.tsx(598,19): error TS2322: Type 'Control<{ titulo: string; descricao: string; link: string; imagem: string; status: "draft" | "published" | "archived"; ordem?: number | undefined; }, any, TFieldValues>' is not assignable to type 'Control<{ titulo: string; descricao: string; link: string; imagem: string; status: "draft" | "published" | "archived"; ordem?: number | undefined; }, any, { titulo: string; descricao: string; link: string; imagem: string; status: "draft" | ... 1 more ... | "archived"; ordem?: number | undefined; }>'.
  The types of '_options.resolver' are incompatible between these types.
    Type 'Resolver<{ titulo: string; descricao: string; link: string; imagem: string; status: "draft" | "published" | "archived"; ordem?: number | undefined; }, any, TFieldValues> | undefined' is not assignable to type 'Resolver<{ titulo: string; descricao: string; link: string; imagem: string; status: "draft" | "published" | "archived"; ordem?: number | undefined; }, any, { titulo: string; descricao: string; link: string; imagem: string; status: "draft" | ... 1 more ... | "archived"; ordem?: number | undefined; }> | undefined'.
      Type 'Resolver<{ titulo: string; descricao: string; link: string; imagem: string; status: "draft" | "published" | "archived"; ordem?: number | undefined; }, any, TFieldValues>' is not assignable to type 'Resolver<{ titulo: string; descricao: string; link: string; imagem: string; status: "draft" | "published" | "archived"; ordem?: number | undefined; }, any, { titulo: string; descricao: string; link: string; imagem: string; status: "draft" | ... 1 more ... | "archived"; ordem?: number | undefined; }>'.
        Type 'ResolverResult<{ titulo: string; descricao: string; link: string; imagem: string; status: "draft" | "published" | "archived"; ordem?: number | undefined; }, TFieldValues> | Promise<...>' is not assignable to type 'ResolverResult<{ titulo: string; descricao: string; link: string; imagem: string; status: "draft" | "published" | "archived"; ordem?: number | undefined; }, { titulo: string; descricao: string; link: string; imagem: string; status: "draft" | ... 1 more ... | "archived"; ordem?: number | undefined; }> | Promise<...>'.
          Type 'ResolverSuccess<TFieldValues>' is not assignable to type 'ResolverResult<{ titulo: string; descricao: string; link: string; imagem: string; status: "draft" | "published" | "archived"; ordem?: number | undefined; }, { titulo: string; descricao: string; link: string; imagem: string; status: "draft" | ... 1 more ... | "archived"; ordem?: number | undefined; }> | Promise<...>'.
            Type 'ResolverSuccess<TFieldValues>' is not assignable to type 'ResolverSuccess<{ titulo: string; descricao: string; link: string; imagem: string; status: "draft" | "published" | "archived"; ordem?: number | undefined; }>'.
              Type 'TFieldValues' is not assignable to type '{ titulo: string; descricao: string; link: string; imagem: string; status: "draft" | "published" | "archived"; ordem?: number | undefined; }'.
                Type 'FieldValues' is missing the following properties from type '{ titulo: string; descricao: string; link: string; imagem: string; status: "draft" | "published" | "archived"; ordem?: number | undefined; }': titulo, descricao, link, imagem, status
src/app/(app)/configuracoes/site/site-management-client.tsx(612,19): error TS2322: Type 'Control<{ titulo: string; descricao: string; link: string; imagem: string; status: "draft" | "published" | "archived"; ordem?: number | undefined; }, any, TFieldValues>' is not assignable to type 'Control<{ titulo: string; descricao: string; link: string; imagem: string; status: "draft" | "published" | "archived"; ordem?: number | undefined; }, any, { titulo: string; descricao: string; link: string; imagem: string; status: "draft" | ... 1 more ... | "archived"; ordem?: number | undefined; }>'.
  The types of '_options.resolver' are incompatible between these types.
    Type 'Resolver<{ titulo: string; descricao: string; link: string; imagem: string; status: "draft" | "published" | "archived"; ordem?: number | undefined; }, any, TFieldValues> | undefined' is not assignable to type 'Resolver<{ titulo: string; descricao: string; link: string; imagem: string; status: "draft" | "published" | "archived"; ordem?: number | undefined; }, any, { titulo: string; descricao: string; link: string; imagem: string; status: "draft" | ... 1 more ... | "archived"; ordem?: number | undefined; }> | undefined'.
      Type 'Resolver<{ titulo: string; descricao: string; link: string; imagem: string; status: "draft" | "published" | "archived"; ordem?: number | undefined; }, any, TFieldValues>' is not assignable to type 'Resolver<{ titulo: string; descricao: string; link: string; imagem: string; status: "draft" | "published" | "archived"; ordem?: number | undefined; }, any, { titulo: string; descricao: string; link: string; imagem: string; status: "draft" | ... 1 more ... | "archived"; ordem?: number | undefined; }>'.
        Type 'ResolverResult<{ titulo: string; descricao: string; link: string; imagem: string; status: "draft" | "published" | "archived"; ordem?: number | undefined; }, TFieldValues> | Promise<...>' is not assignable to type 'ResolverResult<{ titulo: string; descricao: string; link: string; imagem: string; status: "draft" | "published" | "archived"; ordem?: number | undefined; }, { titulo: string; descricao: string; link: string; imagem: string; status: "draft" | ... 1 more ... | "archived"; ordem?: number | undefined; }> | Promise<...>'.
          Type 'ResolverSuccess<TFieldValues>' is not assignable to type 'ResolverResult<{ titulo: string; descricao: string; link: string; imagem: string; status: "draft" | "published" | "archived"; ordem?: number | undefined; }, { titulo: string; descricao: string; link: string; imagem: string; status: "draft" | ... 1 more ... | "archived"; ordem?: number | undefined; }> | Promise<...>'.
            Type 'ResolverSuccess<TFieldValues>' is not assignable to type 'ResolverSuccess<{ titulo: string; descricao: string; link: string; imagem: string; status: "draft" | "published" | "archived"; ordem?: number | undefined; }>'.
              Type 'TFieldValues' is not assignable to type '{ titulo: string; descricao: string; link: string; imagem: string; status: "draft" | "published" | "archived"; ordem?: number | undefined; }'.
                Type 'FieldValues' is missing the following properties from type '{ titulo: string; descricao: string; link: string; imagem: string; status: "draft" | "published" | "archived"; ordem?: number | undefined; }': titulo, descricao, link, imagem, status
src/app/(app)/configuracoes/site/site-management-client.tsx(626,19): error TS2322: Type 'Control<{ titulo: string; descricao: string; link: string; imagem: string; status: "draft" | "published" | "archived"; ordem?: number | undefined; }, any, TFieldValues>' is not assignable to type 'Control<{ titulo: string; descricao: string; link: string; imagem: string; status: "draft" | "published" | "archived"; ordem?: number | undefined; }, any, { titulo: string; descricao: string; link: string; imagem: string; status: "draft" | ... 1 more ... | "archived"; ordem?: number | undefined; }>'.
  The types of '_options.resolver' are incompatible between these types.
    Type 'Resolver<{ titulo: string; descricao: string; link: string; imagem: string; status: "draft" | "published" | "archived"; ordem?: number | undefined; }, any, TFieldValues> | undefined' is not assignable to type 'Resolver<{ titulo: string; descricao: string; link: string; imagem: string; status: "draft" | "published" | "archived"; ordem?: number | undefined; }, any, { titulo: string; descricao: string; link: string; imagem: string; status: "draft" | ... 1 more ... | "archived"; ordem?: number | undefined; }> | undefined'.
      Type 'Resolver<{ titulo: string; descricao: string; link: string; imagem: string; status: "draft" | "published" | "archived"; ordem?: number | undefined; }, any, TFieldValues>' is not assignable to type 'Resolver<{ titulo: string; descricao: string; link: string; imagem: string; status: "draft" | "published" | "archived"; ordem?: number | undefined; }, any, { titulo: string; descricao: string; link: string; imagem: string; status: "draft" | ... 1 more ... | "archived"; ordem?: number | undefined; }>'.
        Type 'ResolverResult<{ titulo: string; descricao: string; link: string; imagem: string; status: "draft" | "published" | "archived"; ordem?: number | undefined; }, TFieldValues> | Promise<...>' is not assignable to type 'ResolverResult<{ titulo: string; descricao: string; link: string; imagem: string; status: "draft" | "published" | "archived"; ordem?: number | undefined; }, { titulo: string; descricao: string; link: string; imagem: string; status: "draft" | ... 1 more ... | "archived"; ordem?: number | undefined; }> | Promise<...>'.
          Type 'ResolverSuccess<TFieldValues>' is not assignable to type 'ResolverResult<{ titulo: string; descricao: string; link: string; imagem: string; status: "draft" | "published" | "archived"; ordem?: number | undefined; }, { titulo: string; descricao: string; link: string; imagem: string; status: "draft" | ... 1 more ... | "archived"; ordem?: number | undefined; }> | Promise<...>'.
            Type 'ResolverSuccess<TFieldValues>' is not assignable to type 'ResolverSuccess<{ titulo: string; descricao: string; link: string; imagem: string; status: "draft" | "published" | "archived"; ordem?: number | undefined; }>'.
              Type 'TFieldValues' is not assignable to type '{ titulo: string; descricao: string; link: string; imagem: string; status: "draft" | "published" | "archived"; ordem?: number | undefined; }'.
                Type 'FieldValues' is missing the following properties from type '{ titulo: string; descricao: string; link: string; imagem: string; status: "draft" | "published" | "archived"; ordem?: number | undefined; }': titulo, descricao, link, imagem, status
src/app/login/page.tsx(155,20): error TS2322: Type '{ className: string; }' is not assignable to type 'Omit<LucideProps, "ref">'.
  Types of property 'in' are incompatible.
    Type '(index?: number | undefined) => { readonly _to: { node: string; input: number; }; }' is not assignable to type 'string'.
src/components/escola/certificate-template.tsx(25,61): error TS2345: Argument of type '{ locale: Locale; }' is not assignable to parameter of type 'FormatOptions'.
  Types of property 'in' are incompatible.
    Type '(index?: number | undefined) => { readonly _to: { node: string; input: number; }; }' is not assignable to type 'ContextFn<Date>'.
      Types of parameters 'index' and 'value' are incompatible.
        Type 'string | number | Date' is not assignable to type 'number | undefined'.
          Type 'string' is not assignable to type 'number'.
src/components/escola/certificate-template.tsx(89,59): error TS2345: Argument of type '{ locale: Locale; }' is not assignable to parameter of type 'FormatOptions'.
  Types of property 'in' are incompatible.
    Type '(index?: number | undefined) => { readonly _to: { node: string; input: number; }; }' is not assignable to type 'ContextFn<Date>'.
      Types of parameters 'index' and 'value' are incompatible.
        Type 'string | number | Date' is not assignable to type 'number | undefined'.
          Type 'string' is not assignable to type 'number'.
src/components/layout/Header.tsx(56,20): error TS2322: Type '{ className: string; }' is not assignable to type 'Omit<LucideProps, "ref">'.
  Types of property 'in' are incompatible.
    Type '(index?: number | undefined) => { readonly _to: { node: string; input: number; }; }' is not assignable to type 'string'.
src/components/layout/Header.tsx(68,18): error TS2322: Type '{ className: string; }' is not assignable to type 'Omit<LucideProps, "ref">'.
  Types of property 'in' are incompatible.
    Type '(index?: number | undefined) => { readonly _to: { node: string; input: number; }; }' is not assignable to type 'string'.
src/components/layout/Sidebar.tsx(232,28): error TS2322: Type '{ className: string; }' is not assignable to type 'Omit<LucideProps, "ref">'.
  Types of property 'in' are incompatible.
    Type '(index?: number | undefined) => { readonly _to: { node: string; input: number; }; }' is not assignable to type 'string'.
src/components/layout/Sidebar.tsx(234,28): error TS2322: Type '{ className: string; }' is not assignable to type 'Omit<LucideProps, "ref">'.
  Types of property 'in' are incompatible.
    Type '(index?: number | undefined) => { readonly _to: { node: string; input: number; }; }' is not assignable to type 'string'.
src/components/layout/Sidebar.tsx(255,50): error TS2322: Type '{ className: string; }' is not assignable to type 'Omit<LucideProps, "ref">'.
  Types of property 'in' are incompatible.
    Type '(index?: number | undefined) => { readonly _to: { node: string; input: number; }; }' is not assignable to type 'string'.
src/components/layout/Sidebar.tsx(281,24): error TS2322: Type '{ className: string; }' is not assignable to type 'Omit<LucideProps, "ref">'.
  Types of property 'in' are incompatible.
    Type '(index?: number | undefined) => { readonly _to: { node: string; input: number; }; }' is not assignable to type 'string'.
src/components/layout/Sidebar.tsx(305,22): error TS2322: Type '{ className: string; }' is not assignable to type 'Omit<LucideProps, "ref">'.
  Types of property 'in' are incompatible.
    Type '(index?: number | undefined) => { readonly _to: { node: string; input: number; }; }' is not assignable to type 'string'.
src/components/layout/Sidebar.tsx(328,22): error TS2322: Type '{ className: string; }' is not assignable to type 'Omit<LucideProps, "ref">'.
  Types of property 'in' are incompatible.
    Type '(index?: number | undefined) => { readonly _to: { node: string; input: number; }; }' is not assignable to type 'string'.
src/components/layout/Sidebar.tsx(347,22): error TS2322: Type '{ className: string; }' is not assignable to type 'Omit<LucideProps, "ref">'.
  Types of property 'in' are incompatible.
    Type '(index?: number | undefined) => { readonly _to: { node: string; input: number; }; }' is not assignable to type 'string'.
src/components/layout/Sidebar.tsx(357,20): error TS2322: Type '{ className: string; }' is not assignable to type 'Omit<LucideProps, "ref">'.
  Types of property 'in' are incompatible.
    Type '(index?: number | undefined) => { readonly _to: { node: string; input: number; }; }' is not assignable to type 'string'.
src/components/shared/generic-crud-table.tsx(200,12): error TS2322: Type '{ className: string; }' is not assignable to type 'Omit<LucideProps, "ref">'.
  Types of property 'in' are incompatible.
    Type '(index?: number | undefined) => { readonly _to: { node: string; input: number; }; }' is not assignable to type 'string'.
src/components/shared/generic-crud-table.tsx(267,28): error TS2322: Type '{ className: string; }' is not assignable to type 'Omit<LucideProps, "ref">'.
  Types of property 'in' are incompatible.
    Type '(index?: number | undefined) => { readonly _to: { node: string; input: number; }; }' is not assignable to type 'string'.
src/components/shared/generic-crud-table.tsx(274,28): error TS2322: Type '{ className: string; }' is not assignable to type 'Omit<LucideProps, "ref">'.
  Types of property 'in' are incompatible.
    Type '(index?: number | undefined) => { readonly _to: { node: string; input: number; }; }' is not assignable to type 'string'.
src/components/shared/generic-crud-table.tsx(435,22): error TS2322: Type '{ className: string; }' is not assignable to type 'Omit<LucideProps, "ref">'.
  Types of property 'in' are incompatible.
    Type '(index?: number | undefined) => { readonly _to: { node: string; input: number; }; }' is not assignable to type 'string'.
src/components/ui/accordion.tsx(24,8): error TS2322: Type '{ className: string; }' is not assignable to type 'Omit<LucideProps, "ref">'.
  Types of property 'in' are incompatible.
    Type '(index?: number | undefined) => { readonly _to: { node: string; input: number; }; }' is not assignable to type 'string'.
src/components/ui/checkbox.tsx(24,8): error TS2322: Type '{ className: string; }' is not assignable to type 'Omit<LucideProps, "ref">'.
  Types of property 'in' are incompatible.
    Type '(index?: number | undefined) => { readonly _to: { node: string; input: number; }; }' is not assignable to type 'string'.
src/components/ui/combobox.tsx(113,16): error TS2322: Type '{ className: string; onClick: (e: MouseEvent<Element, MouseEvent>) => void; }' is not assignable to type 'Omit<LucideProps, "ref">'.
  Types of property 'in' are incompatible.
    Type '(index?: number | undefined) => { readonly _to: { node: string; input: number; }; }' is not assignable to type 'string'.
src/components/ui/combobox.tsx(118,14): error TS2322: Type '{ className: string; }' is not assignable to type 'Omit<LucideProps, "ref">'.
  Types of property 'in' are incompatible.
    Type '(index?: number | undefined) => { readonly _to: { node: string; input: number; }; }' is not assignable to type 'string'.
src/components/ui/combobox.tsx(158,24): error TS2322: Type '{ className: string; }' is not assignable to type 'Omit<LucideProps, "ref">'.
  Types of property 'in' are incompatible.
    Type '(index?: number | undefined) => { readonly _to: { node: string; input: number; }; }' is not assignable to type 'string'.
src/components/ui/dialog.tsx(48,10): error TS2322: Type '{ className: string; }' is not assignable to type 'Omit<LucideProps, "ref">'.
  Types of property 'in' are incompatible.
    Type '(index?: number | undefined) => { readonly _to: { node: string; input: number; }; }' is not assignable to type 'string'.
src/components/ui/dropdown-menu.tsx(37,6): error TS2322: Type '{ className: string; }' is not assignable to type 'Omit<LucideProps, "ref">'.
  Types of property 'in' are incompatible.
    Type '(index?: number | undefined) => { readonly _to: { node: string; input: number; }; }' is not assignable to type 'string'.
src/components/ui/dropdown-menu.tsx(111,10): error TS2322: Type '{ className: string; }' is not assignable to type 'Omit<LucideProps, "ref">'.
  Types of property 'in' are incompatible.
    Type '(index?: number | undefined) => { readonly _to: { node: string; input: number; }; }' is not assignable to type 'string'.
src/components/ui/dropdown-menu.tsx(134,10): error TS2322: Type '{ className: string; }' is not assignable to type 'Omit<LucideProps, "ref">'.
  Types of property 'in' are incompatible.
    Type '(index?: number | undefined) => { readonly _to: { node: string; input: number; }; }' is not assignable to type 'string'.
src/components/ui/info-tooltip.tsx(22,15): error TS2322: Type '{ className: string; }' is not assignable to type 'Omit<LucideProps, "ref">'.
  Types of property 'in' are incompatible.
    Type '(index?: number | undefined) => { readonly _to: { node: string; input: number; }; }' is not assignable to type 'string'.
src/components/ui/select.tsx(29,8): error TS2322: Type '{ className: string; }' is not assignable to type 'Omit<LucideProps, "ref">'.
  Types of property 'in' are incompatible.
    Type '(index?: number | undefined) => { readonly _to: { node: string; input: number; }; }' is not assignable to type 'string'.
src/components/ui/select.tsx(44,6): error TS2322: Type '{ className: string; }' is not assignable to type 'Omit<LucideProps, "ref">'.
  Types of property 'in' are incompatible.
    Type '(index?: number | undefined) => { readonly _to: { node: string; input: number; }; }' is not assignable to type 'string'.
src/components/ui/select.tsx(58,6): error TS2322: Type '{ className: string; }' is not assignable to type 'Omit<LucideProps, "ref">'.
  Types of property 'in' are incompatible.
    Type '(index?: number | undefined) => { readonly _to: { node: string; input: number; }; }' is not assignable to type 'string'.
src/components/ui/select.tsx(110,10): error TS2322: Type '{ className: string; }' is not assignable to type 'Omit<LucideProps, "ref">'.
  Types of property 'in' are incompatible.
    Type '(index?: number | undefined) => { readonly _to: { node: string; input: number; }; }' is not assignable to type 'string'.
src/components/ui/sheet.tsx(68,10): error TS2322: Type '{ className: string; }' is not assignable to type 'Omit<LucideProps, "ref">'.
  Types of property 'in' are incompatible.
    Type '(index?: number | undefined) => { readonly _to: { node: string; input: number; }; }' is not assignable to type 'string'.
src/components/ui/sidebar.tsx(291,8): error TS2322: Type '{}' is not assignable to type 'Omit<LucideProps, "ref">'.
  Types of property 'in' are incompatible.
    Type '(index?: number | undefined) => { readonly _to: { node: string; input: number; }; }' is not assignable to type 'string'.
tests/eventos.spec.ts(288,27): error TS2339: Property 'triple_click' does not exist on type 'Locator'.
workflows/Avalia├º├úo Google.workflow.ts(57,6): error TS1240: Unable to resolve signature of property decorator when called as an expression.
  Argument of type 'undefined' is not assignable to parameter of type 'Object'.
workflows/Avalia├º├úo Google.workflow.ts(71,6): error TS1240: Unable to resolve signature of property decorator when called as an expression.
  Argument of type 'undefined' is not assignable to parameter of type 'Object'.
workflows/Avalia├º├úo Google.workflow.ts(92,6): error TS1240: Unable to resolve signature of property decorator when called as an expression.
  Argument of type 'undefined' is not assignable to parameter of type 'Object'.
workflows/Avalia├º├úo Google.workflow.ts(103,6): error TS1240: Unable to resolve signature of property decorator when called as an expression.
  Argument of type 'undefined' is not assignable to parameter of type 'Object'.
workflows/Avalia├º├úo Google.workflow.ts(131,6): error TS1240: Unable to resolve signature of property decorator when called as an expression.
  Argument of type 'undefined' is not assignable to parameter of type 'Object'.
workflows/Avalia├º├úo Google.workflow.ts(143,6): error TS1240: Unable to resolve signature of property decorator when called as an expression.
  Argument of type 'undefined' is not assignable to parameter of type 'Object'.
workflows/Avalia├º├úo Google.workflow.ts(165,6): error TS1240: Unable to resolve signature of property decorator when called as an expression.
  Argument of type 'undefined' is not assignable to parameter of type 'Object'.
workflows/Avalia├º├úo Google.workflow.ts(186,6): error TS1240: Unable to resolve signature of property decorator when called as an expression.
  Argument of type 'undefined' is not assignable to parameter of type 'Object'.
workflows/Avalia├º├úo Google.workflow.ts(207,6): error TS1240: Unable to resolve signature of property decorator when called as an expression.
  Argument of type 'undefined' is not assignable to parameter of type 'Object'.
workflows/Avalia├º├úo Google.workflow.ts(231,5): error TS1241: Unable to resolve signature of method decorator when called as an expression.
  The runtime will invoke the decorator with 2 arguments, but the decorator expects 3.
workflows/Avalia├º├úo Google.workflow.ts(231,6): error TS1270: Decorator function return type 'void | TypedPropertyDescriptor<unknown>' is not assignable to type 'void | (() => void)'.
  Type 'TypedPropertyDescriptor<unknown>' is not assignable to type 'void | (() => void)'.
